<?xml version="1.0" encoding="ISO-8859-1" ?>
<link_info>
   <banner>TI ARM Linker PC v20.2.4.LTS</banner>
   <copyright>Copyright (c) 1996-2018 Texas Instruments Incorporated</copyright>
   <link_time>0x639b421b</link_time>
   <link_errors>0x0</link_errors>
   <output_file>FINAL2.out</output_file>
   <entry_point>
      <name>_c_int00_noargs</name>
      <address>0x12e3d</address>
   </entry_point>
   <input_file_list>
      <input_file id="fl-2">
         <path>.\</path>
         <kind>object</kind>
         <file>main.obj</file>
         <name>main.obj</name>
      </input_file>
      <input_file id="fl-3">
         <path>.\</path>
         <kind>object</kind>
         <file>sprites.obj</file>
         <name>sprites.obj</name>
      </input_file>
      <input_file id="fl-4">
         <path>.\</path>
         <kind>object</kind>
         <file>threads.obj</file>
         <name>threads.obj</name>
      </input_file>
      <input_file id="fl-5">
         <path>.\</path>
         <kind>object</kind>
         <file>tm4c123gh6pm_startup_ccs.obj</file>
         <name>tm4c123gh6pm_startup_ccs.obj</name>
      </input_file>
      <input_file id="fl-6">
         <path>.\BoardSupport\driverlib\</path>
         <kind>object</kind>
         <file>adc.obj</file>
         <name>adc.obj</name>
      </input_file>
      <input_file id="fl-7">
         <path>.\BoardSupport\driverlib\</path>
         <kind>object</kind>
         <file>aes.obj</file>
         <name>aes.obj</name>
      </input_file>
      <input_file id="fl-8">
         <path>.\BoardSupport\driverlib\</path>
         <kind>object</kind>
         <file>can.obj</file>
         <name>can.obj</name>
      </input_file>
      <input_file id="fl-9">
         <path>.\BoardSupport\driverlib\</path>
         <kind>object</kind>
         <file>comp.obj</file>
         <name>comp.obj</name>
      </input_file>
      <input_file id="fl-a">
         <path>.\BoardSupport\driverlib\</path>
         <kind>object</kind>
         <file>cpu.obj</file>
         <name>cpu.obj</name>
      </input_file>
      <input_file id="fl-b">
         <path>.\BoardSupport\driverlib\</path>
         <kind>object</kind>
         <file>crc.obj</file>
         <name>crc.obj</name>
      </input_file>
      <input_file id="fl-c">
         <path>.\BoardSupport\driverlib\</path>
         <kind>object</kind>
         <file>des.obj</file>
         <name>des.obj</name>
      </input_file>
      <input_file id="fl-d">
         <path>.\BoardSupport\driverlib\</path>
         <kind>object</kind>
         <file>eeprom.obj</file>
         <name>eeprom.obj</name>
      </input_file>
      <input_file id="fl-e">
         <path>.\BoardSupport\driverlib\</path>
         <kind>object</kind>
         <file>emac.obj</file>
         <name>emac.obj</name>
      </input_file>
      <input_file id="fl-f">
         <path>.\BoardSupport\driverlib\</path>
         <kind>object</kind>
         <file>epi.obj</file>
         <name>epi.obj</name>
      </input_file>
      <input_file id="fl-10">
         <path>.\BoardSupport\driverlib\</path>
         <kind>object</kind>
         <file>epi_workaround_ccs.obj</file>
         <name>epi_workaround_ccs.obj</name>
      </input_file>
      <input_file id="fl-11">
         <path>.\BoardSupport\driverlib\</path>
         <kind>object</kind>
         <file>flash.obj</file>
         <name>flash.obj</name>
      </input_file>
      <input_file id="fl-12">
         <path>.\BoardSupport\driverlib\</path>
         <kind>object</kind>
         <file>fpu.obj</file>
         <name>fpu.obj</name>
      </input_file>
      <input_file id="fl-13">
         <path>.\BoardSupport\driverlib\</path>
         <kind>object</kind>
         <file>gpio.obj</file>
         <name>gpio.obj</name>
      </input_file>
      <input_file id="fl-14">
         <path>.\BoardSupport\driverlib\</path>
         <kind>object</kind>
         <file>hibernate.obj</file>
         <name>hibernate.obj</name>
      </input_file>
      <input_file id="fl-15">
         <path>.\BoardSupport\driverlib\</path>
         <kind>object</kind>
         <file>i2c.obj</file>
         <name>i2c.obj</name>
      </input_file>
      <input_file id="fl-16">
         <path>.\BoardSupport\driverlib\</path>
         <kind>object</kind>
         <file>interrupt.obj</file>
         <name>interrupt.obj</name>
      </input_file>
      <input_file id="fl-17">
         <path>.\BoardSupport\driverlib\</path>
         <kind>object</kind>
         <file>lcd.obj</file>
         <name>lcd.obj</name>
      </input_file>
      <input_file id="fl-18">
         <path>.\BoardSupport\driverlib\</path>
         <kind>object</kind>
         <file>mpu.obj</file>
         <name>mpu.obj</name>
      </input_file>
      <input_file id="fl-19">
         <path>.\BoardSupport\driverlib\</path>
         <kind>object</kind>
         <file>onewire.obj</file>
         <name>onewire.obj</name>
      </input_file>
      <input_file id="fl-1a">
         <path>.\BoardSupport\driverlib\</path>
         <kind>object</kind>
         <file>pwm.obj</file>
         <name>pwm.obj</name>
      </input_file>
      <input_file id="fl-1b">
         <path>.\BoardSupport\driverlib\</path>
         <kind>object</kind>
         <file>qei.obj</file>
         <name>qei.obj</name>
      </input_file>
      <input_file id="fl-1c">
         <path>.\BoardSupport\driverlib\</path>
         <kind>object</kind>
         <file>shamd5.obj</file>
         <name>shamd5.obj</name>
      </input_file>
      <input_file id="fl-1d">
         <path>.\BoardSupport\driverlib\</path>
         <kind>object</kind>
         <file>ssi.obj</file>
         <name>ssi.obj</name>
      </input_file>
      <input_file id="fl-1e">
         <path>.\BoardSupport\driverlib\</path>
         <kind>object</kind>
         <file>sw_crc.obj</file>
         <name>sw_crc.obj</name>
      </input_file>
      <input_file id="fl-1f">
         <path>.\BoardSupport\driverlib\</path>
         <kind>object</kind>
         <file>sysctl.obj</file>
         <name>sysctl.obj</name>
      </input_file>
      <input_file id="fl-20">
         <path>.\BoardSupport\driverlib\</path>
         <kind>object</kind>
         <file>sysexc.obj</file>
         <name>sysexc.obj</name>
      </input_file>
      <input_file id="fl-21">
         <path>.\BoardSupport\driverlib\</path>
         <kind>object</kind>
         <file>systick.obj</file>
         <name>systick.obj</name>
      </input_file>
      <input_file id="fl-22">
         <path>.\BoardSupport\driverlib\</path>
         <kind>object</kind>
         <file>timer.obj</file>
         <name>timer.obj</name>
      </input_file>
      <input_file id="fl-23">
         <path>.\BoardSupport\driverlib\</path>
         <kind>object</kind>
         <file>uart.obj</file>
         <name>uart.obj</name>
      </input_file>
      <input_file id="fl-24">
         <path>.\BoardSupport\driverlib\</path>
         <kind>object</kind>
         <file>uartstdio.obj</file>
         <name>uartstdio.obj</name>
      </input_file>
      <input_file id="fl-25">
         <path>.\BoardSupport\driverlib\</path>
         <kind>object</kind>
         <file>udma.obj</file>
         <name>udma.obj</name>
      </input_file>
      <input_file id="fl-26">
         <path>.\BoardSupport\driverlib\</path>
         <kind>object</kind>
         <file>usb.obj</file>
         <name>usb.obj</name>
      </input_file>
      <input_file id="fl-27">
         <path>.\BoardSupport\driverlib\</path>
         <kind>object</kind>
         <file>watchdog.obj</file>
         <name>watchdog.obj</name>
      </input_file>
      <input_file id="fl-28">
         <path>.\BoardSupport\src\</path>
         <kind>object</kind>
         <file>AsciiLib.obj</file>
         <name>AsciiLib.obj</name>
      </input_file>
      <input_file id="fl-29">
         <path>.\BoardSupport\src\</path>
         <kind>object</kind>
         <file>BoardInitialization.obj</file>
         <name>BoardInitialization.obj</name>
      </input_file>
      <input_file id="fl-2a">
         <path>.\BoardSupport\src\</path>
         <kind>object</kind>
         <file>I2CDriver.obj</file>
         <name>I2CDriver.obj</name>
      </input_file>
      <input_file id="fl-2b">
         <path>.\BoardSupport\src\</path>
         <kind>object</kind>
         <file>ILI9341_Lib.obj</file>
         <name>ILI9341_Lib.obj</name>
      </input_file>
      <input_file id="fl-2c">
         <path>.\BoardSupport\src\</path>
         <kind>object</kind>
         <file>Joystick.obj</file>
         <name>Joystick.obj</name>
      </input_file>
      <input_file id="fl-2d">
         <path>.\BoardSupport\src\</path>
         <kind>object</kind>
         <file>RGBLedDriver.obj</file>
         <name>RGBLedDriver.obj</name>
      </input_file>
      <input_file id="fl-2e">
         <path>.\BoardSupport\src\</path>
         <kind>object</kind>
         <file>bme280.obj</file>
         <name>bme280.obj</name>
      </input_file>
      <input_file id="fl-2f">
         <path>.\BoardSupport\src\</path>
         <kind>object</kind>
         <file>bme280_support.obj</file>
         <name>bme280_support.obj</name>
      </input_file>
      <input_file id="fl-30">
         <path>.\BoardSupport\src\</path>
         <kind>object</kind>
         <file>bmi160.obj</file>
         <name>bmi160.obj</name>
      </input_file>
      <input_file id="fl-31">
         <path>.\BoardSupport\src\</path>
         <kind>object</kind>
         <file>bmi160_support.obj</file>
         <name>bmi160_support.obj</name>
      </input_file>
      <input_file id="fl-32">
         <path>.\BoardSupport\src\</path>
         <kind>object</kind>
         <file>demo_sysctl.obj</file>
         <name>demo_sysctl.obj</name>
      </input_file>
      <input_file id="fl-33">
         <path>.\BoardSupport\src\</path>
         <kind>object</kind>
         <file>opt3001.obj</file>
         <name>opt3001.obj</name>
      </input_file>
      <input_file id="fl-34">
         <path>.\BoardSupport\src\</path>
         <kind>object</kind>
         <file>tmp007.obj</file>
         <name>tmp007.obj</name>
      </input_file>
      <input_file id="fl-35">
         <path>.\G8RTOS_Lab4\</path>
         <kind>object</kind>
         <file>G8RTOS_CriticalSection.obj</file>
         <name>G8RTOS_CriticalSection.obj</name>
      </input_file>
      <input_file id="fl-36">
         <path>.\G8RTOS_Lab4\</path>
         <kind>object</kind>
         <file>G8RTOS_IPC.obj</file>
         <name>G8RTOS_IPC.obj</name>
      </input_file>
      <input_file id="fl-37">
         <path>.\G8RTOS_Lab4\</path>
         <kind>object</kind>
         <file>G8RTOS_Scheduler.obj</file>
         <name>G8RTOS_Scheduler.obj</name>
      </input_file>
      <input_file id="fl-38">
         <path>.\G8RTOS_Lab4\</path>
         <kind>object</kind>
         <file>G8RTOS_SchedulerASM.obj</file>
         <name>G8RTOS_SchedulerASM.obj</name>
      </input_file>
      <input_file id="fl-39">
         <path>.\G8RTOS_Lab4\</path>
         <kind>object</kind>
         <file>G8RTOS_Semaphores.obj</file>
         <name>G8RTOS_Semaphores.obj</name>
      </input_file>
      <input_file id="fl-3d">
         <kind>object</kind>
         <file>&lt;internal&gt;</file>
         <name>&lt;internal&gt;</name>
      </input_file>
      <input_file id="fl-f3">
         <path>C:\ti\ti-cgt-arm_20.2.4.LTS\lib\</path>
         <kind>archive</kind>
         <file>rtsv7M4_T_le_v4SPD16_eabi.lib</file>
         <name>sprintf.c.obj</name>
      </input_file>
      <input_file id="fl-f4">
         <path>C:\ti\ti-cgt-arm_20.2.4.LTS\lib\</path>
         <kind>archive</kind>
         <file>rtsv7M4_T_le_v4SPD16_eabi.lib</file>
         <name>e_log.c.obj</name>
      </input_file>
      <input_file id="fl-f5">
         <path>C:\ti\ti-cgt-arm_20.2.4.LTS\lib\</path>
         <kind>archive</kind>
         <file>rtsv7M4_T_le_v4SPD16_eabi.lib</file>
         <name>e_pow.c.obj</name>
      </input_file>
      <input_file id="fl-f6">
         <path>C:\ti\ti-cgt-arm_20.2.4.LTS\lib\</path>
         <kind>archive</kind>
         <file>rtsv7M4_T_le_v4SPD16_eabi.lib</file>
         <name>e_sqrt.c.obj</name>
      </input_file>
      <input_file id="fl-f7">
         <path>C:\ti\ti-cgt-arm_20.2.4.LTS\lib\</path>
         <kind>archive</kind>
         <file>rtsv7M4_T_le_v4SPD16_eabi.lib</file>
         <name>s_floor.c.obj</name>
      </input_file>
      <input_file id="fl-f8">
         <path>C:\ti\ti-cgt-arm_20.2.4.LTS\lib\</path>
         <kind>archive</kind>
         <file>rtsv7M4_T_le_v4SPD16_eabi.lib</file>
         <name>s_scalbn.c.obj</name>
      </input_file>
      <input_file id="fl-f9">
         <path>C:\ti\ti-cgt-arm_20.2.4.LTS\lib\</path>
         <kind>archive</kind>
         <file>rtsv7M4_T_le_v4SPD16_eabi.lib</file>
         <name>s_copysign.c.obj</name>
      </input_file>
      <input_file id="fl-fa">
         <path>C:\ti\ti-cgt-arm_20.2.4.LTS\lib\</path>
         <kind>archive</kind>
         <file>rtsv7M4_T_le_v4SPD16_eabi.lib</file>
         <name>ll_div_t2.asm.obj</name>
      </input_file>
      <input_file id="fl-fb">
         <path>C:\ti\ti-cgt-arm_20.2.4.LTS\lib\</path>
         <kind>archive</kind>
         <file>rtsv7M4_T_le_v4SPD16_eabi.lib</file>
         <name>ull_div_t2.asm.obj</name>
      </input_file>
      <input_file id="fl-fc">
         <path>C:\ti\ti-cgt-arm_20.2.4.LTS\lib\</path>
         <kind>archive</kind>
         <file>rtsv7M4_T_le_v4SPD16_eabi.lib</file>
         <name>u_divt2.asm.obj</name>
      </input_file>
      <input_file id="fl-fd">
         <path>C:\ti\ti-cgt-arm_20.2.4.LTS\lib\</path>
         <kind>archive</kind>
         <file>rtsv7M4_T_le_v4SPD16_eabi.lib</file>
         <name>memset_t2.asm.obj</name>
      </input_file>
      <input_file id="fl-fe">
         <path>C:\ti\ti-cgt-arm_20.2.4.LTS\lib\</path>
         <kind>archive</kind>
         <file>rtsv7M4_T_le_v4SPD16_eabi.lib</file>
         <name>fd_add_t2.asm.obj</name>
      </input_file>
      <input_file id="fl-ff">
         <path>C:\ti\ti-cgt-arm_20.2.4.LTS\lib\</path>
         <kind>archive</kind>
         <file>rtsv7M4_T_le_v4SPD16_eabi.lib</file>
         <name>fd_cmp_t2.asm.obj</name>
      </input_file>
      <input_file id="fl-100">
         <path>C:\ti\ti-cgt-arm_20.2.4.LTS\lib\</path>
         <kind>archive</kind>
         <file>rtsv7M4_T_le_v4SPD16_eabi.lib</file>
         <name>fd_div_t2.asm.obj</name>
      </input_file>
      <input_file id="fl-101">
         <path>C:\ti\ti-cgt-arm_20.2.4.LTS\lib\</path>
         <kind>archive</kind>
         <file>rtsv7M4_T_le_v4SPD16_eabi.lib</file>
         <name>fd_mul_t2.asm.obj</name>
      </input_file>
      <input_file id="fl-102">
         <path>C:\ti\ti-cgt-arm_20.2.4.LTS\lib\</path>
         <kind>archive</kind>
         <file>rtsv7M4_T_le_v4SPD16_eabi.lib</file>
         <name>fd_toi_t2.asm.obj</name>
      </input_file>
      <input_file id="fl-103">
         <path>C:\ti\ti-cgt-arm_20.2.4.LTS\lib\</path>
         <kind>archive</kind>
         <file>rtsv7M4_T_le_v4SPD16_eabi.lib</file>
         <name>i_tofd_t2.asm.obj</name>
      </input_file>
      <input_file id="fl-104">
         <path>C:\ti\ti-cgt-arm_20.2.4.LTS\lib\</path>
         <kind>archive</kind>
         <file>rtsv7M4_T_le_v4SPD16_eabi.lib</file>
         <name>ll_mul_t2.asm.obj</name>
      </input_file>
      <input_file id="fl-105">
         <path>C:\ti\ti-cgt-arm_20.2.4.LTS\lib\</path>
         <kind>archive</kind>
         <file>rtsv7M4_T_le_v4SPD16_eabi.lib</file>
         <name>memcpy_t2.asm.obj</name>
      </input_file>
      <input_file id="fl-106">
         <path>C:\ti\ti-cgt-arm_20.2.4.LTS\lib\</path>
         <kind>archive</kind>
         <file>rtsv7M4_T_le_v4SPD16_eabi.lib</file>
         <name>u_tofd_t2.asm.obj</name>
      </input_file>
      <input_file id="fl-107">
         <path>C:\ti\ti-cgt-arm_20.2.4.LTS\lib\</path>
         <kind>archive</kind>
         <file>rtsv7M4_T_le_v4SPD16_eabi.lib</file>
         <name>copy_zero_init.c.obj</name>
      </input_file>
      <input_file id="fl-108">
         <path>C:\ti\ti-cgt-arm_20.2.4.LTS\lib\</path>
         <kind>archive</kind>
         <file>rtsv7M4_T_le_v4SPD16_eabi.lib</file>
         <name>copy_decompress_none.c.obj</name>
      </input_file>
      <input_file id="fl-109">
         <path>C:\ti\ti-cgt-arm_20.2.4.LTS\lib\</path>
         <kind>archive</kind>
         <file>rtsv7M4_T_le_v4SPD16_eabi.lib</file>
         <name>copy_decompress_lzss.c.obj</name>
      </input_file>
      <input_file id="fl-10a">
         <path>C:\ti\ti-cgt-arm_20.2.4.LTS\lib\</path>
         <kind>archive</kind>
         <file>rtsv7M4_T_le_v4SPD16_eabi.lib</file>
         <name>rand.c.obj</name>
      </input_file>
      <input_file id="fl-10b">
         <path>C:\ti\ti-cgt-arm_20.2.4.LTS\lib\</path>
         <kind>archive</kind>
         <file>rtsv7M4_T_le_v4SPD16_eabi.lib</file>
         <name>strcpy.c.obj</name>
      </input_file>
      <input_file id="fl-10c">
         <path>C:\ti\ti-cgt-arm_20.2.4.LTS\lib\</path>
         <kind>archive</kind>
         <file>rtsv7M4_T_le_v4SPD16_eabi.lib</file>
         <name>errno.c.obj</name>
      </input_file>
      <input_file id="fl-10d">
         <path>C:\ti\ti-cgt-arm_20.2.4.LTS\lib\</path>
         <kind>archive</kind>
         <file>rtsv7M4_T_le_v4SPD16_eabi.lib</file>
         <name>boot_cortex_m.c.obj</name>
      </input_file>
      <input_file id="fl-10e">
         <path>C:\ti\ti-cgt-arm_20.2.4.LTS\lib\</path>
         <kind>archive</kind>
         <file>rtsv7M4_T_le_v4SPD16_eabi.lib</file>
         <name>_printfi.c.obj</name>
      </input_file>
      <input_file id="fl-10f">
         <path>C:\ti\ti-cgt-arm_20.2.4.LTS\lib\</path>
         <kind>archive</kind>
         <file>rtsv7M4_T_le_v4SPD16_eabi.lib</file>
         <name>s_frexp.c.obj</name>
      </input_file>
      <input_file id="fl-110">
         <path>C:\ti\ti-cgt-arm_20.2.4.LTS\lib\</path>
         <kind>archive</kind>
         <file>rtsv7M4_T_le_v4SPD16_eabi.lib</file>
         <name>div0.asm.obj</name>
      </input_file>
      <input_file id="fl-111">
         <path>C:\ti\ti-cgt-arm_20.2.4.LTS\lib\</path>
         <kind>archive</kind>
         <file>rtsv7M4_T_le_v4SPD16_eabi.lib</file>
         <name>autoinit.c.obj</name>
      </input_file>
      <input_file id="fl-112">
         <path>C:\ti\ti-cgt-arm_20.2.4.LTS\lib\</path>
         <kind>archive</kind>
         <file>rtsv7M4_T_le_v4SPD16_eabi.lib</file>
         <name>pre_init.c.obj</name>
      </input_file>
      <input_file id="fl-113">
         <path>C:\ti\ti-cgt-arm_20.2.4.LTS\lib\</path>
         <kind>archive</kind>
         <file>rtsv7M4_T_le_v4SPD16_eabi.lib</file>
         <name>cpy_tbl.c.obj</name>
      </input_file>
      <input_file id="fl-114">
         <path>C:\ti\ti-cgt-arm_20.2.4.LTS\lib\</path>
         <kind>archive</kind>
         <file>rtsv7M4_T_le_v4SPD16_eabi.lib</file>
         <name>exit.c.obj</name>
      </input_file>
      <input_file id="fl-115">
         <path>C:\ti\ti-cgt-arm_20.2.4.LTS\lib\</path>
         <kind>archive</kind>
         <file>rtsv7M4_T_le_v4SPD16_eabi.lib</file>
         <name>_lock.c.obj</name>
      </input_file>
      <input_file id="fl-116">
         <path>C:\ti\ti-cgt-arm_20.2.4.LTS\lib\</path>
         <kind>archive</kind>
         <file>rtsv7M4_T_le_v4SPD16_eabi.lib</file>
         <name>_ltoa.c.obj</name>
      </input_file>
      <input_file id="fl-117">
         <path>C:\ti\ti-cgt-arm_20.2.4.LTS\lib\</path>
         <kind>archive</kind>
         <file>rtsv7M4_T_le_v4SPD16_eabi.lib</file>
         <name>args_main.c.obj</name>
      </input_file>
      <input_file id="fl-118">
         <path>C:\ti\ti-cgt-arm_20.2.4.LTS\lib\</path>
         <kind>archive</kind>
         <file>rtsv7M4_T_le_v4SPD16_eabi.lib</file>
         <name>atoi.c.obj</name>
      </input_file>
      <input_file id="fl-119">
         <path>C:\ti\ti-cgt-arm_20.2.4.LTS\lib\</path>
         <kind>archive</kind>
         <file>rtsv7M4_T_le_v4SPD16_eabi.lib</file>
         <name>ctype.c.obj</name>
      </input_file>
      <input_file id="fl-11a">
         <path>C:\ti\ti-cgt-arm_20.2.4.LTS\lib\</path>
         <kind>archive</kind>
         <file>rtsv7M4_T_le_v4SPD16_eabi.lib</file>
         <name>memccpy.c.obj</name>
      </input_file>
      <input_file id="fl-11b">
         <path>C:\ti\ti-cgt-arm_20.2.4.LTS\lib\</path>
         <kind>archive</kind>
         <file>rtsv7M4_T_le_v4SPD16_eabi.lib</file>
         <name>strchr.c.obj</name>
      </input_file>
      <input_file id="fl-11c">
         <path>C:\ti\ti-cgt-arm_20.2.4.LTS\lib\</path>
         <kind>archive</kind>
         <file>rtsv7M4_T_le_v4SPD16_eabi.lib</file>
         <name>strlen.c.obj</name>
      </input_file>
      <input_file id="fl-11d">
         <path>C:\ti\ti-cgt-arm_20.2.4.LTS\lib\</path>
         <kind>archive</kind>
         <file>rtsv7M4_T_le_v4SPD16_eabi.lib</file>
         <name>wcslen.c.obj</name>
      </input_file>
   </input_file_list>
   <object_component_list>
      <object_component id="oc-12">
         <name>.intvecs</name>
         <load_address>0x0</load_address>
         <run_address>0x0</run_address>
         <size>0x26c</size>
         <input_file_ref idref="fl-5"/>
      </object_component>
      <object_component id="oc-8d">
         <name>.text</name>
         <load_address>0xa1dc</load_address>
         <run_address>0xa1dc</run_address>
         <size>0xf80</size>
         <input_file_ref idref="fl-1f"/>
      </object_component>
      <object_component id="oc-250">
         <name>.text</name>
         <load_address>0xb15c</load_address>
         <run_address>0xb15c</run_address>
         <size>0xc14</size>
         <input_file_ref idref="fl-13"/>
      </object_component>
      <object_component id="oc-1b1">
         <name>.text</name>
         <load_address>0xbd70</load_address>
         <run_address>0xbd70</run_address>
         <size>0xa84</size>
         <input_file_ref idref="fl-4"/>
      </object_component>
      <object_component id="oc-360">
         <name>.text:__TI_printfi</name>
         <load_address>0xc7f4</load_address>
         <run_address>0xc7f4</run_address>
         <size>0xa4e</size>
         <input_file_ref idref="fl-10e"/>
      </object_component>
      <object_component id="oc-37c">
         <name>.text:_nop</name>
         <load_address>0xd242</load_address>
         <run_address>0xd242</run_address>
         <size>0x2</size>
         <input_file_ref idref="fl-115"/>
      </object_component>
      <object_component id="oc-198">
         <name>.text:pow</name>
         <load_address>0xd244</load_address>
         <run_address>0xd244</run_address>
         <size>0x9c0</size>
         <input_file_ref idref="fl-f5"/>
      </object_component>
      <object_component id="oc-30a">
         <name>.text</name>
         <load_address>0xdc04</load_address>
         <run_address>0xdc04</run_address>
         <size>0x840</size>
         <input_file_ref idref="fl-6"/>
      </object_component>
      <object_component id="oc-274">
         <name>.text</name>
         <load_address>0xe444</load_address>
         <run_address>0xe444</run_address>
         <size>0x74c</size>
         <input_file_ref idref="fl-2b"/>
      </object_component>
      <object_component id="oc-300">
         <name>.text</name>
         <load_address>0xeb90</load_address>
         <run_address>0xeb90</run_address>
         <size>0x6f8</size>
         <input_file_ref idref="fl-15"/>
      </object_component>
      <object_component id="oc-32">
         <name>.text</name>
         <load_address>0xf288</load_address>
         <run_address>0xf288</run_address>
         <size>0x644</size>
         <input_file_ref idref="fl-37"/>
      </object_component>
      <object_component id="oc-256">
         <name>.text</name>
         <load_address>0xf8cc</load_address>
         <run_address>0xf8cc</run_address>
         <size>0x62e</size>
         <input_file_ref idref="fl-23"/>
      </object_component>
      <object_component id="oc-3bd">
         <name>.text</name>
         <load_address>0xfefa</load_address>
         <run_address>0xfefa</run_address>
         <size>0x2</size>
         <input_file_ref idref="fl-110"/>
      </object_component>
      <object_component id="oc-25c">
         <name>.text</name>
         <load_address>0xfefc</load_address>
         <run_address>0xfefc</run_address>
         <size>0x4a8</size>
         <input_file_ref idref="fl-24"/>
      </object_component>
      <object_component id="oc-182">
         <name>.text:log</name>
         <load_address>0x103a4</load_address>
         <run_address>0x103a4</run_address>
         <size>0x3c4</size>
         <input_file_ref idref="fl-f4"/>
      </object_component>
      <object_component id="oc-93">
         <name>.text</name>
         <load_address>0x10768</load_address>
         <run_address>0x10768</run_address>
         <size>0x3c0</size>
         <input_file_ref idref="fl-16"/>
      </object_component>
      <object_component id="oc-316">
         <name>.text</name>
         <load_address>0x10b28</load_address>
         <run_address>0x10b28</run_address>
         <size>0x362</size>
         <input_file_ref idref="fl-1d"/>
      </object_component>
      <object_component id="oc-41a">
         <name>.text:_pconv_a</name>
         <load_address>0x10e8c</load_address>
         <run_address>0x10e8c</run_address>
         <size>0x270</size>
         <input_file_ref idref="fl-10e"/>
      </object_component>
      <object_component id="oc-408">
         <name>.text:_pconv_g</name>
         <load_address>0x110fc</load_address>
         <run_address>0x110fc</run_address>
         <size>0x1d0</size>
         <input_file_ref idref="fl-10e"/>
      </object_component>
      <object_component id="oc-262">
         <name>.text</name>
         <load_address>0x112cc</load_address>
         <run_address>0x112cc</run_address>
         <size>0x1bc</size>
         <input_file_ref idref="fl-2a"/>
      </object_component>
      <object_component id="oc-225">
         <name>.text</name>
         <load_address>0x11488</load_address>
         <run_address>0x11488</run_address>
         <size>0x1b6</size>
         <input_file_ref idref="fl-fe"/>
      </object_component>
      <object_component id="oc-27a">
         <name>.text</name>
         <load_address>0x11640</load_address>
         <run_address>0x11640</run_address>
         <size>0x18c</size>
         <input_file_ref idref="fl-3"/>
      </object_component>
      <object_component id="oc-1aa">
         <name>.text</name>
         <load_address>0x117cc</load_address>
         <run_address>0x117cc</run_address>
         <size>0x170</size>
         <input_file_ref idref="fl-36"/>
      </object_component>
      <object_component id="oc-23e">
         <name>.text:sqrt</name>
         <load_address>0x1193c</load_address>
         <run_address>0x1193c</run_address>
         <size>0x158</size>
         <input_file_ref idref="fl-f6"/>
      </object_component>
      <object_component id="oc-f1">
         <name>.text</name>
         <load_address>0x11a94</load_address>
         <run_address>0x11a94</run_address>
         <size>0x150</size>
         <input_file_ref idref="fl-2"/>
      </object_component>
      <object_component id="oc-414">
         <name>.text:_pconv_e</name>
         <load_address>0x11be4</load_address>
         <run_address>0x11be4</run_address>
         <size>0x13c</size>
         <input_file_ref idref="fl-10e"/>
      </object_component>
      <object_component id="oc-188">
         <name>.text</name>
         <load_address>0x11d20</load_address>
         <run_address>0x11d20</run_address>
         <size>0x136</size>
         <input_file_ref idref="fl-100"/>
      </object_component>
      <object_component id="oc-483">
         <name>.text:fcvt</name>
         <load_address>0x11e58</load_address>
         <run_address>0x11e58</run_address>
         <size>0x124</size>
         <input_file_ref idref="fl-10e"/>
      </object_component>
      <object_component id="oc-247">
         <name>.text:scalbn</name>
         <load_address>0x11f7c</load_address>
         <run_address>0x11f7c</run_address>
         <size>0x110</size>
         <input_file_ref idref="fl-f8"/>
      </object_component>
      <object_component id="oc-220">
         <name>.text</name>
         <load_address>0x1208c</load_address>
         <run_address>0x1208c</run_address>
         <size>0xfc</size>
         <input_file_ref idref="fl-101"/>
      </object_component>
      <object_component id="oc-18d">
         <name>.text:floor</name>
         <load_address>0x12188</load_address>
         <run_address>0x12188</run_address>
         <size>0xf8</size>
         <input_file_ref idref="fl-f7"/>
      </object_component>
      <object_component id="oc-268">
         <name>.text</name>
         <load_address>0x12280</load_address>
         <run_address>0x12280</run_address>
         <size>0xf0</size>
         <input_file_ref idref="fl-2c"/>
      </object_component>
      <object_component id="oc-402">
         <name>.text:_ltostr</name>
         <load_address>0x12370</load_address>
         <run_address>0x12370</run_address>
         <size>0xb1</size>
         <input_file_ref idref="fl-10e"/>
      </object_component>
      <object_component id="oc-1a4">
         <name>.text</name>
         <load_address>0x12424</load_address>
         <run_address>0x12424</run_address>
         <size>0xa8</size>
         <input_file_ref idref="fl-39"/>
      </object_component>
      <object_component id="oc-31c">
         <name>.text:PutChar</name>
         <load_address>0x124cc</load_address>
         <run_address>0x124cc</run_address>
         <size>0xa8</size>
         <input_file_ref idref="fl-2b"/>
      </object_component>
      <object_component id="oc-46">
         <name>.text</name>
         <load_address>0x12574</load_address>
         <run_address>0x12574</run_address>
         <size>0x9c</size>
         <input_file_ref idref="fl-105"/>
      </object_component>
      <object_component id="oc-46a">
         <name>.text</name>
         <load_address>0x12610</load_address>
         <run_address>0x12610</run_address>
         <size>0x96</size>
         <input_file_ref idref="fl-fb"/>
      </object_component>
      <object_component id="oc-87">
         <name>.text</name>
         <load_address>0x126a8</load_address>
         <run_address>0x126a8</run_address>
         <size>0x88</size>
         <input_file_ref idref="fl-21"/>
      </object_component>
      <object_component id="oc-22a">
         <name>.text:__aeabi_cdcmple</name>
         <load_address>0x12730</load_address>
         <run_address>0x12730</run_address>
         <size>0x86</size>
         <input_file_ref idref="fl-ff"/>
      </object_component>
      <object_component id="oc-236">
         <name>.text:__aeabi_cdrcmple</name>
         <load_address>0x127b6</load_address>
         <run_address>0x127b6</run_address>
         <size>0x86</size>
         <input_file_ref idref="fl-ff"/>
      </object_component>
      <object_component id="oc-e5">
         <name>.text</name>
         <load_address>0x1283c</load_address>
         <run_address>0x1283c</run_address>
         <size>0x7a</size>
         <input_file_ref idref="fl-fd"/>
      </object_component>
      <object_component id="oc-19e">
         <name>.text</name>
         <load_address>0x128b8</load_address>
         <run_address>0x128b8</run_address>
         <size>0x74</size>
         <input_file_ref idref="fl-29"/>
      </object_component>
      <object_component id="oc-47c">
         <name>.text:_mcpy</name>
         <load_address>0x1292c</load_address>
         <run_address>0x1292c</run_address>
         <size>0x6e</size>
         <input_file_ref idref="fl-10e"/>
      </object_component>
      <object_component id="oc-15">
         <name>.text:decompress:lzss:__TI_decompress_lzss</name>
         <load_address>0x1299a</load_address>
         <run_address>0x1299a</run_address>
         <size>0x68</size>
         <input_file_ref idref="fl-109"/>
      </object_component>
      <object_component id="oc-491">
         <name>.text:frexp</name>
         <load_address>0x12a04</load_address>
         <run_address>0x12a04</run_address>
         <size>0x64</size>
         <input_file_ref idref="fl-10f"/>
      </object_component>
      <object_component id="oc-40e">
         <name>.text:_pconv_f</name>
         <load_address>0x12a68</load_address>
         <run_address>0x12a68</run_address>
         <size>0x56</size>
         <input_file_ref idref="fl-10e"/>
      </object_component>
      <object_component id="oc-470">
         <name>.text:__TI_ltoa</name>
         <load_address>0x12abe</load_address>
         <run_address>0x12abe</run_address>
         <size>0x54</size>
         <input_file_ref idref="fl-116"/>
      </object_component>
      <object_component id="oc-476">
         <name>.text:_ecpy</name>
         <load_address>0x12b12</load_address>
         <run_address>0x12b12</run_address>
         <size>0x52</size>
         <input_file_ref idref="fl-10e"/>
      </object_component>
      <object_component id="oc-3fc">
         <name>.text:atoi</name>
         <load_address>0x12b64</load_address>
         <run_address>0x12b64</run_address>
         <size>0x4c</size>
         <input_file_ref idref="fl-118"/>
      </object_component>
      <object_component id="oc-193">
         <name>.text</name>
         <load_address>0x12bb0</load_address>
         <run_address>0x12bb0</run_address>
         <size>0x48</size>
         <input_file_ref idref="fl-102"/>
      </object_component>
      <object_component id="oc-331">
         <name>.text:LCD_WriteData</name>
         <load_address>0x12bf8</load_address>
         <run_address>0x12bf8</run_address>
         <size>0x44</size>
         <input_file_ref idref="fl-2b"/>
      </object_component>
      <object_component id="oc-1c4">
         <name>.text:__TI_auto_init_nobinit_nopinit:__TI_auto_init_nobinit_nopinit</name>
         <load_address>0x12c3c</load_address>
         <run_address>0x12c3c</run_address>
         <size>0x44</size>
         <input_file_ref idref="fl-111"/>
      </object_component>
      <object_component id="oc-3e1">
         <name>.text</name>
         <load_address>0x12c80</load_address>
         <run_address>0x12c80</run_address>
         <size>0x40</size>
         <input_file_ref idref="fl-28"/>
      </object_component>
      <object_component id="oc-2d">
         <name>.text</name>
         <load_address>0x12cc0</load_address>
         <run_address>0x12cc0</run_address>
         <size>0x40</size>
         <input_file_ref idref="fl-38"/>
      </object_component>
      <object_component id="oc-32a">
         <name>.text:LCD_WriteIndex</name>
         <load_address>0x12d00</load_address>
         <run_address>0x12d00</run_address>
         <size>0x40</size>
         <input_file_ref idref="fl-2b"/>
      </object_component>
      <object_component id="oc-2f1">
         <name>.text</name>
         <load_address>0x12d40</load_address>
         <run_address>0x12d40</run_address>
         <size>0x40</size>
         <input_file_ref idref="fl-fc"/>
      </object_component>
      <object_component id="oc-280">
         <name>.text:sprintf</name>
         <load_address>0x12d80</load_address>
         <run_address>0x12d80</run_address>
         <size>0x40</size>
         <input_file_ref idref="fl-f3"/>
      </object_component>
      <object_component id="oc-489">
         <name>.text:_fcpy</name>
         <load_address>0x12dc0</load_address>
         <run_address>0x12dc0</run_address>
         <size>0x3e</size>
         <input_file_ref idref="fl-10e"/>
      </object_component>
      <object_component id="oc-128">
         <name>.text</name>
         <load_address>0x12dfe</load_address>
         <run_address>0x12dfe</run_address>
         <size>0x3e</size>
         <input_file_ref idref="fl-a"/>
      </object_component>
      <object_component id="oc-64">
         <name>.text:_c_int00_noargs:_c_int00_noargs</name>
         <load_address>0x12e3c</load_address>
         <run_address>0x12e3c</run_address>
         <size>0x34</size>
         <input_file_ref idref="fl-10d"/>
      </object_component>
      <object_component id="oc-28b">
         <name>.text:rand</name>
         <load_address>0x12e70</load_address>
         <run_address>0x12e70</run_address>
         <size>0x34</size>
         <input_file_ref idref="fl-10a"/>
      </object_component>
      <object_component id="oc-17d">
         <name>.text</name>
         <load_address>0x12ea4</load_address>
         <run_address>0x12ea4</run_address>
         <size>0x2e</size>
         <input_file_ref idref="fl-103"/>
      </object_component>
      <object_component id="oc-323">
         <name>.text:LCD_SetCursor</name>
         <load_address>0x12ed2</load_address>
         <run_address>0x12ed2</run_address>
         <size>0x28</size>
         <input_file_ref idref="fl-2b"/>
      </object_component>
      <object_component id="oc-338">
         <name>.text:LCD_Write_Data_Only</name>
         <load_address>0x12efc</load_address>
         <run_address>0x12efc</run_address>
         <size>0x28</size>
         <input_file_ref idref="fl-2b"/>
      </object_component>
      <object_component id="oc-33f">
         <name>.text</name>
         <load_address>0x12f24</load_address>
         <run_address>0x12f24</run_address>
         <size>0x20</size>
         <input_file_ref idref="fl-106"/>
      </object_component>
      <object_component id="oc-420">
         <name>.text:memccpy</name>
         <load_address>0x12f44</load_address>
         <run_address>0x12f44</run_address>
         <size>0x1c</size>
         <input_file_ref idref="fl-11a"/>
      </object_component>
      <object_component id="oc-2c6">
         <name>.text:copysign</name>
         <load_address>0x12f60</load_address>
         <run_address>0x12f60</run_address>
         <size>0x1a</size>
         <input_file_ref idref="fl-f9"/>
      </object_component>
      <object_component id="oc-366">
         <name>.text:_outs</name>
         <load_address>0x12f7a</load_address>
         <run_address>0x12f7a</run_address>
         <size>0x18</size>
         <input_file_ref idref="fl-f3"/>
      </object_component>
      <object_component id="oc-497">
         <name>.text:strchr</name>
         <load_address>0x12f92</load_address>
         <run_address>0x12f92</run_address>
         <size>0x16</size>
         <input_file_ref idref="fl-11b"/>
      </object_component>
      <object_component id="oc-a5">
         <name>.text:strcpy</name>
         <load_address>0x12fa8</load_address>
         <run_address>0x12fa8</run_address>
         <size>0x14</size>
         <input_file_ref idref="fl-10b"/>
      </object_component>
      <object_component id="oc-3f6">
         <name>.text:strlen</name>
         <load_address>0x12fbc</load_address>
         <run_address>0x12fbc</run_address>
         <size>0x14</size>
         <input_file_ref idref="fl-11c"/>
      </object_component>
      <object_component id="oc-426">
         <name>.text:wcslen</name>
         <load_address>0x12fd0</load_address>
         <run_address>0x12fd0</run_address>
         <size>0x12</size>
         <input_file_ref idref="fl-11d"/>
      </object_component>
      <object_component id="oc-9d">
         <name>.text</name>
         <load_address>0x12fe2</load_address>
         <run_address>0x12fe2</run_address>
         <size>0xe</size>
         <input_file_ref idref="fl-35"/>
      </object_component>
      <object_component id="oc-1b">
         <name>.text:decompress:none:__TI_decompress_none</name>
         <load_address>0x12ff0</load_address>
         <run_address>0x12ff0</run_address>
         <size>0xe</size>
         <input_file_ref idref="fl-108"/>
      </object_component>
      <object_component id="oc-58">
         <name>.text:decompress:ZI:__TI_zero_init</name>
         <load_address>0x12ffe</load_address>
         <run_address>0x12ffe</run_address>
         <size>0xc</size>
         <input_file_ref idref="fl-107"/>
      </object_component>
      <object_component id="oc-27">
         <name>.text</name>
         <load_address>0x1300a</load_address>
         <run_address>0x1300a</run_address>
         <size>0xc</size>
         <input_file_ref idref="fl-5"/>
      </object_component>
      <object_component id="oc-36c">
         <name>.text:_outc</name>
         <load_address>0x13016</load_address>
         <run_address>0x13016</run_address>
         <size>0xa</size>
         <input_file_ref idref="fl-f3"/>
      </object_component>
      <object_component id="oc-21a">
         <name>.text:__aeabi_errno_addr</name>
         <load_address>0x13020</load_address>
         <run_address>0x13020</run_address>
         <size>0x8</size>
         <input_file_ref idref="fl-10c"/>
      </object_component>
      <object_component id="oc-137">
         <name>.text:SysCtlDelay</name>
         <load_address>0x13028</load_address>
         <run_address>0x13028</run_address>
         <size>0x6</size>
         <input_file_ref idref="fl-1f"/>
      </object_component>
      <object_component id="oc-315">
         <name>.text:SysDelay</name>
         <load_address>0x1302e</load_address>
         <run_address>0x1302e</run_address>
         <size>0x6</size>
         <input_file_ref idref="fl-32"/>
      </object_component>
      <object_component id="oc-eb">
         <name>.text:_system_pre_init</name>
         <load_address>0x13034</load_address>
         <run_address>0x13034</run_address>
         <size>0x4</size>
         <input_file_ref idref="fl-112"/>
      </object_component>
      <object_component id="oc-1b8">
         <name>.text:abort:abort</name>
         <load_address>0x13038</load_address>
         <run_address>0x13038</run_address>
         <size>0x4</size>
         <input_file_ref idref="fl-114"/>
      </object_component>
      <object_component id="oc-34a">
         <name>.const:RTOS_LOGO</name>
         <load_address>0x270</load_address>
         <run_address>0x270</run_address>
         <size>0x6400</size>
         <input_file_ref idref="fl-3"/>
      </object_component>
      <object_component id="oc-350">
         <name>.const:Jump</name>
         <load_address>0x6670</load_address>
         <run_address>0x6670</run_address>
         <size>0xbb8</size>
         <input_file_ref idref="fl-3"/>
      </object_component>
      <object_component id="oc-34d">
         <name>.const:MARIO1</name>
         <load_address>0x7228</load_address>
         <run_address>0x7228</run_address>
         <size>0xbb8</size>
         <input_file_ref idref="fl-3"/>
      </object_component>
      <object_component id="oc-356">
         <name>.const:Cloud2</name>
         <load_address>0x7de0</load_address>
         <run_address>0x7de0</run_address>
         <size>0x7d0</size>
         <input_file_ref idref="fl-3"/>
      </object_component>
      <object_component id="oc-35c">
         <name>.const:GOOMBA1</name>
         <load_address>0x85b0</load_address>
         <run_address>0x85b0</run_address>
         <size>0x708</size>
         <input_file_ref idref="fl-3"/>
      </object_component>
      <object_component id="oc-45e">
         <name>.const:AsciiLib</name>
         <load_address>0x8cb8</load_address>
         <run_address>0x8cb8</run_address>
         <size>0x5f0</size>
         <input_file_ref idref="fl-28"/>
      </object_component>
      <object_component id="oc-353">
         <name>.const:Cloud1</name>
         <load_address>0x92a8</load_address>
         <run_address>0x92a8</run_address>
         <size>0x4b0</size>
         <input_file_ref idref="fl-3"/>
      </object_component>
      <object_component id="oc-359">
         <name>.const:Ground</name>
         <load_address>0x9758</load_address>
         <run_address>0x9758</run_address>
         <size>0x258</size>
         <input_file_ref idref="fl-3"/>
      </object_component>
      <object_component id="oc-134">
         <name>.const:g_pppui32XTALtoVCO</name>
         <load_address>0x99b0</load_address>
         <run_address>0x99b0</run_address>
         <size>0x1b0</size>
         <input_file_ref idref="fl-1f"/>
      </object_component>
      <object_component id="oc-465">
         <name>.const:.string:_ctypes_</name>
         <load_address>0x9b60</load_address>
         <run_address>0x9b60</run_address>
         <size>0x101</size>
         <input_file_ref idref="fl-119"/>
      </object_component>
      <object_component id="oc-2d8">
         <name>.const:g_ppui32GPIOIntMapSnowflake</name>
         <load_address>0x9c64</load_address>
         <run_address>0x9c64</run_address>
         <size>0xd8</size>
         <input_file_ref idref="fl-13"/>
      </object_component>
      <object_component id="oc-2d5">
         <name>.const:g_ppui32GPIOIntMapBlizzard</name>
         <load_address>0x9d3c</load_address>
         <run_address>0x9d3c</run_address>
         <size>0xc0</size>
         <input_file_ref idref="fl-13"/>
      </object_component>
      <object_component id="oc-145">
         <name>.const:g_pui32Regs</name>
         <load_address>0x9dfc</load_address>
         <run_address>0x9dfc</run_address>
         <size>0x9c</size>
         <input_file_ref idref="fl-16"/>
      </object_component>
      <object_component id="oc-2db">
         <name>.const:g_pui32GPIOBaseAddrs</name>
         <load_address>0x9e98</load_address>
         <run_address>0x9e98</run_address>
         <size>0x90</size>
         <input_file_ref idref="fl-13"/>
      </object_component>
      <object_component id="oc-12e">
         <name>.const:g_pui32Xtals</name>
         <load_address>0x9f28</load_address>
         <run_address>0x9f28</run_address>
         <size>0x6c</size>
         <input_file_ref idref="fl-1f"/>
      </object_component>
      <object_component id="oc-3cb">
         <name>.const:g_ppui32I2CIntMapSnowflake</name>
         <load_address>0x9f94</load_address>
         <run_address>0x9f94</run_address>
         <size>0x50</size>
         <input_file_ref idref="fl-15"/>
      </object_component>
      <object_component id="oc-2e0">
         <name>.const:g_ppui32UARTIntMap</name>
         <load_address>0x9fe4</load_address>
         <run_address>0x9fe4</run_address>
         <size>0x40</size>
         <input_file_ref idref="fl-23"/>
      </object_component>
      <object_component id="oc-2e3">
         <name>.const:g_ppui32UARTIntMapSnowflake</name>
         <load_address>0xa024</load_address>
         <run_address>0xa024</run_address>
         <size>0x40</size>
         <input_file_ref idref="fl-23"/>
      </object_component>
      <object_component id="oc-2f6">
         <name>.const</name>
         <load_address>0xa064</load_address>
         <run_address>0xa064</run_address>
         <size>0x4</size>
         <input_file_ref idref="fl-24"/>
      </object_component>
      <object_component id="oc-244">
         <name>.const:$O1$$</name>
         <load_address>0xa068</load_address>
         <run_address>0xa068</run_address>
         <size>0x30</size>
         <input_file_ref idref="fl-f5"/>
      </object_component>
      <object_component id="oc-3c8">
         <name>.const:g_ppui32I2CIntMap</name>
         <load_address>0xa098</load_address>
         <run_address>0xa098</run_address>
         <size>0x30</size>
         <input_file_ref idref="fl-15"/>
      </object_component>
      <object_component id="oc-125">
         <name>.const:g_sXTALtoMEMTIM</name>
         <load_address>0xa0c8</load_address>
         <run_address>0xa0c8</run_address>
         <size>0x30</size>
         <input_file_ref idref="fl-1f"/>
      </object_component>
      <object_component id="oc-3d9">
         <name>.const:g_ppui32SSIIntMap</name>
         <load_address>0xa0f8</load_address>
         <run_address>0xa0f8</run_address>
         <size>0x20</size>
         <input_file_ref idref="fl-1d"/>
      </object_component>
      <object_component id="oc-3dc">
         <name>.const:g_ppui32SSIIntMapSnowflake</name>
         <load_address>0xa118</load_address>
         <run_address>0xa118</run_address>
         <size>0x20</size>
         <input_file_ref idref="fl-1d"/>
      </object_component>
      <object_component id="oc-142">
         <name>.const:g_pui32Priority</name>
         <load_address>0xa138</load_address>
         <run_address>0xa138</run_address>
         <size>0x20</size>
         <input_file_ref idref="fl-16"/>
      </object_component>
      <object_component id="oc-14b">
         <name>.const:g_pui32Dii16Regs</name>
         <load_address>0xa158</load_address>
         <run_address>0xa158</run_address>
         <size>0x14</size>
         <input_file_ref idref="fl-16"/>
      </object_component>
      <object_component id="oc-148">
         <name>.const:g_pui32EnRegs</name>
         <load_address>0xa16c</load_address>
         <run_address>0xa16c</run_address>
         <size>0x14</size>
         <input_file_ref idref="fl-16"/>
      </object_component>
      <object_component id="oc-14e">
         <name>.const:g_pui32PendRegs</name>
         <load_address>0xa180</load_address>
         <run_address>0xa180</run_address>
         <size>0x14</size>
         <input_file_ref idref="fl-16"/>
      </object_component>
      <object_component id="oc-151">
         <name>.const:g_pui32UnpendRegs</name>
         <load_address>0xa194</load_address>
         <run_address>0xa194</run_address>
         <size>0x14</size>
         <input_file_ref idref="fl-16"/>
      </object_component>
      <object_component id="oc-3c3">
         <name>.const:.string</name>
         <load_address>0xa1a8</load_address>
         <run_address>0xa1a8</run_address>
         <size>0x12</size>
         <input_file_ref idref="fl-24"/>
      </object_component>
      <object_component id="oc-2ee">
         <name>.const:g_ui32UARTBase</name>
         <load_address>0xa1bc</load_address>
         <run_address>0xa1bc</run_address>
         <size>0xc</size>
         <input_file_ref idref="fl-24"/>
      </object_component>
      <object_component id="oc-2e8">
         <name>.const:g_ui32UARTPeriph</name>
         <load_address>0xa1c8</load_address>
         <run_address>0xa1c8</run_address>
         <size>0xc</size>
         <input_file_ref idref="fl-24"/>
      </object_component>
      <object_component id="oc-131">
         <name>.const:g_pui32VCOFrequencies</name>
         <load_address>0xa1d4</load_address>
         <run_address>0xa1d4</run_address>
         <size>0x8</size>
         <input_file_ref idref="fl-1f"/>
      </object_component>
      <object_component id="oc-510">
         <name>.cinit..data.load</name>
         <load_address>0x13040</load_address>
         <run_address>0x13040</run_address>
         <size>0x10</size>
      </object_component>
      <object_component id="oc-50d">
         <name>__TI_handler_table</name>
         <load_address>0x13050</load_address>
         <run_address>0x13050</run_address>
         <size>0xc</size>
      </object_component>
      <object_component id="oc-511">
         <name>.cinit..bss.load</name>
         <load_address>0x13060</load_address>
         <run_address>0x13060</run_address>
         <size>0x8</size>
      </object_component>
      <object_component id="oc-50f">
         <name>.cinit..vtable.load</name>
         <load_address>0x13068</load_address>
         <run_address>0x13068</run_address>
         <size>0x8</size>
      </object_component>
      <object_component id="oc-50e">
         <name>__TI_cinit_table</name>
         <load_address>0x13070</load_address>
         <run_address>0x13070</run_address>
         <size>0x18</size>
      </object_component>
      <object_component id="oc-13f">
         <name>.vtable</name>
         <uninitialized>true</uninitialized>
         <run_address>0x20000000</run_address>
         <size>0x26c</size>
         <input_file_ref idref="fl-16"/>
      </object_component>
      <object_component id="oc-286">
         <name>.data</name>
         <load_address>0x20005a25</load_address>
         <run_address>0x20005a25</run_address>
         <size>0x3</size>
         <input_file_ref idref="fl-4"/>
      </object_component>
      <object_component id="oc-2eb">
         <name>.data</name>
         <load_address>0x20005a20</load_address>
         <run_address>0x20005a20</run_address>
         <size>0x5</size>
         <input_file_ref idref="fl-24"/>
      </object_component>
      <object_component id="oc-376">
         <name>.data</name>
         <load_address>0x20005a2c</load_address>
         <run_address>0x20005a2c</run_address>
         <size>0x4</size>
         <input_file_ref idref="fl-10a"/>
      </object_component>
      <object_component id="oc-2b2">
         <name>.data</name>
         <load_address>0x20005a28</load_address>
         <run_address>0x20005a28</run_address>
         <size>0x4</size>
         <input_file_ref idref="fl-10c"/>
      </object_component>
      <object_component id="oc-296">
         <name>.data:$O1$$</name>
         <load_address>0x20005a18</load_address>
         <run_address>0x20005a18</run_address>
         <size>0x8</size>
         <input_file_ref idref="fl-115"/>
      </object_component>
      <object_component id="oc-3d2">
         <name>.bss:g_pui8OversampleFactor</name>
         <uninitialized>true</uninitialized>
         <run_address>0x200057fc</run_address>
         <size>0x8</size>
         <input_file_ref idref="fl-6"/>
      </object_component>
      <object_component id="oc-306">
         <name>.bss</name>
         <uninitialized>true</uninitialized>
         <run_address>0x20005814</run_address>
         <size>0x1</size>
         <input_file_ref idref="fl-2a"/>
      </object_component>
      <object_component id="oc-270">
         <name>.bss:FIFOs</name>
         <uninitialized>true</uninitialized>
         <run_address>0x200055dc</run_address>
         <size>0x150</size>
         <input_file_ref idref="fl-36"/>
      </object_component>
      <object_component id="oc-ab">
         <name>.bss:threadControlBlocks</name>
         <uninitialized>true</uninitialized>
         <run_address>0x2000526c</run_address>
         <size>0x370</size>
         <input_file_ref idref="fl-37"/>
      </object_component>
      <object_component id="oc-b1">
         <name>.bss:threadStacks</name>
         <uninitialized>true</uninitialized>
         <run_address>0x2000026c</run_address>
         <size>0x5000</size>
         <input_file_ref idref="fl-37"/>
      </object_component>
      <object_component id="oc-9a">
         <name>.bss:Pthread</name>
         <uninitialized>true</uninitialized>
         <run_address>0x2000572c</run_address>
         <size>0x90</size>
         <input_file_ref idref="fl-37"/>
      </object_component>
      <object_component id="oc-a2">
         <name>.bss</name>
         <uninitialized>true</uninitialized>
         <run_address>0x200057f4</run_address>
         <size>0x8</size>
         <input_file_ref idref="fl-37"/>
      </object_component>
      <object_component id="oc-ae">
         <name>.common:IBit_State</name>
         <uninitialized>true</uninitialized>
         <run_address>0x20005808</run_address>
         <size>0x4</size>
      </object_component>
      <object_component id="oc-79">
         <name>.common:CurrentlyRunningThread</name>
         <uninitialized>true</uninitialized>
         <run_address>0x20005804</run_address>
         <size>0x4</size>
      </object_component>
      <object_component id="oc-1b0">
         <name>.common:LCDMutex</name>
         <uninitialized>true</uninitialized>
         <run_address>0x2000580c</run_address>
         <size>0x4</size>
      </object_component>
      <object_component id="oc-28a">
         <name>.common:obstacle1</name>
         <uninitialized>true</uninitialized>
         <run_address>0x200057dc</run_address>
         <size>0x18</size>
      </object_component>
      <object_component id="oc-289">
         <name>.common:player1</name>
         <uninitialized>true</uninitialized>
         <run_address>0x200057bc</run_address>
         <size>0x20</size>
      </object_component>
      <object_component id="oc-99">
         <name>.common:SystemTime</name>
         <uninitialized>true</uninitialized>
         <run_address>0x20005810</run_address>
         <size>0x4</size>
      </object_component>
      <object_component id="oc-24">
         <name>.stack</name>
         <uninitialized>true</uninitialized>
         <run_address>0x20005818</run_address>
         <size>0x4</size>
         <input_file_ref idref="fl-10d"/>
      </object_component>
      <object_component id="oc-513">
         <name>.stack</name>
         <uninitialized>true</uninitialized>
         <run_address>0x20005818</run_address>
         <size>0x0</size>
      </object_component>
      <object_component id="oc-7a">
         <name>.debug_info</name>
         <load_address>0x0</load_address>
         <run_address>0x0</run_address>
         <size>0x5a2</size>
         <input_file_ref idref="fl-2"/>
      </object_component>
      <object_component id="oc-f2">
         <name>.debug_info</name>
         <load_address>0x5a2</load_address>
         <run_address>0x5a2</run_address>
         <size>0x379</size>
         <input_file_ref idref="fl-2"/>
      </object_component>
      <object_component id="oc-bf">
         <name>.debug_info</name>
         <load_address>0x91b</load_address>
         <run_address>0x91b</run_address>
         <size>0x7e</size>
         <input_file_ref idref="fl-2"/>
      </object_component>
      <object_component id="oc-cb">
         <name>.debug_info</name>
         <load_address>0x999</load_address>
         <run_address>0x999</run_address>
         <size>0x26b</size>
         <input_file_ref idref="fl-2"/>
      </object_component>
      <object_component id="oc-345">
         <name>.debug_info</name>
         <load_address>0xc04</load_address>
         <run_address>0xc04</run_address>
         <size>0x62</size>
         <input_file_ref idref="fl-2"/>
      </object_component>
      <object_component id="oc-ba">
         <name>.debug_info</name>
         <load_address>0xc66</load_address>
         <run_address>0xc66</run_address>
         <size>0x8b</size>
         <input_file_ref idref="fl-2"/>
      </object_component>
      <object_component id="oc-168">
         <name>.debug_info</name>
         <load_address>0xcf1</load_address>
         <run_address>0xcf1</run_address>
         <size>0x2a4</size>
         <input_file_ref idref="fl-2"/>
      </object_component>
      <object_component id="oc-139">
         <name>.debug_info</name>
         <load_address>0xf95</load_address>
         <run_address>0xf95</run_address>
         <size>0xef</size>
         <input_file_ref idref="fl-2"/>
      </object_component>
      <object_component id="oc-b5">
         <name>.debug_info</name>
         <load_address>0x1084</load_address>
         <run_address>0x1084</run_address>
         <size>0xbb</size>
         <input_file_ref idref="fl-2"/>
      </object_component>
      <object_component id="oc-105">
         <name>.debug_info</name>
         <load_address>0x113f</load_address>
         <run_address>0x113f</run_address>
         <size>0x338</size>
         <input_file_ref idref="fl-2"/>
      </object_component>
      <object_component id="oc-10a">
         <name>.debug_info</name>
         <load_address>0x1477</load_address>
         <run_address>0x1477</run_address>
         <size>0x2c</size>
         <input_file_ref idref="fl-2"/>
      </object_component>
      <object_component id="oc-c4">
         <name>.debug_info</name>
         <load_address>0x14a3</load_address>
         <run_address>0x14a3</run_address>
         <size>0x1a2</size>
         <input_file_ref idref="fl-2"/>
      </object_component>
      <object_component id="oc-2fb">
         <name>.debug_info</name>
         <load_address>0x1645</load_address>
         <run_address>0x1645</run_address>
         <size>0x2c</size>
         <input_file_ref idref="fl-2"/>
      </object_component>
      <object_component id="oc-118">
         <name>.debug_info</name>
         <load_address>0x1671</load_address>
         <run_address>0x1671</run_address>
         <size>0x1f9</size>
         <input_file_ref idref="fl-2"/>
      </object_component>
      <object_component id="oc-7c">
         <name>.debug_info</name>
         <load_address>0x186a</load_address>
         <run_address>0x186a</run_address>
         <size>0x45d</size>
         <input_file_ref idref="fl-3"/>
      </object_component>
      <object_component id="oc-34b">
         <name>.debug_info</name>
         <load_address>0x1cc7</load_address>
         <run_address>0x1cc7</run_address>
         <size>0xf7</size>
         <input_file_ref idref="fl-3"/>
      </object_component>
      <object_component id="oc-34e">
         <name>.debug_info</name>
         <load_address>0x1dbe</load_address>
         <run_address>0x1dbe</run_address>
         <size>0xf2</size>
         <input_file_ref idref="fl-3"/>
      </object_component>
      <object_component id="oc-35d">
         <name>.debug_info</name>
         <load_address>0x1eb0</load_address>
         <run_address>0x1eb0</run_address>
         <size>0xf4</size>
         <input_file_ref idref="fl-3"/>
      </object_component>
      <object_component id="oc-354">
         <name>.debug_info</name>
         <load_address>0x1fa4</load_address>
         <run_address>0x1fa4</run_address>
         <size>0xf2</size>
         <input_file_ref idref="fl-3"/>
      </object_component>
      <object_component id="oc-357">
         <name>.debug_info</name>
         <load_address>0x2096</load_address>
         <run_address>0x2096</run_address>
         <size>0xf2</size>
         <input_file_ref idref="fl-3"/>
      </object_component>
      <object_component id="oc-35a">
         <name>.debug_info</name>
         <load_address>0x2188</load_address>
         <run_address>0x2188</run_address>
         <size>0xf2</size>
         <input_file_ref idref="fl-3"/>
      </object_component>
      <object_component id="oc-351">
         <name>.debug_info</name>
         <load_address>0x227a</load_address>
         <run_address>0x227a</run_address>
         <size>0xee</size>
         <input_file_ref idref="fl-3"/>
      </object_component>
      <object_component id="oc-27b">
         <name>.debug_info</name>
         <load_address>0x2368</load_address>
         <run_address>0x2368</run_address>
         <size>0x2d3</size>
         <input_file_ref idref="fl-3"/>
      </object_component>
      <object_component id="oc-7e">
         <name>.debug_info</name>
         <load_address>0x263b</load_address>
         <run_address>0x263b</run_address>
         <size>0x9b7</size>
         <input_file_ref idref="fl-4"/>
      </object_component>
      <object_component id="oc-287">
         <name>.debug_info</name>
         <load_address>0x2ff2</load_address>
         <run_address>0x2ff2</run_address>
         <size>0x13b</size>
         <input_file_ref idref="fl-4"/>
      </object_component>
      <object_component id="oc-1b2">
         <name>.debug_info</name>
         <load_address>0x312d</load_address>
         <run_address>0x312d</run_address>
         <size>0xd0a</size>
         <input_file_ref idref="fl-4"/>
      </object_component>
      <object_component id="oc-113">
         <name>.debug_info</name>
         <load_address>0x3e37</load_address>
         <run_address>0x3e37</run_address>
         <size>0x35</size>
         <input_file_ref idref="fl-4"/>
      </object_component>
      <object_component id="oc-3a">
         <name>.debug_info</name>
         <load_address>0x3e6c</load_address>
         <run_address>0x3e6c</run_address>
         <size>0x319</size>
         <input_file_ref idref="fl-5"/>
      </object_component>
      <object_component id="oc-13">
         <name>.debug_info</name>
         <load_address>0x4185</load_address>
         <run_address>0x4185</run_address>
         <size>0x10e</size>
         <input_file_ref idref="fl-5"/>
      </object_component>
      <object_component id="oc-2b">
         <name>.debug_info</name>
         <load_address>0x4293</load_address>
         <run_address>0x4293</run_address>
         <size>0x28a</size>
         <input_file_ref idref="fl-5"/>
      </object_component>
      <object_component id="oc-41">
         <name>.debug_info</name>
         <load_address>0x451d</load_address>
         <run_address>0x451d</run_address>
         <size>0x84</size>
         <input_file_ref idref="fl-5"/>
      </object_component>
      <object_component id="oc-3d6">
         <name>.debug_info</name>
         <load_address>0x45a1</load_address>
         <run_address>0x45a1</run_address>
         <size>0x362</size>
         <input_file_ref idref="fl-6"/>
      </object_component>
      <object_component id="oc-3d3">
         <name>.debug_info</name>
         <load_address>0x4903</load_address>
         <run_address>0x4903</run_address>
         <size>0x123</size>
         <input_file_ref idref="fl-6"/>
      </object_component>
      <object_component id="oc-30d">
         <name>.debug_info</name>
         <load_address>0x4a26</load_address>
         <run_address>0x4a26</run_address>
         <size>0x2fa1</size>
         <input_file_ref idref="fl-6"/>
      </object_component>
      <object_component id="oc-12b">
         <name>.debug_info</name>
         <load_address>0x79c7</load_address>
         <run_address>0x79c7</run_address>
         <size>0x404</size>
         <input_file_ref idref="fl-a"/>
      </object_component>
      <object_component id="oc-2df">
         <name>.debug_info</name>
         <load_address>0x7dcb</load_address>
         <run_address>0x7dcb</run_address>
         <size>0x38c</size>
         <input_file_ref idref="fl-13"/>
      </object_component>
      <object_component id="oc-2d6">
         <name>.debug_info</name>
         <load_address>0x8157</load_address>
         <run_address>0x8157</run_address>
         <size>0x12c</size>
         <input_file_ref idref="fl-13"/>
      </object_component>
      <object_component id="oc-2d9">
         <name>.debug_info</name>
         <load_address>0x8283</load_address>
         <run_address>0x8283</run_address>
         <size>0x12e</size>
         <input_file_ref idref="fl-13"/>
      </object_component>
      <object_component id="oc-2dc">
         <name>.debug_info</name>
         <load_address>0x83b1</load_address>
         <run_address>0x83b1</run_address>
         <size>0x120</size>
         <input_file_ref idref="fl-13"/>
      </object_component>
      <object_component id="oc-253">
         <name>.debug_info</name>
         <load_address>0x84d1</load_address>
         <run_address>0x84d1</run_address>
         <size>0x3729</size>
         <input_file_ref idref="fl-13"/>
      </object_component>
      <object_component id="oc-3cf">
         <name>.debug_info</name>
         <load_address>0xbbfa</load_address>
         <run_address>0xbbfa</run_address>
         <size>0x37d</size>
         <input_file_ref idref="fl-15"/>
      </object_component>
      <object_component id="oc-3c9">
         <name>.debug_info</name>
         <load_address>0xbf77</load_address>
         <run_address>0xbf77</run_address>
         <size>0x119</size>
         <input_file_ref idref="fl-15"/>
      </object_component>
      <object_component id="oc-3cc">
         <name>.debug_info</name>
         <load_address>0xc090</load_address>
         <run_address>0xc090</run_address>
         <size>0x12b</size>
         <input_file_ref idref="fl-15"/>
      </object_component>
      <object_component id="oc-301">
         <name>.debug_info</name>
         <load_address>0xc1bb</load_address>
         <run_address>0xc1bb</run_address>
         <size>0x311b</size>
         <input_file_ref idref="fl-15"/>
      </object_component>
      <object_component id="oc-155">
         <name>.debug_info</name>
         <load_address>0xf2d6</load_address>
         <run_address>0xf2d6</run_address>
         <size>0x369</size>
         <input_file_ref idref="fl-16"/>
      </object_component>
      <object_component id="oc-143">
         <name>.debug_info</name>
         <load_address>0xf63f</load_address>
         <run_address>0xf63f</run_address>
         <size>0x11b</size>
         <input_file_ref idref="fl-16"/>
      </object_component>
      <object_component id="oc-146">
         <name>.debug_info</name>
         <load_address>0xf75a</load_address>
         <run_address>0xf75a</run_address>
         <size>0x113</size>
         <input_file_ref idref="fl-16"/>
      </object_component>
      <object_component id="oc-149">
         <name>.debug_info</name>
         <load_address>0xf86d</load_address>
         <run_address>0xf86d</run_address>
         <size>0x117</size>
         <input_file_ref idref="fl-16"/>
      </object_component>
      <object_component id="oc-14c">
         <name>.debug_info</name>
         <load_address>0xf984</load_address>
         <run_address>0xf984</run_address>
         <size>0x11d</size>
         <input_file_ref idref="fl-16"/>
      </object_component>
      <object_component id="oc-14f">
         <name>.debug_info</name>
         <load_address>0xfaa1</load_address>
         <run_address>0xfaa1</run_address>
         <size>0x11b</size>
         <input_file_ref idref="fl-16"/>
      </object_component>
      <object_component id="oc-152">
         <name>.debug_info</name>
         <load_address>0xfbbc</load_address>
         <run_address>0xfbbc</run_address>
         <size>0x11f</size>
         <input_file_ref idref="fl-16"/>
      </object_component>
      <object_component id="oc-140">
         <name>.debug_info</name>
         <load_address>0xfcdb</load_address>
         <run_address>0xfcdb</run_address>
         <size>0x11c</size>
         <input_file_ref idref="fl-16"/>
      </object_component>
      <object_component id="oc-95">
         <name>.debug_info</name>
         <load_address>0xfdf7</load_address>
         <run_address>0xfdf7</run_address>
         <size>0xed6</size>
         <input_file_ref idref="fl-16"/>
      </object_component>
      <object_component id="oc-3e0">
         <name>.debug_info</name>
         <load_address>0x10ccd</load_address>
         <run_address>0x10ccd</run_address>
         <size>0x36d</size>
         <input_file_ref idref="fl-1d"/>
      </object_component>
      <object_component id="oc-3da">
         <name>.debug_info</name>
         <load_address>0x1103a</load_address>
         <run_address>0x1103a</run_address>
         <size>0x119</size>
         <input_file_ref idref="fl-1d"/>
      </object_component>
      <object_component id="oc-3dd">
         <name>.debug_info</name>
         <load_address>0x11153</load_address>
         <run_address>0x11153</run_address>
         <size>0x12b</size>
         <input_file_ref idref="fl-1d"/>
      </object_component>
      <object_component id="oc-317">
         <name>.debug_info</name>
         <load_address>0x1127e</load_address>
         <run_address>0x1127e</run_address>
         <size>0x1938</size>
         <input_file_ref idref="fl-1d"/>
      </object_component>
      <object_component id="oc-13e">
         <name>.debug_info</name>
         <load_address>0x12bb6</load_address>
         <run_address>0x12bb6</run_address>
         <size>0x3ee</size>
         <input_file_ref idref="fl-1f"/>
      </object_component>
      <object_component id="oc-12f">
         <name>.debug_info</name>
         <load_address>0x12fa4</load_address>
         <run_address>0x12fa4</run_address>
         <size>0x112</size>
         <input_file_ref idref="fl-1f"/>
      </object_component>
      <object_component id="oc-135">
         <name>.debug_info</name>
         <load_address>0x130b6</load_address>
         <run_address>0x130b6</run_address>
         <size>0x11e</size>
         <input_file_ref idref="fl-1f"/>
      </object_component>
      <object_component id="oc-126">
         <name>.debug_info</name>
         <load_address>0x131d4</load_address>
         <run_address>0x131d4</run_address>
         <size>0x118</size>
         <input_file_ref idref="fl-1f"/>
      </object_component>
      <object_component id="oc-132">
         <name>.debug_info</name>
         <load_address>0x132ec</load_address>
         <run_address>0x132ec</run_address>
         <size>0x125</size>
         <input_file_ref idref="fl-1f"/>
      </object_component>
      <object_component id="oc-8f">
         <name>.debug_info</name>
         <load_address>0x13411</load_address>
         <run_address>0x13411</run_address>
         <size>0x312c</size>
         <input_file_ref idref="fl-1f"/>
      </object_component>
      <object_component id="oc-203">
         <name>.debug_info</name>
         <load_address>0x1653d</load_address>
         <run_address>0x1653d</run_address>
         <size>0x51</size>
         <input_file_ref idref="fl-1f"/>
      </object_component>
      <object_component id="oc-124">
         <name>.debug_info</name>
         <load_address>0x1658e</load_address>
         <run_address>0x1658e</run_address>
         <size>0x2f8</size>
         <input_file_ref idref="fl-21"/>
      </object_component>
      <object_component id="oc-89">
         <name>.debug_info</name>
         <load_address>0x16886</load_address>
         <run_address>0x16886</run_address>
         <size>0x65b</size>
         <input_file_ref idref="fl-21"/>
      </object_component>
      <object_component id="oc-2e7">
         <name>.debug_info</name>
         <load_address>0x16ee1</load_address>
         <run_address>0x16ee1</run_address>
         <size>0x36e</size>
         <input_file_ref idref="fl-23"/>
      </object_component>
      <object_component id="oc-2e1">
         <name>.debug_info</name>
         <load_address>0x1724f</load_address>
         <run_address>0x1724f</run_address>
         <size>0x11c</size>
         <input_file_ref idref="fl-23"/>
      </object_component>
      <object_component id="oc-2e4">
         <name>.debug_info</name>
         <load_address>0x1736b</load_address>
         <run_address>0x1736b</run_address>
         <size>0x12e</size>
         <input_file_ref idref="fl-23"/>
      </object_component>
      <object_component id="oc-25a">
         <name>.debug_info</name>
         <load_address>0x17499</load_address>
         <run_address>0x17499</run_address>
         <size>0x2c0e</size>
         <input_file_ref idref="fl-23"/>
      </object_component>
      <object_component id="oc-2fa">
         <name>.debug_info</name>
         <load_address>0x1a0a7</load_address>
         <run_address>0x1a0a7</run_address>
         <size>0x41a</size>
         <input_file_ref idref="fl-24"/>
      </object_component>
      <object_component id="oc-2ec">
         <name>.debug_info</name>
         <load_address>0x1a4c1</load_address>
         <run_address>0x1a4c1</run_address>
         <size>0x111</size>
         <input_file_ref idref="fl-24"/>
      </object_component>
      <object_component id="oc-2f7">
         <name>.debug_info</name>
         <load_address>0x1a5d2</load_address>
         <run_address>0x1a5d2</run_address>
         <size>0x10b</size>
         <input_file_ref idref="fl-24"/>
      </object_component>
      <object_component id="oc-2ef">
         <name>.debug_info</name>
         <load_address>0x1a6dd</load_address>
         <run_address>0x1a6dd</run_address>
         <size>0x119</size>
         <input_file_ref idref="fl-24"/>
      </object_component>
      <object_component id="oc-2e9">
         <name>.debug_info</name>
         <load_address>0x1a7f6</load_address>
         <run_address>0x1a7f6</run_address>
         <size>0x11d</size>
         <input_file_ref idref="fl-24"/>
      </object_component>
      <object_component id="oc-25d">
         <name>.debug_info</name>
         <load_address>0x1a913</load_address>
         <run_address>0x1a913</run_address>
         <size>0x8ce</size>
         <input_file_ref idref="fl-24"/>
      </object_component>
      <object_component id="oc-462">
         <name>.debug_info</name>
         <load_address>0x1b1e1</load_address>
         <run_address>0x1b1e1</run_address>
         <size>0x2aa</size>
         <input_file_ref idref="fl-28"/>
      </object_component>
      <object_component id="oc-45f">
         <name>.debug_info</name>
         <load_address>0x1b48b</load_address>
         <run_address>0x1b48b</run_address>
         <size>0x106</size>
         <input_file_ref idref="fl-28"/>
      </object_component>
      <object_component id="oc-3e4">
         <name>.debug_info</name>
         <load_address>0x1b591</load_address>
         <run_address>0x1b591</run_address>
         <size>0x1c8</size>
         <input_file_ref idref="fl-28"/>
      </object_component>
      <object_component id="oc-174">
         <name>.debug_info</name>
         <load_address>0x1b759</load_address>
         <run_address>0x1b759</run_address>
         <size>0x2c</size>
         <input_file_ref idref="fl-28"/>
      </object_component>
      <object_component id="oc-1a0">
         <name>.debug_info</name>
         <load_address>0x1b785</load_address>
         <run_address>0x1b785</run_address>
         <size>0x341</size>
         <input_file_ref idref="fl-29"/>
      </object_component>
      <object_component id="oc-307">
         <name>.debug_info</name>
         <load_address>0x1bac6</load_address>
         <run_address>0x1bac6</run_address>
         <size>0x11d</size>
         <input_file_ref idref="fl-2a"/>
      </object_component>
      <object_component id="oc-263">
[...]
         <object_component_ref idref="oc-262"/>
      </symbol>
      <symbol id="sm-839">
         <name>StartTransmission</name>
         <value>0x11371</value>
         <object_component_ref idref="oc-262"/>
      </symbol>
      <symbol id="sm-83a">
         <name>SetSlaveAddress</name>
         <value>0x1135b</value>
         <object_component_ref idref="oc-262"/>
      </symbol>
      <symbol id="sm-83b">
         <name>ContinueTransmission</name>
         <value>0x11397</value>
         <object_component_ref idref="oc-262"/>
      </symbol>
      <symbol id="sm-83c">
         <name>EndTransmission</name>
         <value>0x113bd</value>
         <object_component_ref idref="oc-262"/>
      </symbol>
      <symbol id="sm-83d">
         <name>InitializeLEDI2C</name>
         <value>0x112cd</value>
         <object_component_ref idref="oc-262"/>
      </symbol>
      <symbol id="sm-83e">
         <name>StartReceive</name>
         <value>0x11407</value>
         <object_component_ref idref="oc-262"/>
      </symbol>
      <symbol id="sm-83f">
         <name>EndReceive</name>
         <value>0x11437</value>
         <object_component_ref idref="oc-262"/>
      </symbol>
      <symbol id="sm-8c0">
         <name>PutChar</name>
         <value>0x124cd</value>
         <object_component_ref idref="oc-31c"/>
      </symbol>
      <symbol id="sm-8c1">
         <name>LCD_DrawRectangle</name>
         <value>0xe993</value>
         <object_component_ref idref="oc-274"/>
      </symbol>
      <symbol id="sm-8c2">
         <name>LCD_Init</name>
         <value>0xe639</value>
         <object_component_ref idref="oc-274"/>
      </symbol>
      <symbol id="sm-8c3">
         <name>LCD_PushColor</name>
         <value>0xe903</value>
         <object_component_ref idref="oc-274"/>
      </symbol>
      <symbol id="sm-8c4">
         <name>WriteTFT_CS</name>
         <value>0xe445</value>
         <object_component_ref idref="oc-274"/>
      </symbol>
      <symbol id="sm-8c5">
         <name>LCD_SetCursor</name>
         <value>0x12ed3</value>
         <object_component_ref idref="oc-323"/>
      </symbol>
      <symbol id="sm-8c6">
         <name>TP_ReadXY</name>
         <value>0xea77</value>
         <object_component_ref idref="oc-274"/>
      </symbol>
      <symbol id="sm-8c7">
         <name>WriteTFT_DC</name>
         <value>0xe459</value>
         <object_component_ref idref="oc-274"/>
      </symbol>
      <symbol id="sm-8c8">
         <name>LCD_WriteIndex</name>
         <value>0x12d01</value>
         <object_component_ref idref="oc-32a"/>
      </symbol>
      <symbol id="sm-8c9">
         <name>LCD_WriteData</name>
         <value>0x12bf9</value>
         <object_component_ref idref="oc-331"/>
      </symbol>
      <symbol id="sm-8ca">
         <name>LCD_Clear</name>
         <value>0xe937</value>
         <object_component_ref idref="oc-274"/>
      </symbol>
      <symbol id="sm-8cb">
         <name>LCD_SetAddress</name>
         <value>0xe88d</value>
         <object_component_ref idref="oc-274"/>
      </symbol>
      <symbol id="sm-8cc">
         <name>LCD_Write_Data_Only</name>
         <value>0x12efd</value>
         <object_component_ref idref="oc-338"/>
      </symbol>
      <symbol id="sm-8cd">
         <name>LCD_Text</name>
         <value>0xe55b</value>
         <object_component_ref idref="oc-274"/>
      </symbol>
      <symbol id="sm-8ce">
         <name>LCD_SetPoint</name>
         <value>0xe60b</value>
         <object_component_ref idref="oc-274"/>
      </symbol>
      <symbol id="sm-8cf">
         <name>WriteTP_CS</name>
         <value>0xe46d</value>
         <object_component_ref idref="oc-274"/>
      </symbol>
      <symbol id="sm-8e9">
         <name>Joystick_Init_Without_Interrupt</name>
         <value>0x12281</value>
         <object_component_ref idref="oc-268"/>
      </symbol>
      <symbol id="sm-8ea">
         <name>Disable_Joystick_Interrupt</name>
         <value>0x12303</value>
         <object_component_ref idref="oc-268"/>
      </symbol>
      <symbol id="sm-8eb">
         <name>PortEIntHandler</name>
         <value>0x12345</value>
         <object_component_ref idref="oc-268"/>
      </symbol>
      <symbol id="sm-8ec">
         <name>GetJoystickCoordinates</name>
         <value>0x12317</value>
         <object_component_ref idref="oc-268"/>
      </symbol>
      <symbol id="sm-8ed">
         <name>Joystick_Push_Button_Init_With_Interrupt</name>
         <value>0x122cd</value>
         <object_component_ref idref="oc-268"/>
      </symbol>
      <symbol id="sm-8f6">
         <name>SysDelay</name>
         <value>0x1302f</value>
         <object_component_ref idref="oc-315"/>
      </symbol>
      <symbol id="sm-901">
         <name>StartCriticalSection</name>
         <value>0x12fe3</value>
         <object_component_ref idref="oc-9d"/>
      </symbol>
      <symbol id="sm-902">
         <name>EndCriticalSection</name>
         <value>0x12feb</value>
         <object_component_ref idref="oc-9d"/>
      </symbol>
      <symbol id="sm-92a">
         <name>readFIFO</name>
         <value>0x11821</value>
         <object_component_ref idref="oc-1aa"/>
      </symbol>
      <symbol id="sm-92b">
         <name>G8RTOS_InitFIFO</name>
         <value>0x117cd</value>
         <object_component_ref idref="oc-1aa"/>
      </symbol>
      <symbol id="sm-92c">
         <name>writeFIFO</name>
         <value>0x1189d</value>
         <object_component_ref idref="oc-1aa"/>
      </symbol>
      <symbol id="sm-9b7">
         <name>SystemTime</name>
         <value>0x20005810</value>
      </symbol>
      <symbol id="sm-9b8">
         <name>G8RTOS_AddThread</name>
         <value>0xf495</value>
         <object_component_ref idref="oc-32"/>
      </symbol>
      <symbol id="sm-9b9">
         <name>SysTick_Handler</name>
         <value>0xf2f5</value>
         <object_component_ref idref="oc-32"/>
      </symbol>
      <symbol id="sm-9ba">
         <name>G8RTOS_KillThread</name>
         <value>0xf74d</value>
         <object_component_ref idref="oc-32"/>
      </symbol>
      <symbol id="sm-9bb">
         <name>G8RTOS_Init</name>
         <value>0xf3b1</value>
         <object_component_ref idref="oc-32"/>
      </symbol>
      <symbol id="sm-9bc">
         <name>G8RTOS_AddPeriodicEvent</name>
         <value>0xf5d5</value>
         <object_component_ref idref="oc-32"/>
      </symbol>
      <symbol id="sm-9bd">
         <name>G8RTOS_KillAllThreads</name>
         <value>0xf859</value>
         <object_component_ref idref="oc-32"/>
      </symbol>
      <symbol id="sm-9be">
         <name>G8RTOS_GetThreadId</name>
         <value>0xf735</value>
         <object_component_ref idref="oc-32"/>
      </symbol>
      <symbol id="sm-9bf">
         <name>G8RTOS_Scheduler</name>
         <value>0xf299</value>
         <object_component_ref idref="oc-32"/>
      </symbol>
      <symbol id="sm-9c0">
         <name>G8RTOS_KillSelf</name>
         <value>0xf829</value>
         <object_component_ref idref="oc-32"/>
      </symbol>
      <symbol id="sm-9c1">
         <name>GetNumberOfThreads</name>
         <value>0xf83d</value>
         <object_component_ref idref="oc-32"/>
      </symbol>
      <symbol id="sm-9c2">
         <name>G8RTOS_AddAPeriodicEvent</name>
         <value>0xf6b1</value>
         <object_component_ref idref="oc-32"/>
      </symbol>
      <symbol id="sm-9c3">
         <name>G8RTOS_Launch</name>
         <value>0xf40b</value>
         <object_component_ref idref="oc-32"/>
      </symbol>
      <symbol id="sm-9c4">
         <name>sleep</name>
         <value>0xf70b</value>
         <object_component_ref idref="oc-32"/>
      </symbol>
      <symbol id="sm-9cf">
         <name>PendSV_Handler</name>
         <value>0x12cd3</value>
         <object_component_ref idref="oc-2d"/>
      </symbol>
      <symbol id="sm-9d0">
         <name>G8RTOS_Start</name>
         <value>0x12cc5</value>
         <object_component_ref idref="oc-2d"/>
      </symbol>
      <symbol id="sm-9e8">
         <name>G8RTOS_SignalSemaphore</name>
         <value>0x1247b</value>
         <object_component_ref idref="oc-1a4"/>
      </symbol>
      <symbol id="sm-9e9">
         <name>G8RTOS_WaitSemaphore</name>
         <value>0x12443</value>
         <object_component_ref idref="oc-1a4"/>
      </symbol>
      <symbol id="sm-9ea">
         <name>G8RTOS_InitSemaphore</name>
         <value>0x12425</value>
         <object_component_ref idref="oc-1a4"/>
      </symbol>
      <symbol id="sm-a11">
         <name>sprintf</name>
         <value>0x12d81</value>
         <object_component_ref idref="oc-280"/>
      </symbol>
      <symbol id="sm-a4d">
         <name>log</name>
         <value>0x103a5</value>
         <object_component_ref idref="oc-182"/>
      </symbol>
      <symbol id="sm-a4e">
         <name>logl</name>
         <value>0x103a5</value>
         <object_component_ref idref="oc-182"/>
      </symbol>
      <symbol id="sm-adb">
         <name>pow</name>
         <value>0xd245</value>
         <object_component_ref idref="oc-198"/>
      </symbol>
      <symbol id="sm-adc">
         <name>powl</name>
         <value>0xd245</value>
         <object_component_ref idref="oc-198"/>
      </symbol>
      <symbol id="sm-afe">
         <name>sqrtl</name>
         <value>0x1193d</value>
         <object_component_ref idref="oc-23e"/>
      </symbol>
      <symbol id="sm-aff">
         <name>sqrt</name>
         <value>0x1193d</value>
         <object_component_ref idref="oc-23e"/>
      </symbol>
      <symbol id="sm-b1c">
         <name>floorl</name>
         <value>0x12189</value>
         <object_component_ref idref="oc-18d"/>
      </symbol>
      <symbol id="sm-b1d">
         <name>floor</name>
         <value>0x12189</value>
         <object_component_ref idref="oc-18d"/>
      </symbol>
      <symbol id="sm-b44">
         <name>scalbn</name>
         <value>0x11f7d</value>
         <object_component_ref idref="oc-247"/>
      </symbol>
      <symbol id="sm-b45">
         <name>scalbnl</name>
         <value>0x11f7d</value>
         <object_component_ref idref="oc-247"/>
      </symbol>
      <symbol id="sm-b46">
         <name>ldexpl</name>
         <value>0x11f7d</value>
         <object_component_ref idref="oc-247"/>
      </symbol>
      <symbol id="sm-b47">
         <name>ldexp</name>
         <value>0x11f7d</value>
         <object_component_ref idref="oc-247"/>
      </symbol>
      <symbol id="sm-b51">
         <name>copysign</name>
         <value>0x12f61</value>
         <object_component_ref idref="oc-2c6"/>
      </symbol>
      <symbol id="sm-b52">
         <name>copysignl</name>
         <value>0x12f61</value>
         <object_component_ref idref="oc-2c6"/>
      </symbol>
      <symbol id="sm-b60">
         <name>__aeabi_uldivmod</name>
         <value>0x12611</value>
         <object_component_ref idref="oc-46a"/>
      </symbol>
      <symbol id="sm-b6f">
         <name>__aeabi_uidivmod</name>
         <value>0x12d41</value>
         <object_component_ref idref="oc-2f1"/>
      </symbol>
      <symbol id="sm-b70">
         <name>__aeabi_uidiv</name>
         <value>0x12d41</value>
         <object_component_ref idref="oc-2f1"/>
      </symbol>
      <symbol id="sm-b7f">
         <name>__aeabi_memset</name>
         <value>0x1283f</value>
         <object_component_ref idref="oc-e5"/>
      </symbol>
      <symbol id="sm-b80">
         <name>memset</name>
         <value>0x12845</value>
         <object_component_ref idref="oc-e5"/>
      </symbol>
      <symbol id="sm-b81">
         <name>__aeabi_memset8</name>
         <value>0x1283f</value>
         <object_component_ref idref="oc-e5"/>
      </symbol>
      <symbol id="sm-b82">
         <name>__aeabi_memset4</name>
         <value>0x1283f</value>
         <object_component_ref idref="oc-e5"/>
      </symbol>
      <symbol id="sm-b83">
         <name>__aeabi_memclr8</name>
         <value>0x1283d</value>
         <object_component_ref idref="oc-e5"/>
      </symbol>
      <symbol id="sm-b84">
         <name>__aeabi_memclr4</name>
         <value>0x1283d</value>
         <object_component_ref idref="oc-e5"/>
      </symbol>
      <symbol id="sm-b85">
         <name>__aeabi_memclr</name>
         <value>0x1283d</value>
         <object_component_ref idref="oc-e5"/>
      </symbol>
      <symbol id="sm-b9c">
         <name>__aeabi_dsub</name>
         <value>0x11489</value>
         <object_component_ref idref="oc-225"/>
      </symbol>
      <symbol id="sm-b9d">
         <name>__aeabi_dadd</name>
         <value>0x11493</value>
         <object_component_ref idref="oc-225"/>
      </symbol>
      <symbol id="sm-bbf">
         <name>__aeabi_cdcmpeq</name>
         <value>0x12731</value>
         <object_component_ref idref="oc-22a"/>
      </symbol>
      <symbol id="sm-bc0">
         <name>__aeabi_cdcmple</name>
         <value>0x12731</value>
         <object_component_ref idref="oc-22a"/>
      </symbol>
      <symbol id="sm-bc1">
         <name>__aeabi_cdrcmple</name>
         <value>0x127b7</value>
         <object_component_ref idref="oc-236"/>
      </symbol>
      <symbol id="sm-bd5">
         <name>__aeabi_ddiv</name>
         <value>0x11d21</value>
         <object_component_ref idref="oc-188"/>
      </symbol>
      <symbol id="sm-be0">
         <name>__aeabi_dmul</name>
         <value>0x1208d</value>
         <object_component_ref idref="oc-220"/>
      </symbol>
      <symbol id="sm-bea">
         <name>__aeabi_d2iz</name>
         <value>0x12bb1</value>
         <object_component_ref idref="oc-193"/>
      </symbol>
      <symbol id="sm-bf4">
         <name>__aeabi_i2d</name>
         <value>0x12ea5</value>
         <object_component_ref idref="oc-17d"/>
      </symbol>
      <symbol id="sm-c10">
         <name>memcpy</name>
         <value>0x12575</value>
         <object_component_ref idref="oc-46"/>
      </symbol>
      <symbol id="sm-c11">
         <name>__aeabi_memcpy</name>
         <value>0x12575</value>
         <object_component_ref idref="oc-46"/>
      </symbol>
      <symbol id="sm-c12">
         <name>__aeabi_memcpy8</name>
         <value>0x12575</value>
         <object_component_ref idref="oc-46"/>
      </symbol>
      <symbol id="sm-c13">
         <name>__aeabi_memcpy4</name>
         <value>0x12575</value>
         <object_component_ref idref="oc-46"/>
      </symbol>
      <symbol id="sm-c1d">
         <name>__aeabi_ui2d</name>
         <value>0x12f25</value>
         <object_component_ref idref="oc-33f"/>
      </symbol>
      <symbol id="sm-c2f">
         <name>__TI_zero_init</name>
         <value>0x12fff</value>
         <object_component_ref idref="oc-58"/>
      </symbol>
      <symbol id="sm-c46">
         <name>__TI_decompress_none</name>
         <value>0x12ff1</value>
         <object_component_ref idref="oc-1b"/>
      </symbol>
      <symbol id="sm-c69">
         <name>__TI_decompress_lzss</name>
         <value>0x1299b</value>
         <object_component_ref idref="oc-15"/>
      </symbol>
      <symbol id="sm-c7f">
         <name>rand</name>
         <value>0x12e71</value>
         <object_component_ref idref="oc-28b"/>
      </symbol>
      <symbol id="sm-c8d">
         <name>strcpy</name>
         <value>0x12fa9</value>
         <object_component_ref idref="oc-a5"/>
      </symbol>
      <symbol id="sm-ca3">
         <name>__aeabi_errno_addr</name>
         <value>0x13021</value>
         <object_component_ref idref="oc-21a"/>
      </symbol>
      <symbol id="sm-ca4">
         <name>errno</name>
         <value>0x20005a28</value>
         <object_component_ref idref="oc-2b2"/>
      </symbol>
      <symbol id="sm-cb7">
         <name>__stack</name>
         <value>0x20005818</value>
         <object_component_ref idref="oc-24"/>
      </symbol>
      <symbol id="sm-cb8">
         <name>_c_int00_noargs</name>
         <value>0x12e3d</value>
         <object_component_ref idref="oc-64"/>
      </symbol>
      <symbol id="sm-e1d">
         <name>__TI_printfi</name>
         <value>0xc7f5</value>
         <object_component_ref idref="oc-360"/>
      </symbol>
      <symbol id="sm-e33">
         <name>frexpl</name>
         <value>0x12a05</value>
         <object_component_ref idref="oc-491"/>
      </symbol>
      <symbol id="sm-e34">
         <name>frexp</name>
         <value>0x12a05</value>
         <object_component_ref idref="oc-491"/>
      </symbol>
      <symbol id="sm-e3e">
         <name>__aeabi_idiv0</name>
         <value>0xfefb</value>
         <object_component_ref idref="oc-3bd"/>
      </symbol>
      <symbol id="sm-e3f">
         <name>__aeabi_ldiv0</name>
         <value>0xfefb</value>
         <object_component_ref idref="oc-3bd"/>
      </symbol>
      <symbol id="sm-e67">
         <name>__TI_auto_init_nobinit_nopinit</name>
         <value>0x12c3d</value>
         <object_component_ref idref="oc-1c4"/>
      </symbol>
      <symbol id="sm-e71">
         <name>_system_pre_init</name>
         <value>0x13035</value>
         <object_component_ref idref="oc-eb"/>
      </symbol>
      <symbol id="sm-e7d">
         <name>C$$EXIT</name>
         <value>0x13039</value>
         <object_component_ref idref="oc-1b8"/>
      </symbol>
      <symbol id="sm-e7e">
         <name>abort</name>
         <value>0x13039</value>
         <object_component_ref idref="oc-1b8"/>
      </symbol>
      <symbol id="sm-e93">
         <name>_nop</name>
         <value>0xd243</value>
         <object_component_ref idref="oc-37c"/>
      </symbol>
      <symbol id="sm-e94">
         <name>_lock</name>
         <value>0x20005a18</value>
         <object_component_ref idref="oc-296"/>
      </symbol>
      <symbol id="sm-e95">
         <name>_unlock</name>
         <value>0x20005a1c</value>
         <object_component_ref idref="oc-296"/>
      </symbol>
      <symbol id="sm-ea4">
         <name>__TI_ltoa</name>
         <value>0x12abf</value>
         <object_component_ref idref="oc-470"/>
      </symbol>
      <symbol id="sm-ebb">
         <name>atoi</name>
         <value>0x12b65</value>
         <object_component_ref idref="oc-3fc"/>
      </symbol>
      <symbol id="sm-ec6">
         <name>_ctypes_</name>
         <value>0x9b60</value>
         <object_component_ref idref="oc-465"/>
      </symbol>
      <symbol id="sm-ed6">
         <name>memccpy</name>
         <value>0x12f45</value>
         <object_component_ref idref="oc-420"/>
      </symbol>
      <symbol id="sm-ee6">
         <name>strchr</name>
         <value>0x12f93</value>
         <object_component_ref idref="oc-497"/>
      </symbol>
      <symbol id="sm-ef4">
         <name>strlen</name>
         <value>0x12fbd</value>
         <object_component_ref idref="oc-3f6"/>
      </symbol>
      <symbol id="sm-f0d">
         <name>wcslen</name>
         <value>0x12fd1</value>
         <object_component_ref idref="oc-426"/>
      </symbol>
      <symbol id="sm-f0e">
         <name>__TI_static_base__</name>
         <value>0x0</value>
      </symbol>
      <symbol id="sm-f11">
         <name>__mpu_init</name>
         <value>0x0</value>
      </symbol>
      <symbol id="sm-f12">
         <name>_system_post_cinit</name>
         <value>0x0</value>
      </symbol>
   </symbol_table>
   <title>Link successful</title>
</link_info>
