<?xml version="1.0" encoding="ISO-8859-1" ?>
<link_info>
   <banner>TI ARM Linker PC v20.2.4.LTS</banner>
   <copyright>Copyright (c) 1996-2018 Texas Instruments Incorporated</copyright>
   <link_time>0x639a3db1</link_time>
   <link_errors>0x0</link_errors>
   <output_file>FINAL.out</output_file>
   <entry_point>
      <name>_c_int00_noargs</name>
      <address>0x8d85</address>
   </entry_point>
   <input_file_list>
      <input_file id="fl-2">
         <path>.\</path>
         <kind>object</kind>
         <file>main.obj</file>
         <name>main.obj</name>
      </input_file>
      <input_file id="fl-3">
         <path>.\</path>
         <kind>object</kind>
         <file>sprites.obj</file>
         <name>sprites.obj</name>
      </input_file>
      <input_file id="fl-4">
         <path>.\</path>
         <kind>object</kind>
         <file>threads.obj</file>
         <name>threads.obj</name>
      </input_file>
      <input_file id="fl-5">
         <path>.\</path>
         <kind>object</kind>
         <file>tm4c123gh6pm_startup_ccs.obj</file>
         <name>tm4c123gh6pm_startup_ccs.obj</name>
      </input_file>
      <input_file id="fl-6">
         <path>.\BoardSupport\driverlib\</path>
         <kind>object</kind>
         <file>adc.obj</file>
         <name>adc.obj</name>
      </input_file>
      <input_file id="fl-7">
         <path>.\BoardSupport\driverlib\</path>
         <kind>object</kind>
         <file>aes.obj</file>
         <name>aes.obj</name>
      </input_file>
      <input_file id="fl-8">
         <path>.\BoardSupport\driverlib\</path>
         <kind>object</kind>
         <file>can.obj</file>
         <name>can.obj</name>
      </input_file>
      <input_file id="fl-9">
         <path>.\BoardSupport\driverlib\</path>
         <kind>object</kind>
         <file>comp.obj</file>
         <name>comp.obj</name>
      </input_file>
      <input_file id="fl-a">
         <path>.\BoardSupport\driverlib\</path>
         <kind>object</kind>
         <file>cpu.obj</file>
         <name>cpu.obj</name>
      </input_file>
      <input_file id="fl-b">
         <path>.\BoardSupport\driverlib\</path>
         <kind>object</kind>
         <file>crc.obj</file>
         <name>crc.obj</name>
      </input_file>
      <input_file id="fl-c">
         <path>.\BoardSupport\driverlib\</path>
         <kind>object</kind>
         <file>des.obj</file>
         <name>des.obj</name>
      </input_file>
      <input_file id="fl-d">
         <path>.\BoardSupport\driverlib\</path>
         <kind>object</kind>
         <file>eeprom.obj</file>
         <name>eeprom.obj</name>
      </input_file>
      <input_file id="fl-e">
         <path>.\BoardSupport\driverlib\</path>
         <kind>object</kind>
         <file>emac.obj</file>
         <name>emac.obj</name>
      </input_file>
      <input_file id="fl-f">
         <path>.\BoardSupport\driverlib\</path>
         <kind>object</kind>
         <file>epi.obj</file>
         <name>epi.obj</name>
      </input_file>
      <input_file id="fl-10">
         <path>.\BoardSupport\driverlib\</path>
         <kind>object</kind>
         <file>epi_workaround_ccs.obj</file>
         <name>epi_workaround_ccs.obj</name>
      </input_file>
      <input_file id="fl-11">
         <path>.\BoardSupport\driverlib\</path>
         <kind>object</kind>
         <file>flash.obj</file>
         <name>flash.obj</name>
      </input_file>
      <input_file id="fl-12">
         <path>.\BoardSupport\driverlib\</path>
         <kind>object</kind>
         <file>fpu.obj</file>
         <name>fpu.obj</name>
      </input_file>
      <input_file id="fl-13">
         <path>.\BoardSupport\driverlib\</path>
         <kind>object</kind>
         <file>gpio.obj</file>
         <name>gpio.obj</name>
      </input_file>
      <input_file id="fl-14">
         <path>.\BoardSupport\driverlib\</path>
         <kind>object</kind>
         <file>hibernate.obj</file>
         <name>hibernate.obj</name>
      </input_file>
      <input_file id="fl-15">
         <path>.\BoardSupport\driverlib\</path>
         <kind>object</kind>
         <file>i2c.obj</file>
         <name>i2c.obj</name>
      </input_file>
      <input_file id="fl-16">
         <path>.\BoardSupport\driverlib\</path>
         <kind>object</kind>
         <file>interrupt.obj</file>
         <name>interrupt.obj</name>
      </input_file>
      <input_file id="fl-17">
         <path>.\BoardSupport\driverlib\</path>
         <kind>object</kind>
         <file>lcd.obj</file>
         <name>lcd.obj</name>
      </input_file>
      <input_file id="fl-18">
         <path>.\BoardSupport\driverlib\</path>
         <kind>object</kind>
         <file>mpu.obj</file>
         <name>mpu.obj</name>
      </input_file>
      <input_file id="fl-19">
         <path>.\BoardSupport\driverlib\</path>
         <kind>object</kind>
         <file>onewire.obj</file>
         <name>onewire.obj</name>
      </input_file>
      <input_file id="fl-1a">
         <path>.\BoardSupport\driverlib\</path>
         <kind>object</kind>
         <file>pwm.obj</file>
         <name>pwm.obj</name>
      </input_file>
      <input_file id="fl-1b">
         <path>.\BoardSupport\driverlib\</path>
         <kind>object</kind>
         <file>qei.obj</file>
         <name>qei.obj</name>
      </input_file>
      <input_file id="fl-1c">
         <path>.\BoardSupport\driverlib\</path>
         <kind>object</kind>
         <file>shamd5.obj</file>
         <name>shamd5.obj</name>
      </input_file>
      <input_file id="fl-1d">
         <path>.\BoardSupport\driverlib\</path>
         <kind>object</kind>
         <file>ssi.obj</file>
         <name>ssi.obj</name>
      </input_file>
      <input_file id="fl-1e">
         <path>.\BoardSupport\driverlib\</path>
         <kind>object</kind>
         <file>sw_crc.obj</file>
         <name>sw_crc.obj</name>
      </input_file>
      <input_file id="fl-1f">
         <path>.\BoardSupport\driverlib\</path>
         <kind>object</kind>
         <file>sysctl.obj</file>
         <name>sysctl.obj</name>
      </input_file>
      <input_file id="fl-20">
         <path>.\BoardSupport\driverlib\</path>
         <kind>object</kind>
         <file>sysexc.obj</file>
         <name>sysexc.obj</name>
      </input_file>
      <input_file id="fl-21">
         <path>.\BoardSupport\driverlib\</path>
         <kind>object</kind>
         <file>systick.obj</file>
         <name>systick.obj</name>
      </input_file>
      <input_file id="fl-22">
         <path>.\BoardSupport\driverlib\</path>
         <kind>object</kind>
         <file>timer.obj</file>
         <name>timer.obj</name>
      </input_file>
      <input_file id="fl-23">
         <path>.\BoardSupport\driverlib\</path>
         <kind>object</kind>
         <file>uart.obj</file>
         <name>uart.obj</name>
      </input_file>
      <input_file id="fl-24">
         <path>.\BoardSupport\driverlib\</path>
         <kind>object</kind>
         <file>uartstdio.obj</file>
         <name>uartstdio.obj</name>
      </input_file>
      <input_file id="fl-25">
         <path>.\BoardSupport\driverlib\</path>
         <kind>object</kind>
         <file>udma.obj</file>
         <name>udma.obj</name>
      </input_file>
      <input_file id="fl-26">
         <path>.\BoardSupport\driverlib\</path>
         <kind>object</kind>
         <file>usb.obj</file>
         <name>usb.obj</name>
      </input_file>
      <input_file id="fl-27">
         <path>.\BoardSupport\driverlib\</path>
         <kind>object</kind>
         <file>watchdog.obj</file>
         <name>watchdog.obj</name>
      </input_file>
      <input_file id="fl-28">
         <path>.\BoardSupport\src\</path>
         <kind>object</kind>
         <file>AsciiLib.obj</file>
         <name>AsciiLib.obj</name>
      </input_file>
      <input_file id="fl-29">
         <path>.\BoardSupport\src\</path>
         <kind>object</kind>
         <file>BoardInitialization.obj</file>
         <name>BoardInitialization.obj</name>
      </input_file>
      <input_file id="fl-2a">
         <path>.\BoardSupport\src\</path>
         <kind>object</kind>
         <file>I2CDriver.obj</file>
         <name>I2CDriver.obj</name>
      </input_file>
      <input_file id="fl-2b">
         <path>.\BoardSupport\src\</path>
         <kind>object</kind>
         <file>ILI9341_Lib.obj</file>
         <name>ILI9341_Lib.obj</name>
      </input_file>
      <input_file id="fl-2c">
         <path>.\BoardSupport\src\</path>
         <kind>object</kind>
         <file>Joystick.obj</file>
         <name>Joystick.obj</name>
      </input_file>
      <input_file id="fl-2d">
         <path>.\BoardSupport\src\</path>
         <kind>object</kind>
         <file>RGBLedDriver.obj</file>
         <name>RGBLedDriver.obj</name>
      </input_file>
      <input_file id="fl-2e">
         <path>.\BoardSupport\src\</path>
         <kind>object</kind>
         <file>bme280.obj</file>
         <name>bme280.obj</name>
      </input_file>
      <input_file id="fl-2f">
         <path>.\BoardSupport\src\</path>
         <kind>object</kind>
         <file>bme280_support.obj</file>
         <name>bme280_support.obj</name>
      </input_file>
      <input_file id="fl-30">
         <path>.\BoardSupport\src\</path>
         <kind>object</kind>
         <file>bmi160.obj</file>
         <name>bmi160.obj</name>
      </input_file>
      <input_file id="fl-31">
         <path>.\BoardSupport\src\</path>
         <kind>object</kind>
         <file>bmi160_support.obj</file>
         <name>bmi160_support.obj</name>
      </input_file>
      <input_file id="fl-32">
         <path>.\BoardSupport\src\</path>
         <kind>object</kind>
         <file>demo_sysctl.obj</file>
         <name>demo_sysctl.obj</name>
      </input_file>
      <input_file id="fl-33">
         <path>.\BoardSupport\src\</path>
         <kind>object</kind>
         <file>opt3001.obj</file>
         <name>opt3001.obj</name>
      </input_file>
      <input_file id="fl-34">
         <path>.\BoardSupport\src\</path>
         <kind>object</kind>
         <file>tmp007.obj</file>
         <name>tmp007.obj</name>
      </input_file>
      <input_file id="fl-35">
         <path>.\G8RTOS_Lab4\</path>
         <kind>object</kind>
         <file>G8RTOS_CriticalSection.obj</file>
         <name>G8RTOS_CriticalSection.obj</name>
      </input_file>
      <input_file id="fl-36">
         <path>.\G8RTOS_Lab4\</path>
         <kind>object</kind>
         <file>G8RTOS_IPC.obj</file>
         <name>G8RTOS_IPC.obj</name>
      </input_file>
      <input_file id="fl-37">
         <path>.\G8RTOS_Lab4\</path>
         <kind>object</kind>
         <file>G8RTOS_Scheduler.obj</file>
         <name>G8RTOS_Scheduler.obj</name>
      </input_file>
      <input_file id="fl-38">
         <path>.\G8RTOS_Lab4\</path>
         <kind>object</kind>
         <file>G8RTOS_SchedulerASM.obj</file>
         <name>G8RTOS_SchedulerASM.obj</name>
      </input_file>
      <input_file id="fl-39">
         <path>.\G8RTOS_Lab4\</path>
         <kind>object</kind>
         <file>G8RTOS_Semaphores.obj</file>
         <name>G8RTOS_Semaphores.obj</name>
      </input_file>
      <input_file id="fl-3d">
         <kind>object</kind>
         <file>&lt;internal&gt;</file>
         <name>&lt;internal&gt;</name>
      </input_file>
      <input_file id="fl-f3">
         <path>C:\ti\ti-cgt-arm_20.2.4.LTS\lib\</path>
         <kind>archive</kind>
         <file>rtsv7M4_T_le_v4SPD16_eabi.lib</file>
         <name>sprintf.c.obj</name>
      </input_file>
      <input_file id="fl-f4">
         <path>C:\ti\ti-cgt-arm_20.2.4.LTS\lib\</path>
         <kind>archive</kind>
         <file>rtsv7M4_T_le_v4SPD16_eabi.lib</file>
         <name>e_log.c.obj</name>
      </input_file>
      <input_file id="fl-f5">
         <path>C:\ti\ti-cgt-arm_20.2.4.LTS\lib\</path>
         <kind>archive</kind>
         <file>rtsv7M4_T_le_v4SPD16_eabi.lib</file>
         <name>e_pow.c.obj</name>
      </input_file>
      <input_file id="fl-f6">
         <path>C:\ti\ti-cgt-arm_20.2.4.LTS\lib\</path>
         <kind>archive</kind>
         <file>rtsv7M4_T_le_v4SPD16_eabi.lib</file>
         <name>e_sqrt.c.obj</name>
      </input_file>
      <input_file id="fl-f7">
         <path>C:\ti\ti-cgt-arm_20.2.4.LTS\lib\</path>
         <kind>archive</kind>
         <file>rtsv7M4_T_le_v4SPD16_eabi.lib</file>
         <name>s_floor.c.obj</name>
      </input_file>
      <input_file id="fl-f8">
         <path>C:\ti\ti-cgt-arm_20.2.4.LTS\lib\</path>
         <kind>archive</kind>
         <file>rtsv7M4_T_le_v4SPD16_eabi.lib</file>
         <name>s_scalbn.c.obj</name>
      </input_file>
      <input_file id="fl-f9">
         <path>C:\ti\ti-cgt-arm_20.2.4.LTS\lib\</path>
         <kind>archive</kind>
         <file>rtsv7M4_T_le_v4SPD16_eabi.lib</file>
         <name>s_copysign.c.obj</name>
      </input_file>
      <input_file id="fl-fa">
         <path>C:\ti\ti-cgt-arm_20.2.4.LTS\lib\</path>
         <kind>archive</kind>
         <file>rtsv7M4_T_le_v4SPD16_eabi.lib</file>
         <name>ll_div_t2.asm.obj</name>
      </input_file>
      <input_file id="fl-fb">
         <path>C:\ti\ti-cgt-arm_20.2.4.LTS\lib\</path>
         <kind>archive</kind>
         <file>rtsv7M4_T_le_v4SPD16_eabi.lib</file>
         <name>ull_div_t2.asm.obj</name>
      </input_file>
      <input_file id="fl-fc">
         <path>C:\ti\ti-cgt-arm_20.2.4.LTS\lib\</path>
         <kind>archive</kind>
         <file>rtsv7M4_T_le_v4SPD16_eabi.lib</file>
         <name>u_divt2.asm.obj</name>
      </input_file>
      <input_file id="fl-fd">
         <path>C:\ti\ti-cgt-arm_20.2.4.LTS\lib\</path>
         <kind>archive</kind>
         <file>rtsv7M4_T_le_v4SPD16_eabi.lib</file>
         <name>memset_t2.asm.obj</name>
      </input_file>
      <input_file id="fl-fe">
         <path>C:\ti\ti-cgt-arm_20.2.4.LTS\lib\</path>
         <kind>archive</kind>
         <file>rtsv7M4_T_le_v4SPD16_eabi.lib</file>
         <name>fd_add_t2.asm.obj</name>
      </input_file>
      <input_file id="fl-ff">
         <path>C:\ti\ti-cgt-arm_20.2.4.LTS\lib\</path>
         <kind>archive</kind>
         <file>rtsv7M4_T_le_v4SPD16_eabi.lib</file>
         <name>fd_cmp_t2.asm.obj</name>
      </input_file>
      <input_file id="fl-100">
         <path>C:\ti\ti-cgt-arm_20.2.4.LTS\lib\</path>
         <kind>archive</kind>
         <file>rtsv7M4_T_le_v4SPD16_eabi.lib</file>
         <name>fd_div_t2.asm.obj</name>
      </input_file>
      <input_file id="fl-101">
         <path>C:\ti\ti-cgt-arm_20.2.4.LTS\lib\</path>
         <kind>archive</kind>
         <file>rtsv7M4_T_le_v4SPD16_eabi.lib</file>
         <name>fd_mul_t2.asm.obj</name>
      </input_file>
      <input_file id="fl-102">
         <path>C:\ti\ti-cgt-arm_20.2.4.LTS\lib\</path>
         <kind>archive</kind>
         <file>rtsv7M4_T_le_v4SPD16_eabi.lib</file>
         <name>fd_toi_t2.asm.obj</name>
      </input_file>
      <input_file id="fl-103">
         <path>C:\ti\ti-cgt-arm_20.2.4.LTS\lib\</path>
         <kind>archive</kind>
         <file>rtsv7M4_T_le_v4SPD16_eabi.lib</file>
         <name>i_tofd_t2.asm.obj</name>
      </input_file>
      <input_file id="fl-104">
         <path>C:\ti\ti-cgt-arm_20.2.4.LTS\lib\</path>
         <kind>archive</kind>
         <file>rtsv7M4_T_le_v4SPD16_eabi.lib</file>
         <name>ll_mul_t2.asm.obj</name>
      </input_file>
      <input_file id="fl-105">
         <path>C:\ti\ti-cgt-arm_20.2.4.LTS\lib\</path>
         <kind>archive</kind>
         <file>rtsv7M4_T_le_v4SPD16_eabi.lib</file>
         <name>memcpy_t2.asm.obj</name>
      </input_file>
      <input_file id="fl-106">
         <path>C:\ti\ti-cgt-arm_20.2.4.LTS\lib\</path>
         <kind>archive</kind>
         <file>rtsv7M4_T_le_v4SPD16_eabi.lib</file>
         <name>u_tofd_t2.asm.obj</name>
      </input_file>
      <input_file id="fl-107">
         <path>C:\ti\ti-cgt-arm_20.2.4.LTS\lib\</path>
         <kind>archive</kind>
         <file>rtsv7M4_T_le_v4SPD16_eabi.lib</file>
         <name>copy_zero_init.c.obj</name>
      </input_file>
      <input_file id="fl-108">
         <path>C:\ti\ti-cgt-arm_20.2.4.LTS\lib\</path>
         <kind>archive</kind>
         <file>rtsv7M4_T_le_v4SPD16_eabi.lib</file>
         <name>copy_decompress_none.c.obj</name>
      </input_file>
      <input_file id="fl-109">
         <path>C:\ti\ti-cgt-arm_20.2.4.LTS\lib\</path>
         <kind>archive</kind>
         <file>rtsv7M4_T_le_v4SPD16_eabi.lib</file>
         <name>copy_decompress_lzss.c.obj</name>
      </input_file>
      <input_file id="fl-10a">
         <path>C:\ti\ti-cgt-arm_20.2.4.LTS\lib\</path>
         <kind>archive</kind>
         <file>rtsv7M4_T_le_v4SPD16_eabi.lib</file>
         <name>rand.c.obj</name>
      </input_file>
      <input_file id="fl-10b">
         <path>C:\ti\ti-cgt-arm_20.2.4.LTS\lib\</path>
         <kind>archive</kind>
         <file>rtsv7M4_T_le_v4SPD16_eabi.lib</file>
         <name>strcpy.c.obj</name>
      </input_file>
      <input_file id="fl-10c">
         <path>C:\ti\ti-cgt-arm_20.2.4.LTS\lib\</path>
         <kind>archive</kind>
         <file>rtsv7M4_T_le_v4SPD16_eabi.lib</file>
         <name>errno.c.obj</name>
      </input_file>
      <input_file id="fl-10d">
         <path>C:\ti\ti-cgt-arm_20.2.4.LTS\lib\</path>
         <kind>archive</kind>
         <file>rtsv7M4_T_le_v4SPD16_eabi.lib</file>
         <name>boot_cortex_m.c.obj</name>
      </input_file>
      <input_file id="fl-10e">
         <path>C:\ti\ti-cgt-arm_20.2.4.LTS\lib\</path>
         <kind>archive</kind>
         <file>rtsv7M4_T_le_v4SPD16_eabi.lib</file>
         <name>_printfi.c.obj</name>
      </input_file>
      <input_file id="fl-10f">
         <path>C:\ti\ti-cgt-arm_20.2.4.LTS\lib\</path>
         <kind>archive</kind>
         <file>rtsv7M4_T_le_v4SPD16_eabi.lib</file>
         <name>s_frexp.c.obj</name>
      </input_file>
      <input_file id="fl-110">
         <path>C:\ti\ti-cgt-arm_20.2.4.LTS\lib\</path>
         <kind>archive</kind>
         <file>rtsv7M4_T_le_v4SPD16_eabi.lib</file>
         <name>div0.asm.obj</name>
      </input_file>
      <input_file id="fl-111">
         <path>C:\ti\ti-cgt-arm_20.2.4.LTS\lib\</path>
         <kind>archive</kind>
         <file>rtsv7M4_T_le_v4SPD16_eabi.lib</file>
         <name>autoinit.c.obj</name>
      </input_file>
      <input_file id="fl-112">
         <path>C:\ti\ti-cgt-arm_20.2.4.LTS\lib\</path>
         <kind>archive</kind>
         <file>rtsv7M4_T_le_v4SPD16_eabi.lib</file>
         <name>pre_init.c.obj</name>
      </input_file>
      <input_file id="fl-113">
         <path>C:\ti\ti-cgt-arm_20.2.4.LTS\lib\</path>
         <kind>archive</kind>
         <file>rtsv7M4_T_le_v4SPD16_eabi.lib</file>
         <name>cpy_tbl.c.obj</name>
      </input_file>
      <input_file id="fl-114">
         <path>C:\ti\ti-cgt-arm_20.2.4.LTS\lib\</path>
         <kind>archive</kind>
         <file>rtsv7M4_T_le_v4SPD16_eabi.lib</file>
         <name>exit.c.obj</name>
      </input_file>
      <input_file id="fl-115">
         <path>C:\ti\ti-cgt-arm_20.2.4.LTS\lib\</path>
         <kind>archive</kind>
         <file>rtsv7M4_T_le_v4SPD16_eabi.lib</file>
         <name>_lock.c.obj</name>
      </input_file>
      <input_file id="fl-116">
         <path>C:\ti\ti-cgt-arm_20.2.4.LTS\lib\</path>
         <kind>archive</kind>
         <file>rtsv7M4_T_le_v4SPD16_eabi.lib</file>
         <name>_ltoa.c.obj</name>
      </input_file>
      <input_file id="fl-117">
         <path>C:\ti\ti-cgt-arm_20.2.4.LTS\lib\</path>
         <kind>archive</kind>
         <file>rtsv7M4_T_le_v4SPD16_eabi.lib</file>
         <name>args_main.c.obj</name>
      </input_file>
      <input_file id="fl-118">
         <path>C:\ti\ti-cgt-arm_20.2.4.LTS\lib\</path>
         <kind>archive</kind>
         <file>rtsv7M4_T_le_v4SPD16_eabi.lib</file>
         <name>atoi.c.obj</name>
      </input_file>
      <input_file id="fl-119">
         <path>C:\ti\ti-cgt-arm_20.2.4.LTS\lib\</path>
         <kind>archive</kind>
         <file>rtsv7M4_T_le_v4SPD16_eabi.lib</file>
         <name>ctype.c.obj</name>
      </input_file>
      <input_file id="fl-11a">
         <path>C:\ti\ti-cgt-arm_20.2.4.LTS\lib\</path>
         <kind>archive</kind>
         <file>rtsv7M4_T_le_v4SPD16_eabi.lib</file>
         <name>memccpy.c.obj</name>
      </input_file>
      <input_file id="fl-11b">
         <path>C:\ti\ti-cgt-arm_20.2.4.LTS\lib\</path>
         <kind>archive</kind>
         <file>rtsv7M4_T_le_v4SPD16_eabi.lib</file>
         <name>strchr.c.obj</name>
      </input_file>
      <input_file id="fl-11c">
         <path>C:\ti\ti-cgt-arm_20.2.4.LTS\lib\</path>
         <kind>archive</kind>
         <file>rtsv7M4_T_le_v4SPD16_eabi.lib</file>
         <name>strlen.c.obj</name>
      </input_file>
      <input_file id="fl-11d">
         <path>C:\ti\ti-cgt-arm_20.2.4.LTS\lib\</path>
         <kind>archive</kind>
         <file>rtsv7M4_T_le_v4SPD16_eabi.lib</file>
         <name>wcslen.c.obj</name>
      </input_file>
   </input_file_list>
   <object_component_list>
      <object_component id="oc-12">
         <name>.intvecs</name>
         <load_address>0x0</load_address>
         <run_address>0x0</run_address>
         <size>0x26c</size>
         <input_file_ref idref="fl-5"/>
      </object_component>
      <object_component id="oc-8d">
         <name>.text</name>
         <load_address>0x26c</load_address>
         <run_address>0x26c</run_address>
         <size>0xf80</size>
         <input_file_ref idref="fl-1f"/>
      </object_component>
      <object_component id="oc-250">
         <name>.text</name>
         <load_address>0x11ec</load_address>
         <run_address>0x11ec</run_address>
         <size>0xc14</size>
         <input_file_ref idref="fl-13"/>
      </object_component>
      <object_component id="oc-354">
         <name>.text:__TI_printfi</name>
         <load_address>0x1e00</load_address>
         <run_address>0x1e00</run_address>
         <size>0xa4e</size>
         <input_file_ref idref="fl-10e"/>
      </object_component>
      <object_component id="oc-370">
         <name>.text:_nop</name>
         <load_address>0x284e</load_address>
         <run_address>0x284e</run_address>
         <size>0x2</size>
         <input_file_ref idref="fl-115"/>
      </object_component>
      <object_component id="oc-198">
         <name>.text:pow</name>
         <load_address>0x2850</load_address>
         <run_address>0x2850</run_address>
         <size>0x9c0</size>
         <input_file_ref idref="fl-f5"/>
      </object_component>
      <object_component id="oc-1b1">
         <name>.text</name>
         <load_address>0x3210</load_address>
         <run_address>0x3210</run_address>
         <size>0x994</size>
         <input_file_ref idref="fl-4"/>
      </object_component>
      <object_component id="oc-30a">
         <name>.text</name>
         <load_address>0x3ba4</load_address>
         <run_address>0x3ba4</run_address>
         <size>0x840</size>
         <input_file_ref idref="fl-6"/>
      </object_component>
      <object_component id="oc-274">
         <name>.text</name>
         <load_address>0x43e4</load_address>
         <run_address>0x43e4</run_address>
         <size>0x74c</size>
         <input_file_ref idref="fl-2b"/>
      </object_component>
      <object_component id="oc-300">
         <name>.text</name>
         <load_address>0x4b30</load_address>
         <run_address>0x4b30</run_address>
         <size>0x6f8</size>
         <input_file_ref idref="fl-15"/>
      </object_component>
      <object_component id="oc-32">
         <name>.text</name>
         <load_address>0x5228</load_address>
         <run_address>0x5228</run_address>
         <size>0x644</size>
         <input_file_ref idref="fl-37"/>
      </object_component>
      <object_component id="oc-256">
         <name>.text</name>
         <load_address>0x586c</load_address>
         <run_address>0x586c</run_address>
         <size>0x62e</size>
         <input_file_ref idref="fl-23"/>
      </object_component>
      <object_component id="oc-3b1">
         <name>.text</name>
         <load_address>0x5e9a</load_address>
         <run_address>0x5e9a</run_address>
         <size>0x2</size>
         <input_file_ref idref="fl-110"/>
      </object_component>
      <object_component id="oc-25c">
         <name>.text</name>
         <load_address>0x5e9c</load_address>
         <run_address>0x5e9c</run_address>
         <size>0x4a8</size>
         <input_file_ref idref="fl-24"/>
      </object_component>
      <object_component id="oc-182">
         <name>.text:log</name>
         <load_address>0x6344</load_address>
         <run_address>0x6344</run_address>
         <size>0x3c4</size>
         <input_file_ref idref="fl-f4"/>
      </object_component>
      <object_component id="oc-93">
         <name>.text</name>
         <load_address>0x6708</load_address>
         <run_address>0x6708</run_address>
         <size>0x3c0</size>
         <input_file_ref idref="fl-16"/>
      </object_component>
      <object_component id="oc-316">
         <name>.text</name>
         <load_address>0x6ac8</load_address>
         <run_address>0x6ac8</run_address>
         <size>0x362</size>
         <input_file_ref idref="fl-1d"/>
      </object_component>
      <object_component id="oc-406">
         <name>.text:_pconv_a</name>
         <load_address>0x6e2c</load_address>
         <run_address>0x6e2c</run_address>
         <size>0x270</size>
         <input_file_ref idref="fl-10e"/>
      </object_component>
      <object_component id="oc-3f4">
         <name>.text:_pconv_g</name>
         <load_address>0x709c</load_address>
         <run_address>0x709c</run_address>
         <size>0x1d0</size>
         <input_file_ref idref="fl-10e"/>
      </object_component>
      <object_component id="oc-262">
         <name>.text</name>
         <load_address>0x726c</load_address>
         <run_address>0x726c</run_address>
         <size>0x1bc</size>
         <input_file_ref idref="fl-2a"/>
      </object_component>
      <object_component id="oc-225">
         <name>.text</name>
         <load_address>0x7428</load_address>
         <run_address>0x7428</run_address>
         <size>0x1b6</size>
         <input_file_ref idref="fl-fe"/>
      </object_component>
      <object_component id="oc-1aa">
         <name>.text</name>
         <load_address>0x75e0</load_address>
         <run_address>0x75e0</run_address>
         <size>0x170</size>
         <input_file_ref idref="fl-36"/>
      </object_component>
      <object_component id="oc-23e">
         <name>.text:sqrt</name>
         <load_address>0x7750</load_address>
         <run_address>0x7750</run_address>
         <size>0x158</size>
         <input_file_ref idref="fl-f6"/>
      </object_component>
      <object_component id="oc-f1">
         <name>.text</name>
         <load_address>0x78a8</load_address>
         <run_address>0x78a8</run_address>
         <size>0x150</size>
         <input_file_ref idref="fl-2"/>
      </object_component>
      <object_component id="oc-400">
         <name>.text:_pconv_e</name>
         <load_address>0x79f8</load_address>
         <run_address>0x79f8</run_address>
         <size>0x13c</size>
         <input_file_ref idref="fl-10e"/>
      </object_component>
      <object_component id="oc-188">
         <name>.text</name>
         <load_address>0x7b34</load_address>
         <run_address>0x7b34</run_address>
         <size>0x136</size>
         <input_file_ref idref="fl-100"/>
      </object_component>
      <object_component id="oc-27a">
         <name>.text</name>
         <load_address>0x7c6c</load_address>
         <run_address>0x7c6c</run_address>
         <size>0x134</size>
         <input_file_ref idref="fl-3"/>
      </object_component>
      <object_component id="oc-46f">
         <name>.text:fcvt</name>
         <load_address>0x7da0</load_address>
         <run_address>0x7da0</run_address>
         <size>0x124</size>
         <input_file_ref idref="fl-10e"/>
      </object_component>
      <object_component id="oc-247">
         <name>.text:scalbn</name>
         <load_address>0x7ec4</load_address>
         <run_address>0x7ec4</run_address>
         <size>0x110</size>
         <input_file_ref idref="fl-f8"/>
      </object_component>
      <object_component id="oc-220">
         <name>.text</name>
         <load_address>0x7fd4</load_address>
         <run_address>0x7fd4</run_address>
         <size>0xfc</size>
         <input_file_ref idref="fl-101"/>
      </object_component>
      <object_component id="oc-18d">
         <name>.text:floor</name>
         <load_address>0x80d0</load_address>
         <run_address>0x80d0</run_address>
         <size>0xf8</size>
         <input_file_ref idref="fl-f7"/>
      </object_component>
      <object_component id="oc-268">
         <name>.text</name>
         <load_address>0x81c8</load_address>
         <run_address>0x81c8</run_address>
         <size>0xf0</size>
         <input_file_ref idref="fl-2c"/>
      </object_component>
      <object_component id="oc-3ee">
         <name>.text:_ltostr</name>
         <load_address>0x82b8</load_address>
         <run_address>0x82b8</run_address>
         <size>0xb1</size>
         <input_file_ref idref="fl-10e"/>
      </object_component>
      <object_component id="oc-1a4">
         <name>.text</name>
         <load_address>0x836c</load_address>
         <run_address>0x836c</run_address>
         <size>0xa8</size>
         <input_file_ref idref="fl-39"/>
      </object_component>
      <object_component id="oc-31c">
         <name>.text:PutChar</name>
         <load_address>0x8414</load_address>
         <run_address>0x8414</run_address>
         <size>0xa8</size>
         <input_file_ref idref="fl-2b"/>
      </object_component>
      <object_component id="oc-46">
         <name>.text</name>
         <load_address>0x84bc</load_address>
         <run_address>0x84bc</run_address>
         <size>0x9c</size>
         <input_file_ref idref="fl-105"/>
      </object_component>
      <object_component id="oc-456">
         <name>.text</name>
         <load_address>0x8558</load_address>
         <run_address>0x8558</run_address>
         <size>0x96</size>
         <input_file_ref idref="fl-fb"/>
      </object_component>
      <object_component id="oc-87">
         <name>.text</name>
         <load_address>0x85f0</load_address>
         <run_address>0x85f0</run_address>
         <size>0x88</size>
         <input_file_ref idref="fl-21"/>
      </object_component>
      <object_component id="oc-22a">
         <name>.text:__aeabi_cdcmple</name>
         <load_address>0x8678</load_address>
         <run_address>0x8678</run_address>
         <size>0x86</size>
         <input_file_ref idref="fl-ff"/>
      </object_component>
      <object_component id="oc-236">
         <name>.text:__aeabi_cdrcmple</name>
         <load_address>0x86fe</load_address>
         <run_address>0x86fe</run_address>
         <size>0x86</size>
         <input_file_ref idref="fl-ff"/>
      </object_component>
      <object_component id="oc-e5">
         <name>.text</name>
         <load_address>0x8784</load_address>
         <run_address>0x8784</run_address>
         <size>0x7a</size>
         <input_file_ref idref="fl-fd"/>
      </object_component>
      <object_component id="oc-19e">
         <name>.text</name>
         <load_address>0x8800</load_address>
         <run_address>0x8800</run_address>
         <size>0x74</size>
         <input_file_ref idref="fl-29"/>
      </object_component>
      <object_component id="oc-468">
         <name>.text:_mcpy</name>
         <load_address>0x8874</load_address>
         <run_address>0x8874</run_address>
         <size>0x6e</size>
         <input_file_ref idref="fl-10e"/>
      </object_component>
      <object_component id="oc-15">
         <name>.text:decompress:lzss:__TI_decompress_lzss</name>
         <load_address>0x88e2</load_address>
         <run_address>0x88e2</run_address>
         <size>0x68</size>
         <input_file_ref idref="fl-109"/>
      </object_component>
      <object_component id="oc-47d">
         <name>.text:frexp</name>
         <load_address>0x894c</load_address>
         <run_address>0x894c</run_address>
         <size>0x64</size>
         <input_file_ref idref="fl-10f"/>
      </object_component>
      <object_component id="oc-3fa">
         <name>.text:_pconv_f</name>
         <load_address>0x89b0</load_address>
         <run_address>0x89b0</run_address>
         <size>0x56</size>
         <input_file_ref idref="fl-10e"/>
      </object_component>
      <object_component id="oc-45c">
         <name>.text:__TI_ltoa</name>
         <load_address>0x8a06</load_address>
         <run_address>0x8a06</run_address>
         <size>0x54</size>
         <input_file_ref idref="fl-116"/>
      </object_component>
      <object_component id="oc-462">
         <name>.text:_ecpy</name>
         <load_address>0x8a5a</load_address>
         <run_address>0x8a5a</run_address>
         <size>0x52</size>
         <input_file_ref idref="fl-10e"/>
      </object_component>
      <object_component id="oc-3e8">
         <name>.text:atoi</name>
         <load_address>0x8aac</load_address>
         <run_address>0x8aac</run_address>
         <size>0x4c</size>
         <input_file_ref idref="fl-118"/>
      </object_component>
      <object_component id="oc-193">
         <name>.text</name>
         <load_address>0x8af8</load_address>
         <run_address>0x8af8</run_address>
         <size>0x48</size>
         <input_file_ref idref="fl-102"/>
      </object_component>
      <object_component id="oc-331">
         <name>.text:LCD_WriteData</name>
         <load_address>0x8b40</load_address>
         <run_address>0x8b40</run_address>
         <size>0x44</size>
         <input_file_ref idref="fl-2b"/>
      </object_component>
      <object_component id="oc-1c4">
         <name>.text:__TI_auto_init_nobinit_nopinit:__TI_auto_init_nobinit_nopinit</name>
         <load_address>0x8b84</load_address>
         <run_address>0x8b84</run_address>
         <size>0x44</size>
         <input_file_ref idref="fl-111"/>
      </object_component>
      <object_component id="oc-3d5">
         <name>.text</name>
         <load_address>0x8bc8</load_address>
         <run_address>0x8bc8</run_address>
         <size>0x40</size>
         <input_file_ref idref="fl-28"/>
      </object_component>
      <object_component id="oc-2d">
         <name>.text</name>
         <load_address>0x8c08</load_address>
         <run_address>0x8c08</run_address>
         <size>0x40</size>
         <input_file_ref idref="fl-38"/>
      </object_component>
      <object_component id="oc-32a">
         <name>.text:LCD_WriteIndex</name>
         <load_address>0x8c48</load_address>
         <run_address>0x8c48</run_address>
         <size>0x40</size>
         <input_file_ref idref="fl-2b"/>
      </object_component>
      <object_component id="oc-2f1">
         <name>.text</name>
         <load_address>0x8c88</load_address>
         <run_address>0x8c88</run_address>
         <size>0x40</size>
         <input_file_ref idref="fl-fc"/>
      </object_component>
      <object_component id="oc-280">
         <name>.text:sprintf</name>
         <load_address>0x8cc8</load_address>
         <run_address>0x8cc8</run_address>
         <size>0x40</size>
         <input_file_ref idref="fl-f3"/>
      </object_component>
      <object_component id="oc-475">
         <name>.text:_fcpy</name>
         <load_address>0x8d08</load_address>
         <run_address>0x8d08</run_address>
         <size>0x3e</size>
         <input_file_ref idref="fl-10e"/>
      </object_component>
      <object_component id="oc-128">
         <name>.text</name>
         <load_address>0x8d46</load_address>
         <run_address>0x8d46</run_address>
         <size>0x3e</size>
         <input_file_ref idref="fl-a"/>
      </object_component>
      <object_component id="oc-64">
         <name>.text:_c_int00_noargs:_c_int00_noargs</name>
         <load_address>0x8d84</load_address>
         <run_address>0x8d84</run_address>
         <size>0x34</size>
         <input_file_ref idref="fl-10d"/>
      </object_component>
      <object_component id="oc-28b">
         <name>.text:rand</name>
         <load_address>0x8db8</load_address>
         <run_address>0x8db8</run_address>
         <size>0x34</size>
         <input_file_ref idref="fl-10a"/>
      </object_component>
      <object_component id="oc-17d">
         <name>.text</name>
         <load_address>0x8dec</load_address>
         <run_address>0x8dec</run_address>
         <size>0x2e</size>
         <input_file_ref idref="fl-103"/>
      </object_component>
      <object_component id="oc-323">
         <name>.text:LCD_SetCursor</name>
         <load_address>0x8e1a</load_address>
         <run_address>0x8e1a</run_address>
         <size>0x28</size>
         <input_file_ref idref="fl-2b"/>
      </object_component>
      <object_component id="oc-338">
         <name>.text:LCD_Write_Data_Only</name>
         <load_address>0x8e44</load_address>
         <run_address>0x8e44</run_address>
         <size>0x28</size>
         <input_file_ref idref="fl-2b"/>
      </object_component>
      <object_component id="oc-33f">
         <name>.text</name>
         <load_address>0x8e6c</load_address>
         <run_address>0x8e6c</run_address>
         <size>0x20</size>
         <input_file_ref idref="fl-106"/>
      </object_component>
      <object_component id="oc-40c">
         <name>.text:memccpy</name>
         <load_address>0x8e8c</load_address>
         <run_address>0x8e8c</run_address>
         <size>0x1c</size>
         <input_file_ref idref="fl-11a"/>
      </object_component>
      <object_component id="oc-2c6">
         <name>.text:copysign</name>
         <load_address>0x8ea8</load_address>
         <run_address>0x8ea8</run_address>
         <size>0x1a</size>
         <input_file_ref idref="fl-f9"/>
      </object_component>
      <object_component id="oc-35a">
         <name>.text:_outs</name>
         <load_address>0x8ec2</load_address>
         <run_address>0x8ec2</run_address>
         <size>0x18</size>
         <input_file_ref idref="fl-f3"/>
      </object_component>
      <object_component id="oc-483">
         <name>.text:strchr</name>
         <load_address>0x8eda</load_address>
         <run_address>0x8eda</run_address>
         <size>0x16</size>
         <input_file_ref idref="fl-11b"/>
      </object_component>
      <object_component id="oc-a5">
         <name>.text:strcpy</name>
         <load_address>0x8ef0</load_address>
         <run_address>0x8ef0</run_address>
         <size>0x14</size>
         <input_file_ref idref="fl-10b"/>
      </object_component>
      <object_component id="oc-3e2">
         <name>.text:strlen</name>
         <load_address>0x8f04</load_address>
         <run_address>0x8f04</run_address>
         <size>0x14</size>
         <input_file_ref idref="fl-11c"/>
      </object_component>
      <object_component id="oc-412">
         <name>.text:wcslen</name>
         <load_address>0x8f18</load_address>
         <run_address>0x8f18</run_address>
         <size>0x12</size>
         <input_file_ref idref="fl-11d"/>
      </object_component>
      <object_component id="oc-9d">
         <name>.text</name>
         <load_address>0x8f2a</load_address>
         <run_address>0x8f2a</run_address>
         <size>0xe</size>
         <input_file_ref idref="fl-35"/>
      </object_component>
      <object_component id="oc-1b">
         <name>.text:decompress:none:__TI_decompress_none</name>
         <load_address>0x8f38</load_address>
         <run_address>0x8f38</run_address>
         <size>0xe</size>
         <input_file_ref idref="fl-108"/>
      </object_component>
      <object_component id="oc-58">
         <name>.text:decompress:ZI:__TI_zero_init</name>
         <load_address>0x8f46</load_address>
         <run_address>0x8f46</run_address>
         <size>0xc</size>
         <input_file_ref idref="fl-107"/>
      </object_component>
      <object_component id="oc-27">
         <name>.text</name>
         <load_address>0x8f52</load_address>
         <run_address>0x8f52</run_address>
         <size>0xc</size>
         <input_file_ref idref="fl-5"/>
      </object_component>
      <object_component id="oc-360">
         <name>.text:_outc</name>
         <load_address>0x8f5e</load_address>
         <run_address>0x8f5e</run_address>
         <size>0xa</size>
         <input_file_ref idref="fl-f3"/>
      </object_component>
      <object_component id="oc-21a">
         <name>.text:__aeabi_errno_addr</name>
         <load_address>0x8f68</load_address>
         <run_address>0x8f68</run_address>
         <size>0x8</size>
         <input_file_ref idref="fl-10c"/>
      </object_component>
      <object_component id="oc-137">
         <name>.text:SysCtlDelay</name>
         <load_address>0x8f70</load_address>
         <run_address>0x8f70</run_address>
         <size>0x6</size>
         <input_file_ref idref="fl-1f"/>
      </object_component>
      <object_component id="oc-315">
         <name>.text:SysDelay</name>
         <load_address>0x8f76</load_address>
         <run_address>0x8f76</run_address>
         <size>0x6</size>
         <input_file_ref idref="fl-32"/>
      </object_component>
      <object_component id="oc-eb">
         <name>.text:_system_pre_init</name>
         <load_address>0x8f7c</load_address>
         <run_address>0x8f7c</run_address>
         <size>0x4</size>
         <input_file_ref idref="fl-112"/>
      </object_component>
      <object_component id="oc-1b8">
         <name>.text:abort:abort</name>
         <load_address>0x8f80</load_address>
         <run_address>0x8f80</run_address>
         <size>0x4</size>
         <input_file_ref idref="fl-114"/>
      </object_component>
      <object_component id="oc-34a">
         <name>.const:RTOS_LOGO</name>
         <load_address>0x8f88</load_address>
         <run_address>0x8f88</run_address>
         <size>0x6400</size>
         <input_file_ref idref="fl-3"/>
      </object_component>
      <object_component id="oc-34d">
         <name>.const:MARIO1</name>
         <load_address>0xf388</load_address>
         <run_address>0xf388</run_address>
         <size>0xbb8</size>
         <input_file_ref idref="fl-3"/>
      </object_component>
      <object_component id="oc-350">
         <name>.const:GOOMBA1</name>
         <load_address>0xff40</load_address>
         <run_address>0xff40</run_address>
         <size>0x708</size>
         <input_file_ref idref="fl-3"/>
      </object_component>
      <object_component id="oc-44a">
         <name>.const:AsciiLib</name>
         <load_address>0x10648</load_address>
         <run_address>0x10648</run_address>
         <size>0x5f0</size>
         <input_file_ref idref="fl-28"/>
      </object_component>
      <object_component id="oc-134">
         <name>.const:g_pppui32XTALtoVCO</name>
         <load_address>0x10c38</load_address>
         <run_address>0x10c38</run_address>
         <size>0x1b0</size>
         <input_file_ref idref="fl-1f"/>
      </object_component>
      <object_component id="oc-451">
         <name>.const:.string:_ctypes_</name>
         <load_address>0x10de8</load_address>
         <run_address>0x10de8</run_address>
         <size>0x101</size>
         <input_file_ref idref="fl-119"/>
      </object_component>
      <object_component id="oc-2d8">
         <name>.const:g_ppui32GPIOIntMapSnowflake</name>
         <load_address>0x10eec</load_address>
         <run_address>0x10eec</run_address>
         <size>0xd8</size>
         <input_file_ref idref="fl-13"/>
      </object_component>
      <object_component id="oc-2d5">
         <name>.const:g_ppui32GPIOIntMapBlizzard</name>
         <load_address>0x10fc4</load_address>
         <run_address>0x10fc4</run_address>
         <size>0xc0</size>
         <input_file_ref idref="fl-13"/>
      </object_component>
      <object_component id="oc-145">
         <name>.const:g_pui32Regs</name>
         <load_address>0x11084</load_address>
         <run_address>0x11084</run_address>
         <size>0x9c</size>
         <input_file_ref idref="fl-16"/>
      </object_component>
      <object_component id="oc-2db">
         <name>.const:g_pui32GPIOBaseAddrs</name>
         <load_address>0x11120</load_address>
         <run_address>0x11120</run_address>
         <size>0x90</size>
         <input_file_ref idref="fl-13"/>
      </object_component>
      <object_component id="oc-12e">
         <name>.const:g_pui32Xtals</name>
         <load_address>0x111b0</load_address>
         <run_address>0x111b0</run_address>
         <size>0x6c</size>
         <input_file_ref idref="fl-1f"/>
      </object_component>
      <object_component id="oc-3bf">
         <name>.const:g_ppui32I2CIntMapSnowflake</name>
         <load_address>0x1121c</load_address>
         <run_address>0x1121c</run_address>
         <size>0x50</size>
         <input_file_ref idref="fl-15"/>
      </object_component>
      <object_component id="oc-2e0">
         <name>.const:g_ppui32UARTIntMap</name>
         <load_address>0x1126c</load_address>
         <run_address>0x1126c</run_address>
         <size>0x40</size>
         <input_file_ref idref="fl-23"/>
      </object_component>
      <object_component id="oc-2e3">
         <name>.const:g_ppui32UARTIntMapSnowflake</name>
         <load_address>0x112ac</load_address>
         <run_address>0x112ac</run_address>
         <size>0x40</size>
         <input_file_ref idref="fl-23"/>
      </object_component>
      <object_component id="oc-2f6">
         <name>.const</name>
         <load_address>0x112ec</load_address>
         <run_address>0x112ec</run_address>
         <size>0x4</size>
         <input_file_ref idref="fl-24"/>
      </object_component>
      <object_component id="oc-244">
         <name>.const:$O1$$</name>
         <load_address>0x112f0</load_address>
         <run_address>0x112f0</run_address>
         <size>0x30</size>
         <input_file_ref idref="fl-f5"/>
      </object_component>
      <object_component id="oc-3bc">
         <name>.const:g_ppui32I2CIntMap</name>
         <load_address>0x11320</load_address>
         <run_address>0x11320</run_address>
         <size>0x30</size>
         <input_file_ref idref="fl-15"/>
      </object_component>
      <object_component id="oc-125">
         <name>.const:g_sXTALtoMEMTIM</name>
         <load_address>0x11350</load_address>
         <run_address>0x11350</run_address>
         <size>0x30</size>
         <input_file_ref idref="fl-1f"/>
      </object_component>
      <object_component id="oc-3cd">
         <name>.const:g_ppui32SSIIntMap</name>
         <load_address>0x11380</load_address>
         <run_address>0x11380</run_address>
         <size>0x20</size>
         <input_file_ref idref="fl-1d"/>
      </object_component>
      <object_component id="oc-3d0">
         <name>.const:g_ppui32SSIIntMapSnowflake</name>
         <load_address>0x113a0</load_address>
         <run_address>0x113a0</run_address>
         <size>0x20</size>
         <input_file_ref idref="fl-1d"/>
      </object_component>
      <object_component id="oc-142">
         <name>.const:g_pui32Priority</name>
         <load_address>0x113c0</load_address>
         <run_address>0x113c0</run_address>
         <size>0x20</size>
         <input_file_ref idref="fl-16"/>
      </object_component>
      <object_component id="oc-14b">
         <name>.const:g_pui32Dii16Regs</name>
         <load_address>0x113e0</load_address>
         <run_address>0x113e0</run_address>
         <size>0x14</size>
         <input_file_ref idref="fl-16"/>
      </object_component>
      <object_component id="oc-148">
         <name>.const:g_pui32EnRegs</name>
         <load_address>0x113f4</load_address>
         <run_address>0x113f4</run_address>
         <size>0x14</size>
         <input_file_ref idref="fl-16"/>
      </object_component>
      <object_component id="oc-14e">
         <name>.const:g_pui32PendRegs</name>
         <load_address>0x11408</load_address>
         <run_address>0x11408</run_address>
         <size>0x14</size>
         <input_file_ref idref="fl-16"/>
      </object_component>
      <object_component id="oc-151">
         <name>.const:g_pui32UnpendRegs</name>
         <load_address>0x1141c</load_address>
         <run_address>0x1141c</run_address>
         <size>0x14</size>
         <input_file_ref idref="fl-16"/>
      </object_component>
      <object_component id="oc-3b7">
         <name>.const:.string</name>
         <load_address>0x11430</load_address>
         <run_address>0x11430</run_address>
         <size>0x12</size>
         <input_file_ref idref="fl-24"/>
      </object_component>
      <object_component id="oc-2ee">
         <name>.const:g_ui32UARTBase</name>
         <load_address>0x11444</load_address>
         <run_address>0x11444</run_address>
         <size>0xc</size>
         <input_file_ref idref="fl-24"/>
      </object_component>
      <object_component id="oc-2e8">
         <name>.const:g_ui32UARTPeriph</name>
         <load_address>0x11450</load_address>
         <run_address>0x11450</run_address>
         <size>0xc</size>
         <input_file_ref idref="fl-24"/>
      </object_component>
      <object_component id="oc-131">
         <name>.const:g_pui32VCOFrequencies</name>
         <load_address>0x1145c</load_address>
         <run_address>0x1145c</run_address>
         <size>0x8</size>
         <input_file_ref idref="fl-1f"/>
      </object_component>
      <object_component id="oc-4fc">
         <name>.cinit..data.load</name>
         <load_address>0x11468</load_address>
         <run_address>0x11468</run_address>
         <size>0x10</size>
      </object_component>
      <object_component id="oc-4f9">
         <name>__TI_handler_table</name>
         <load_address>0x11478</load_address>
         <run_address>0x11478</run_address>
         <size>0xc</size>
      </object_component>
      <object_component id="oc-4fd">
         <name>.cinit..bss.load</name>
         <load_address>0x11488</load_address>
         <run_address>0x11488</run_address>
         <size>0x8</size>
      </object_component>
      <object_component id="oc-4fb">
         <name>.cinit..vtable.load</name>
         <load_address>0x11490</load_address>
         <run_address>0x11490</run_address>
         <size>0x8</size>
      </object_component>
      <object_component id="oc-4fa">
         <name>__TI_cinit_table</name>
         <load_address>0x11498</load_address>
         <run_address>0x11498</run_address>
         <size>0x18</size>
      </object_component>
      <object_component id="oc-13f">
         <name>.vtable</name>
         <uninitialized>true</uninitialized>
         <run_address>0x20000000</run_address>
         <size>0x26c</size>
         <input_file_ref idref="fl-16"/>
      </object_component>
      <object_component id="oc-286">
         <name>.data</name>
         <load_address>0x20005a25</load_address>
         <run_address>0x20005a25</run_address>
         <size>0x3</size>
         <input_file_ref idref="fl-4"/>
      </object_component>
      <object_component id="oc-2eb">
         <name>.data</name>
         <load_address>0x20005a20</load_address>
         <run_address>0x20005a20</run_address>
         <size>0x5</size>
         <input_file_ref idref="fl-24"/>
      </object_component>
      <object_component id="oc-36a">
         <name>.data</name>
         <load_address>0x20005a2c</load_address>
         <run_address>0x20005a2c</run_address>
         <size>0x4</size>
         <input_file_ref idref="fl-10a"/>
      </object_component>
      <object_component id="oc-2b2">
         <name>.data</name>
         <load_address>0x20005a28</load_address>
         <run_address>0x20005a28</run_address>
         <size>0x4</size>
         <input_file_ref idref="fl-10c"/>
      </object_component>
      <object_component id="oc-296">
         <name>.data:$O1$$</name>
         <load_address>0x20005a18</load_address>
         <run_address>0x20005a18</run_address>
         <size>0x8</size>
         <input_file_ref idref="fl-115"/>
      </object_component>
      <object_component id="oc-3c6">
         <name>.bss:g_pui8OversampleFactor</name>
         <uninitialized>true</uninitialized>
         <run_address>0x200057f8</run_address>
         <size>0x8</size>
         <input_file_ref idref="fl-6"/>
      </object_component>
      <object_component id="oc-306">
         <name>.bss</name>
         <uninitialized>true</uninitialized>
         <run_address>0x20005810</run_address>
         <size>0x1</size>
         <input_file_ref idref="fl-2a"/>
      </object_component>
      <object_component id="oc-270">
         <name>.bss:FIFOs</name>
         <uninitialized>true</uninitialized>
         <run_address>0x200055dc</run_address>
         <size>0x150</size>
         <input_file_ref idref="fl-36"/>
      </object_component>
      <object_component id="oc-ab">
         <name>.bss:threadControlBlocks</name>
         <uninitialized>true</uninitialized>
         <run_address>0x2000526c</run_address>
         <size>0x370</size>
         <input_file_ref idref="fl-37"/>
      </object_component>
      <object_component id="oc-b1">
         <name>.bss:threadStacks</name>
         <uninitialized>true</uninitialized>
         <run_address>0x2000026c</run_address>
         <size>0x5000</size>
         <input_file_ref idref="fl-37"/>
      </object_component>
      <object_component id="oc-9a">
         <name>.bss:Pthread</name>
         <uninitialized>true</uninitialized>
         <run_address>0x2000572c</run_address>
         <size>0x90</size>
         <input_file_ref idref="fl-37"/>
      </object_component>
      <object_component id="oc-a2">
         <name>.bss</name>
         <uninitialized>true</uninitialized>
         <run_address>0x200057f0</run_address>
         <size>0x8</size>
         <input_file_ref idref="fl-37"/>
      </object_component>
      <object_component id="oc-ae">
         <name>.common:IBit_State</name>
         <uninitialized>true</uninitialized>
         <run_address>0x20005804</run_address>
         <size>0x4</size>
      </object_component>
      <object_component id="oc-79">
         <name>.common:CurrentlyRunningThread</name>
         <uninitialized>true</uninitialized>
         <run_address>0x20005800</run_address>
         <size>0x4</size>
      </object_component>
      <object_component id="oc-1b0">
         <name>.common:LCDMutex</name>
         <uninitialized>true</uninitialized>
         <run_address>0x20005808</run_address>
         <size>0x4</size>
      </object_component>
      <object_component id="oc-28a">
         <name>.common:obstacle1</name>
         <uninitialized>true</uninitialized>
         <run_address>0x200057d8</run_address>
         <size>0x18</size>
      </object_component>
      <object_component id="oc-289">
         <name>.common:player1</name>
         <uninitialized>true</uninitialized>
         <run_address>0x200057bc</run_address>
         <size>0x1c</size>
      </object_component>
      <object_component id="oc-99">
         <name>.common:SystemTime</name>
         <uninitialized>true</uninitialized>
         <run_address>0x2000580c</run_address>
         <size>0x4</size>
      </object_component>
      <object_component id="oc-24">
         <name>.stack</name>
         <uninitialized>true</uninitialized>
         <run_address>0x20005818</run_address>
         <size>0x4</size>
         <input_file_ref idref="fl-10d"/>
      </object_component>
      <object_component id="oc-4ff">
         <name>.stack</name>
         <uninitialized>true</uninitialized>
         <run_address>0x20005818</run_address>
         <size>0x0</size>
      </object_component>
      <object_component id="oc-7a">
         <name>.debug_info</name>
         <load_address>0x0</load_address>
         <run_address>0x0</run_address>
         <size>0x5a1</size>
         <input_file_ref idref="fl-2"/>
      </object_component>
      <object_component id="oc-f2">
         <name>.debug_info</name>
         <load_address>0x5a1</load_address>
         <run_address>0x5a1</run_address>
         <size>0x378</size>
         <input_file_ref idref="fl-2"/>
      </object_component>
      <object_component id="oc-bf">
         <name>.debug_info</name>
         <load_address>0x919</load_address>
         <run_address>0x919</run_address>
         <size>0x7e</size>
         <input_file_ref idref="fl-2"/>
      </object_component>
      <object_component id="oc-cb">
         <name>.debug_info</name>
         <load_address>0x997</load_address>
         <run_address>0x997</run_address>
         <size>0x26b</size>
         <input_file_ref idref="fl-2"/>
      </object_component>
      <object_component id="oc-345">
         <name>.debug_info</name>
         <load_address>0xc02</load_address>
         <run_address>0xc02</run_address>
         <size>0x62</size>
         <input_file_ref idref="fl-2"/>
      </object_component>
      <object_component id="oc-ba">
         <name>.debug_info</name>
         <load_address>0xc64</load_address>
         <run_address>0xc64</run_address>
         <size>0x8b</size>
         <input_file_ref idref="fl-2"/>
      </object_component>
      <object_component id="oc-168">
         <name>.debug_info</name>
         <load_address>0xcef</load_address>
         <run_address>0xcef</run_address>
         <size>0x2a4</size>
         <input_file_ref idref="fl-2"/>
      </object_component>
      <object_component id="oc-139">
         <name>.debug_info</name>
         <load_address>0xf93</load_address>
         <run_address>0xf93</run_address>
         <size>0xef</size>
         <input_file_ref idref="fl-2"/>
      </object_component>
      <object_component id="oc-b5">
         <name>.debug_info</name>
         <load_address>0x1082</load_address>
         <run_address>0x1082</run_address>
         <size>0xbb</size>
         <input_file_ref idref="fl-2"/>
      </object_component>
      <object_component id="oc-105">
         <name>.debug_info</name>
         <load_address>0x113d</load_address>
         <run_address>0x113d</run_address>
         <size>0x338</size>
         <input_file_ref idref="fl-2"/>
      </object_component>
      <object_component id="oc-10a">
         <name>.debug_info</name>
         <load_address>0x1475</load_address>
         <run_address>0x1475</run_address>
         <size>0x2c</size>
         <input_file_ref idref="fl-2"/>
      </object_component>
      <object_component id="oc-c4">
         <name>.debug_info</name>
         <load_address>0x14a1</load_address>
         <run_address>0x14a1</run_address>
         <size>0x1a2</size>
         <input_file_ref idref="fl-2"/>
      </object_component>
      <object_component id="oc-2fb">
         <name>.debug_info</name>
         <load_address>0x1643</load_address>
         <run_address>0x1643</run_address>
         <size>0x2c</size>
         <input_file_ref idref="fl-2"/>
      </object_component>
      <object_component id="oc-118">
         <name>.debug_info</name>
         <load_address>0x166f</load_address>
         <run_address>0x166f</run_address>
         <size>0x1e5</size>
         <input_file_ref idref="fl-2"/>
      </object_component>
      <object_component id="oc-7c">
         <name>.debug_info</name>
         <load_address>0x1854</load_address>
         <run_address>0x1854</run_address>
         <size>0x42c</size>
         <input_file_ref idref="fl-3"/>
      </object_component>
      <object_component id="oc-34b">
         <name>.debug_info</name>
         <load_address>0x1c80</load_address>
         <run_address>0x1c80</run_address>
         <size>0xf6</size>
         <input_file_ref idref="fl-3"/>
      </object_component>
      <object_component id="oc-34e">
         <name>.debug_info</name>
         <load_address>0x1d76</load_address>
         <run_address>0x1d76</run_address>
         <size>0xf1</size>
         <input_file_ref idref="fl-3"/>
      </object_component>
      <object_component id="oc-351">
         <name>.debug_info</name>
         <load_address>0x1e67</load_address>
         <run_address>0x1e67</run_address>
         <size>0xf3</size>
         <input_file_ref idref="fl-3"/>
      </object_component>
      <object_component id="oc-27c">
         <name>.debug_info</name>
         <load_address>0x1f5a</load_address>
         <run_address>0x1f5a</run_address>
         <size>0x2d2</size>
         <input_file_ref idref="fl-3"/>
      </object_component>
      <object_component id="oc-7e">
         <name>.debug_info</name>
         <load_address>0x222c</load_address>
         <run_address>0x222c</run_address>
         <size>0x9b6</size>
         <input_file_ref idref="fl-4"/>
      </object_component>
      <object_component id="oc-287">
         <name>.debug_info</name>
         <load_address>0x2be2</load_address>
         <run_address>0x2be2</run_address>
         <size>0x13a</size>
         <input_file_ref idref="fl-4"/>
      </object_component>
      <object_component id="oc-1b2">
         <name>.debug_info</name>
         <load_address>0x2d1c</load_address>
         <run_address>0x2d1c</run_address>
         <size>0xc7a</size>
         <input_file_ref idref="fl-4"/>
      </object_component>
      <object_component id="oc-113">
         <name>.debug_info</name>
         <load_address>0x3996</load_address>
         <run_address>0x3996</run_address>
         <size>0x35</size>
         <input_file_ref idref="fl-4"/>
      </object_component>
      <object_component id="oc-3a">
         <name>.debug_info</name>
         <load_address>0x39cb</load_address>
         <run_address>0x39cb</run_address>
         <size>0x318</size>
         <input_file_ref idref="fl-5"/>
      </object_component>
      <object_component id="oc-13">
         <name>.debug_info</name>
         <load_address>0x3ce3</load_address>
         <run_address>0x3ce3</run_address>
         <size>0x10d</size>
         <input_file_ref idref="fl-5"/>
      </object_component>
      <object_component id="oc-29">
         <name>.debug_info</name>
         <load_address>0x3df0</load_address>
         <run_address>0x3df0</run_address>
         <size>0x289</size>
         <input_file_ref idref="fl-5"/>
      </object_component>
      <object_component id="oc-41">
         <name>.debug_info</name>
         <load_address>0x4079</load_address>
         <run_address>0x4079</run_address>
         <size>0x84</size>
         <input_file_ref idref="fl-5"/>
      </object_component>
      <object_component id="oc-3ca">
         <name>.debug_info</name>
         <load_address>0x40fd</load_address>
         <run_address>0x40fd</run_address>
         <size>0x361</size>
         <input_file_ref idref="fl-6"/>
      </object_component>
      <object_component id="oc-3c7">
         <name>.debug_info</name>
         <load_address>0x445e</load_address>
         <run_address>0x445e</run_address>
         <size>0x122</size>
         <input_file_ref idref="fl-6"/>
      </object_component>
      <object_component id="oc-30b">
         <name>.debug_info</name>
         <load_address>0x4580</load_address>
         <run_address>0x4580</run_address>
         <size>0x2fa0</size>
         <input_file_ref idref="fl-6"/>
      </object_component>
      <object_component id="oc-129">
         <name>.debug_info</name>
         <load_address>0x7520</load_address>
         <run_address>0x7520</run_address>
         <size>0x403</size>
         <input_file_ref idref="fl-a"/>
      </object_component>
      <object_component id="oc-2df">
         <name>.debug_info</name>
         <load_address>0x7923</load_address>
         <run_address>0x7923</run_address>
         <size>0x38b</size>
         <input_file_ref idref="fl-13"/>
      </object_component>
      <object_component id="oc-2d6">
         <name>.debug_info</name>
         <load_address>0x7cae</load_address>
         <run_address>0x7cae</run_address>
         <size>0x12b</size>
         <input_file_ref idref="fl-13"/>
      </object_component>
      <object_component id="oc-2d9">
         <name>.debug_info</name>
         <load_address>0x7dd9</load_address>
         <run_address>0x7dd9</run_address>
         <size>0x12d</size>
         <input_file_ref idref="fl-13"/>
      </object_component>
      <object_component id="oc-2dc">
         <name>.debug_info</name>
         <load_address>0x7f06</load_address>
         <run_address>0x7f06</run_address>
         <size>0x11f</size>
         <input_file_ref idref="fl-13"/>
      </object_component>
      <object_component id="oc-251">
         <name>.debug_info</name>
         <load_address>0x8025</load_address>
         <run_address>0x8025</run_address>
         <size>0x3728</size>
         <input_file_ref idref="fl-13"/>
      </object_component>
      <object_component id="oc-3c3">
         <name>.debug_info</name>
         <load_address>0xb74d</load_address>
         <run_address>0xb74d</run_address>
         <size>0x37c</size>
         <input_file_ref idref="fl-15"/>
      </object_component>
      <object_component id="oc-3bd">
         <name>.debug_info</name>
         <load_address>0xbac9</load_address>
         <run_address>0xbac9</run_address>
         <size>0x118</size>
         <input_file_ref idref="fl-15"/>
      </object_component>
      <object_component id="oc-3c0">
         <name>.debug_info</name>
         <load_address>0xbbe1</load_address>
         <run_address>0xbbe1</run_address>
         <size>0x12a</size>
         <input_file_ref idref="fl-15"/>
      </object_component>
      <object_component id="oc-301">
         <name>.debug_info</name>
         <load_address>0xbd0b</load_address>
         <run_address>0xbd0b</run_address>
         <size>0x311a</size>
         <input_file_ref idref="fl-15"/>
      </object_component>
      <object_component id="oc-155">
         <name>.debug_info</name>
         <load_address>0xee25</load_address>
         <run_address>0xee25</run_address>
         <size>0x368</size>
         <input_file_ref idref="fl-16"/>
      </object_component>
      <object_component id="oc-143">
         <name>.debug_info</name>
         <load_address>0xf18d</load_address>
         <run_address>0xf18d</run_address>
         <size>0x11a</size>
         <input_file_ref idref="fl-16"/>
      </object_component>
      <object_component id="oc-146">
         <name>.debug_info</name>
         <load_address>0xf2a7</load_address>
         <run_address>0xf2a7</run_address>
         <size>0x112</size>
         <input_file_ref idref="fl-16"/>
      </object_component>
      <object_component id="oc-149">
         <name>.debug_info</name>
         <load_address>0xf3b9</load_address>
         <run_address>0xf3b9</run_address>
         <size>0x116</size>
         <input_file_ref idref="fl-16"/>
      </object_component>
      <object_component id="oc-14c">
         <name>.debug_info</name>
         <load_address>0xf4cf</load_address>
         <run_address>0xf4cf</run_address>
         <size>0x11c</size>
         <input_file_ref idref="fl-16"/>
      </object_component>
      <object_component id="oc-14f">
         <name>.debug_info</name>
         <load_address>0xf5eb</load_address>
         <run_address>0xf5eb</run_address>
         <size>0x11a</size>
         <input_file_ref idref="fl-16"/>
      </object_component>
      <object_component id="oc-152">
         <name>.debug_info</name>
         <load_address>0xf705</load_address>
         <run_address>0xf705</run_address>
         <size>0x11e</size>
         <input_file_ref idref="fl-16"/>
      </object_component>
      <object_component id="oc-140">
         <name>.debug_info</name>
         <load_address>0xf823</load_address>
         <run_address>0xf823</run_address>
         <size>0x11b</size>
         <input_file_ref idref="fl-16"/>
      </object_component>
      <object_component id="oc-94">
         <name>.debug_info</name>
         <load_address>0xf93e</load_address>
         <run_address>0xf93e</run_address>
         <size>0xed5</size>
         <input_file_ref idref="fl-16"/>
      </object_component>
      <object_component id="oc-3d4">
         <name>.debug_info</name>
         <load_address>0x10813</load_address>
         <run_address>0x10813</run_address>
         <size>0x36c</size>
         <input_file_ref idref="fl-1d"/>
      </object_component>
      <object_component id="oc-3ce">
         <name>.debug_info</name>
         <load_address>0x10b7f</load_address>
         <run_address>0x10b7f</run_address>
         <size>0x118</size>
         <input_file_ref idref="fl-1d"/>
      </object_component>
      <object_component id="oc-3d1">
         <name>.debug_info</name>
         <load_address>0x10c97</load_address>
         <run_address>0x10c97</run_address>
         <size>0x12a</size>
         <input_file_ref idref="fl-1d"/>
      </object_component>
      <object_component id="oc-317">
         <name>.debug_info</name>
         <load_address>0x10dc1</load_address>
         <run_address>0x10dc1</run_address>
         <size>0x1937</size>
         <input_file_ref idref="fl-1d"/>
      </object_component>
      <object_component id="oc-13e">
         <name>.debug_info</name>
         <load_address>0x126f8</load_address>
         <run_address>0x126f8</run_address>
         <size>0x3ed</size>
         <input_file_ref idref="fl-1f"/>
      </object_component>
      <object_component id="oc-12f">
         <name>.debug_info</name>
         <load_address>0x12ae5</load_address>
         <run_address>0x12ae5</run_address>
         <size>0x111</size>
         <input_file_ref idref="fl-1f"/>
      </object_component>
      <object_component id="oc-135">
         <name>.debug_info</name>
         <load_address>0x12bf6</load_address>
         <run_address>0x12bf6</run_address>
         <size>0x11d</size>
         <input_file_ref idref="fl-1f"/>
      </object_component>
      <object_component id="oc-126">
         <name>.debug_info</name>
         <load_address>0x12d13</load_address>
         <run_address>0x12d13</run_address>
         <size>0x117</size>
         <input_file_ref idref="fl-1f"/>
      </object_component>
      <object_component id="oc-132">
         <name>.debug_info</name>
         <load_address>0x12e2a</load_address>
         <run_address>0x12e2a</run_address>
         <size>0x124</size>
         <input_file_ref idref="fl-1f"/>
      </object_component>
      <object_component id="oc-8e">
         <name>.debug_info</name>
         <load_address>0x12f4e</load_address>
         <run_address>0x12f4e</run_address>
         <size>0x312b</size>
         <input_file_ref idref="fl-1f"/>
      </object_component>
      <object_component id="oc-203">
         <name>.debug_info</name>
         <load_address>0x16079</load_address>
         <run_address>0x16079</run_address>
         <size>0x51</size>
         <input_file_ref idref="fl-1f"/>
      </object_component>
      <object_component id="oc-124">
         <name>.debug_info</name>
         <load_address>0x160ca</load_address>
         <run_address>0x160ca</run_address>
         <size>0x2f7</size>
         <input_file_ref idref="fl-21"/>
      </object_component>
      <object_component id="oc-88">
         <name>.debug_info</name>
         <load_address>0x163c1</load_address>
         <run_address>0x163c1</run_address>
         <size>0x65a</size>
         <input_file_ref idref="fl-21"/>
      </object_component>
      <object_component id="oc-2e7">
         <name>.debug_info</name>
         <load_address>0x16a1b</load_address>
         <run_address>0x16a1b</run_address>
         <size>0x36d</size>
         <input_file_ref idref="fl-23"/>
      </object_component>
      <object_component id="oc-2e1">
         <name>.debug_info</name>
         <load_address>0x16d88</load_address>
         <run_address>0x16d88</run_address>
         <size>0x11b</size>
         <input_file_ref idref="fl-23"/>
      </object_component>
      <object_component id="oc-2e4">
         <name>.debug_info</name>
         <load_address>0x16ea3</load_address>
         <run_address>0x16ea3</run_address>
         <size>0x12d</size>
         <input_file_ref idref="fl-23"/>
      </object_component>
      <object_component id="oc-257">
         <name>.debug_info</name>
         <load_address>0x16fd0</load_address>
         <run_address>0x16fd0</run_address>
         <size>0x2c0d</size>
         <input_file_ref idref="fl-23"/>
      </object_component>
      <object_component id="oc-2fa">
         <name>.debug_info</name>
         <load_address>0x19bdd</load_address>
         <run_address>0x19bdd</run_address>
         <size>0x419</size>
         <input_file_ref idref="fl-24"/>
      </object_component>
      <object_component id="oc-2ec">
         <name>.debug_info</name>
         <load_address>0x19ff6</load_address>
         <run_address>0x19ff6</run_address>
         <size>0x110</size>
         <input_file_ref idref="fl-24"/>
      </object_component>
      <object_component id="oc-2f7">
         <name>.debug_info</name>
         <load_address>0x1a106</load_address>
         <run_address>0x1a106</run_address>
         <size>0x10a</size>
         <input_file_ref idref="fl-24"/>
      </object_component>
      <object_component id="oc-2ef">
         <name>.debug_info</name>
         <load_address>0x1a210</load_address>
         <run_address>0x1a210</run_address>
         <size>0x118</size>
         <input_file_ref idref="fl-24"/>
      </object_component>
      <object_component id="oc-2e9">
         <name>.debug_info</name>
         <load_address>0x1a328</load_address>
         <run_address>0x1a328</run_address>
         <size>0x11c</size>
         <input_file_ref idref="fl-24"/>
      </object_component>
      <object_component id="oc-260">
         <name>.debug_info</name>
         <load_address>0x1a444</load_address>
         <run_address>0x1a444</run_address>
         <size>0x8cd</size>
         <input_file_ref idref="fl-24"/>
      </object_component>
      <object_component id="oc-44e">
         <name>.debug_info</name>
         <load_address>0x1ad11</load_address>
         <run_address>0x1ad11</run_address>
         <size>0x2a9</size>
         <input_file_ref idref="fl-28"/>
      </object_component>
      <object_component id="oc-44b">
         <name>.debug_info</name>
         <load_address>0x1afba</load_address>
         <run_address>0x1afba</run_address>
         <size>0x105</size>
         <input_file_ref idref="fl-28"/>
      </object_component>
      <object_component id="oc-3d6">
         <name>.debug_info</name>
         <load_address>0x1b0bf</load_address>
         <run_address>0x1b0bf</run_address>
         <size>0x1c7</size>
         <input_file_ref idref="fl-28"/>
      </object_component>
      <object_component id="oc-174">
         <name>.debug_info</name>
         <load_address>0x1b286</load_address>
         <run_address>0x1b286</run_address>
         <size>0x2c</size>
         <input_file_ref idref="fl-28"/>
      </object_component>
      <object_component id="oc-19f">
         <name>.debug_info</name>
         <load_address>0x1b2b2</load_address>
         <run_address>0x1b2b2</run_address>
         <size>0x340</size>
         <input_file_ref idref="fl-29"/>
      </object_component>
      <object_component id="oc-307">
         <name>.debug_info</name>
         <load_address>0x1b5f2</load_address>
         <run_address>0x1b5f2</run_address>
         <size>0x11c</size>
         <input_file_ref idref="fl-2a"/>
      </object_component>
      <object_component id="oc-263">
         <name>.debug_info</name>
         <load_address>0x1b70e</load_address>
         <run_address>0x1b70e</run_address>
         <size>0xc05</size>
         <input_file_ref idref="fl-2a"/>
      </object_component>
      <object_component id="oc-80">
         <name>.debug_info</name>
         <load_address>0x1c313</load_address>
         <run_address>0x1c313</run_address>
         <size>0x5d0</size>
         <input_file_ref idref="fl-2b"/>
      </object_component>
      <object_component id="oc-31e">
         <name>.debug_info</name>
         <load_address>0x1c8e3</load_address>
         <run_address>0x1c8e3</run_address>
         <size>0x26f</size>
         <input_file_ref idref="fl-2b"/>
      </object_component>
      <object_component id="oc-339">
         <name>.debug_info</name>
         <load_address>0x1cb52</load_address>
         <run_address>0x1cb52</run_address>
         <size>0x1aa</size>
         <input_file_ref idref="fl-2b"/>
      </object_component>
      <object_component id="oc-332">
         <name>.debug_info</name>
         <load_address>0x1ccfc</load_address>
         <run_address>0x1ccfc</run_address>
         <size>0x1f8</size>
         <input_file_ref idref="fl-2b"/>
      </object_component>
      <object_component id="oc-32c">
         <name>.debug_info</name>
         <load_address>0x1cef4</load_address>
         <run_address>0x1cef4</run_address>
         <size>0x1fe</size>
         <input_file_ref idref="fl-2b"/>
      </object_component>
      <object_component id="oc-325">
         <name>.debug_info</name>
         <load_address>0x1d0f2</load_address>
         <run_address>0x1d0f2</run_address>
         <size>0x1cb</size>
         <input_file_ref idref="fl-2b"/>
      </object_component>
      <object_component id="oc-275">
         <name>.debug_info</name>
         <load_address>0x1d2bd</load_address>
         <run_address>0x1d2bd</run_address>
         <size>0x186d</size>
         <input_file_ref idref="fl-2b"/>
      </object_component>
      <object_component id="oc-311">
         <name>.debug_info</name>
[...]
         <name>InitializeSensorI2C</name>
         <value>0x72b9</value>
         <object_component_ref idref="oc-262"/>
      </symbol>
      <symbol id="sm-7f7">
         <name>StartTransmission</name>
         <value>0x7311</value>
         <object_component_ref idref="oc-262"/>
      </symbol>
      <symbol id="sm-7f8">
         <name>SetSlaveAddress</name>
         <value>0x72fb</value>
         <object_component_ref idref="oc-262"/>
      </symbol>
      <symbol id="sm-7f9">
         <name>ContinueTransmission</name>
         <value>0x7337</value>
         <object_component_ref idref="oc-262"/>
      </symbol>
      <symbol id="sm-7fa">
         <name>EndTransmission</name>
         <value>0x735d</value>
         <object_component_ref idref="oc-262"/>
      </symbol>
      <symbol id="sm-7fb">
         <name>InitializeLEDI2C</name>
         <value>0x726d</value>
         <object_component_ref idref="oc-262"/>
      </symbol>
      <symbol id="sm-7fc">
         <name>StartReceive</name>
         <value>0x73a7</value>
         <object_component_ref idref="oc-262"/>
      </symbol>
      <symbol id="sm-7fd">
         <name>EndReceive</name>
         <value>0x73d7</value>
         <object_component_ref idref="oc-262"/>
      </symbol>
      <symbol id="sm-87e">
         <name>PutChar</name>
         <value>0x8415</value>
         <object_component_ref idref="oc-31c"/>
      </symbol>
      <symbol id="sm-87f">
         <name>LCD_DrawRectangle</name>
         <value>0x4933</value>
         <object_component_ref idref="oc-274"/>
      </symbol>
      <symbol id="sm-880">
         <name>LCD_Init</name>
         <value>0x45d9</value>
         <object_component_ref idref="oc-274"/>
      </symbol>
      <symbol id="sm-881">
         <name>LCD_PushColor</name>
         <value>0x48a3</value>
         <object_component_ref idref="oc-274"/>
      </symbol>
      <symbol id="sm-882">
         <name>WriteTFT_CS</name>
         <value>0x43e5</value>
         <object_component_ref idref="oc-274"/>
      </symbol>
      <symbol id="sm-883">
         <name>LCD_SetCursor</name>
         <value>0x8e1b</value>
         <object_component_ref idref="oc-323"/>
      </symbol>
      <symbol id="sm-884">
         <name>TP_ReadXY</name>
         <value>0x4a17</value>
         <object_component_ref idref="oc-274"/>
      </symbol>
      <symbol id="sm-885">
         <name>WriteTFT_DC</name>
         <value>0x43f9</value>
         <object_component_ref idref="oc-274"/>
      </symbol>
      <symbol id="sm-886">
         <name>LCD_WriteIndex</name>
         <value>0x8c49</value>
         <object_component_ref idref="oc-32a"/>
      </symbol>
      <symbol id="sm-887">
         <name>LCD_WriteData</name>
         <value>0x8b41</value>
         <object_component_ref idref="oc-331"/>
      </symbol>
      <symbol id="sm-888">
         <name>LCD_Clear</name>
         <value>0x48d7</value>
         <object_component_ref idref="oc-274"/>
      </symbol>
      <symbol id="sm-889">
         <name>LCD_SetAddress</name>
         <value>0x482d</value>
         <object_component_ref idref="oc-274"/>
      </symbol>
      <symbol id="sm-88a">
         <name>LCD_Write_Data_Only</name>
         <value>0x8e45</value>
         <object_component_ref idref="oc-338"/>
      </symbol>
      <symbol id="sm-88b">
         <name>LCD_Text</name>
         <value>0x44fb</value>
         <object_component_ref idref="oc-274"/>
      </symbol>
      <symbol id="sm-88c">
         <name>LCD_SetPoint</name>
         <value>0x45ab</value>
         <object_component_ref idref="oc-274"/>
      </symbol>
      <symbol id="sm-88d">
         <name>WriteTP_CS</name>
         <value>0x440d</value>
         <object_component_ref idref="oc-274"/>
      </symbol>
      <symbol id="sm-8a7">
         <name>Joystick_Init_Without_Interrupt</name>
         <value>0x81c9</value>
         <object_component_ref idref="oc-268"/>
      </symbol>
      <symbol id="sm-8a8">
         <name>Disable_Joystick_Interrupt</name>
         <value>0x824b</value>
         <object_component_ref idref="oc-268"/>
      </symbol>
      <symbol id="sm-8a9">
         <name>PortEIntHandler</name>
         <value>0x828d</value>
         <object_component_ref idref="oc-268"/>
      </symbol>
      <symbol id="sm-8aa">
         <name>GetJoystickCoordinates</name>
         <value>0x825f</value>
         <object_component_ref idref="oc-268"/>
      </symbol>
      <symbol id="sm-8ab">
         <name>Joystick_Push_Button_Init_With_Interrupt</name>
         <value>0x8215</value>
         <object_component_ref idref="oc-268"/>
      </symbol>
      <symbol id="sm-8b4">
         <name>SysDelay</name>
         <value>0x8f77</value>
         <object_component_ref idref="oc-315"/>
      </symbol>
      <symbol id="sm-8bf">
         <name>StartCriticalSection</name>
         <value>0x8f2b</value>
         <object_component_ref idref="oc-9d"/>
      </symbol>
      <symbol id="sm-8c0">
         <name>EndCriticalSection</name>
         <value>0x8f33</value>
         <object_component_ref idref="oc-9d"/>
      </symbol>
      <symbol id="sm-8e8">
         <name>readFIFO</name>
         <value>0x7635</value>
         <object_component_ref idref="oc-1aa"/>
      </symbol>
      <symbol id="sm-8e9">
         <name>G8RTOS_InitFIFO</name>
         <value>0x75e1</value>
         <object_component_ref idref="oc-1aa"/>
      </symbol>
      <symbol id="sm-8ea">
         <name>writeFIFO</name>
         <value>0x76b1</value>
         <object_component_ref idref="oc-1aa"/>
      </symbol>
      <symbol id="sm-975">
         <name>SystemTime</name>
         <value>0x2000580c</value>
      </symbol>
      <symbol id="sm-976">
         <name>G8RTOS_AddThread</name>
         <value>0x5435</value>
         <object_component_ref idref="oc-32"/>
      </symbol>
      <symbol id="sm-977">
         <name>SysTick_Handler</name>
         <value>0x5295</value>
         <object_component_ref idref="oc-32"/>
      </symbol>
      <symbol id="sm-978">
         <name>G8RTOS_KillThread</name>
         <value>0x56ed</value>
         <object_component_ref idref="oc-32"/>
      </symbol>
      <symbol id="sm-979">
         <name>G8RTOS_Init</name>
         <value>0x5351</value>
         <object_component_ref idref="oc-32"/>
      </symbol>
      <symbol id="sm-97a">
         <name>G8RTOS_AddPeriodicEvent</name>
         <value>0x5575</value>
         <object_component_ref idref="oc-32"/>
      </symbol>
      <symbol id="sm-97b">
         <name>G8RTOS_KillAllThreads</name>
         <value>0x57f9</value>
         <object_component_ref idref="oc-32"/>
      </symbol>
      <symbol id="sm-97c">
         <name>G8RTOS_GetThreadId</name>
         <value>0x56d5</value>
         <object_component_ref idref="oc-32"/>
      </symbol>
      <symbol id="sm-97d">
         <name>G8RTOS_Scheduler</name>
         <value>0x5239</value>
         <object_component_ref idref="oc-32"/>
      </symbol>
      <symbol id="sm-97e">
         <name>G8RTOS_KillSelf</name>
         <value>0x57c9</value>
         <object_component_ref idref="oc-32"/>
      </symbol>
      <symbol id="sm-97f">
         <name>GetNumberOfThreads</name>
         <value>0x57dd</value>
         <object_component_ref idref="oc-32"/>
      </symbol>
      <symbol id="sm-980">
         <name>G8RTOS_AddAPeriodicEvent</name>
         <value>0x5651</value>
         <object_component_ref idref="oc-32"/>
      </symbol>
      <symbol id="sm-981">
         <name>G8RTOS_Launch</name>
         <value>0x53ab</value>
         <object_component_ref idref="oc-32"/>
      </symbol>
      <symbol id="sm-982">
         <name>sleep</name>
         <value>0x56ab</value>
         <object_component_ref idref="oc-32"/>
      </symbol>
      <symbol id="sm-98d">
         <name>PendSV_Handler</name>
         <value>0x8c1b</value>
         <object_component_ref idref="oc-2d"/>
      </symbol>
      <symbol id="sm-98e">
         <name>G8RTOS_Start</name>
         <value>0x8c0d</value>
         <object_component_ref idref="oc-2d"/>
      </symbol>
      <symbol id="sm-9a6">
         <name>G8RTOS_SignalSemaphore</name>
         <value>0x83c3</value>
         <object_component_ref idref="oc-1a4"/>
      </symbol>
      <symbol id="sm-9a7">
         <name>G8RTOS_WaitSemaphore</name>
         <value>0x838b</value>
         <object_component_ref idref="oc-1a4"/>
      </symbol>
      <symbol id="sm-9a8">
         <name>G8RTOS_InitSemaphore</name>
         <value>0x836d</value>
         <object_component_ref idref="oc-1a4"/>
      </symbol>
      <symbol id="sm-9cf">
         <name>sprintf</name>
         <value>0x8cc9</value>
         <object_component_ref idref="oc-280"/>
      </symbol>
      <symbol id="sm-a0b">
         <name>log</name>
         <value>0x6345</value>
         <object_component_ref idref="oc-182"/>
      </symbol>
      <symbol id="sm-a0c">
         <name>logl</name>
         <value>0x6345</value>
         <object_component_ref idref="oc-182"/>
      </symbol>
      <symbol id="sm-a99">
         <name>pow</name>
         <value>0x2851</value>
         <object_component_ref idref="oc-198"/>
      </symbol>
      <symbol id="sm-a9a">
         <name>powl</name>
         <value>0x2851</value>
         <object_component_ref idref="oc-198"/>
      </symbol>
      <symbol id="sm-abc">
         <name>sqrtl</name>
         <value>0x7751</value>
         <object_component_ref idref="oc-23e"/>
      </symbol>
      <symbol id="sm-abd">
         <name>sqrt</name>
         <value>0x7751</value>
         <object_component_ref idref="oc-23e"/>
      </symbol>
      <symbol id="sm-ada">
         <name>floorl</name>
         <value>0x80d1</value>
         <object_component_ref idref="oc-18d"/>
      </symbol>
      <symbol id="sm-adb">
         <name>floor</name>
         <value>0x80d1</value>
         <object_component_ref idref="oc-18d"/>
      </symbol>
      <symbol id="sm-b02">
         <name>scalbn</name>
         <value>0x7ec5</value>
         <object_component_ref idref="oc-247"/>
      </symbol>
      <symbol id="sm-b03">
         <name>scalbnl</name>
         <value>0x7ec5</value>
         <object_component_ref idref="oc-247"/>
      </symbol>
      <symbol id="sm-b04">
         <name>ldexpl</name>
         <value>0x7ec5</value>
         <object_component_ref idref="oc-247"/>
      </symbol>
      <symbol id="sm-b05">
         <name>ldexp</name>
         <value>0x7ec5</value>
         <object_component_ref idref="oc-247"/>
      </symbol>
      <symbol id="sm-b0f">
         <name>copysign</name>
         <value>0x8ea9</value>
         <object_component_ref idref="oc-2c6"/>
      </symbol>
      <symbol id="sm-b10">
         <name>copysignl</name>
         <value>0x8ea9</value>
         <object_component_ref idref="oc-2c6"/>
      </symbol>
      <symbol id="sm-b1e">
         <name>__aeabi_uldivmod</name>
         <value>0x8559</value>
         <object_component_ref idref="oc-456"/>
      </symbol>
      <symbol id="sm-b2d">
         <name>__aeabi_uidivmod</name>
         <value>0x8c89</value>
         <object_component_ref idref="oc-2f1"/>
      </symbol>
      <symbol id="sm-b2e">
         <name>__aeabi_uidiv</name>
         <value>0x8c89</value>
         <object_component_ref idref="oc-2f1"/>
      </symbol>
      <symbol id="sm-b3d">
         <name>__aeabi_memset</name>
         <value>0x8787</value>
         <object_component_ref idref="oc-e5"/>
      </symbol>
      <symbol id="sm-b3e">
         <name>memset</name>
         <value>0x878d</value>
         <object_component_ref idref="oc-e5"/>
      </symbol>
      <symbol id="sm-b3f">
         <name>__aeabi_memset8</name>
         <value>0x8787</value>
         <object_component_ref idref="oc-e5"/>
      </symbol>
      <symbol id="sm-b40">
         <name>__aeabi_memset4</name>
         <value>0x8787</value>
         <object_component_ref idref="oc-e5"/>
      </symbol>
      <symbol id="sm-b41">
         <name>__aeabi_memclr8</name>
         <value>0x8785</value>
         <object_component_ref idref="oc-e5"/>
      </symbol>
      <symbol id="sm-b42">
         <name>__aeabi_memclr4</name>
         <value>0x8785</value>
         <object_component_ref idref="oc-e5"/>
      </symbol>
      <symbol id="sm-b43">
         <name>__aeabi_memclr</name>
         <value>0x8785</value>
         <object_component_ref idref="oc-e5"/>
      </symbol>
      <symbol id="sm-b5a">
         <name>__aeabi_dsub</name>
         <value>0x7429</value>
         <object_component_ref idref="oc-225"/>
      </symbol>
      <symbol id="sm-b5b">
         <name>__aeabi_dadd</name>
         <value>0x7433</value>
         <object_component_ref idref="oc-225"/>
      </symbol>
      <symbol id="sm-b7d">
         <name>__aeabi_cdcmpeq</name>
         <value>0x8679</value>
         <object_component_ref idref="oc-22a"/>
      </symbol>
      <symbol id="sm-b7e">
         <name>__aeabi_cdcmple</name>
         <value>0x8679</value>
         <object_component_ref idref="oc-22a"/>
      </symbol>
      <symbol id="sm-b7f">
         <name>__aeabi_cdrcmple</name>
         <value>0x86ff</value>
         <object_component_ref idref="oc-236"/>
      </symbol>
      <symbol id="sm-b93">
         <name>__aeabi_ddiv</name>
         <value>0x7b35</value>
         <object_component_ref idref="oc-188"/>
      </symbol>
      <symbol id="sm-b9e">
         <name>__aeabi_dmul</name>
         <value>0x7fd5</value>
         <object_component_ref idref="oc-220"/>
      </symbol>
      <symbol id="sm-ba8">
         <name>__aeabi_d2iz</name>
         <value>0x8af9</value>
         <object_component_ref idref="oc-193"/>
      </symbol>
      <symbol id="sm-bb2">
         <name>__aeabi_i2d</name>
         <value>0x8ded</value>
         <object_component_ref idref="oc-17d"/>
      </symbol>
      <symbol id="sm-bce">
         <name>memcpy</name>
         <value>0x84bd</value>
         <object_component_ref idref="oc-46"/>
      </symbol>
      <symbol id="sm-bcf">
         <name>__aeabi_memcpy</name>
         <value>0x84bd</value>
         <object_component_ref idref="oc-46"/>
      </symbol>
      <symbol id="sm-bd0">
         <name>__aeabi_memcpy8</name>
         <value>0x84bd</value>
         <object_component_ref idref="oc-46"/>
      </symbol>
      <symbol id="sm-bd1">
         <name>__aeabi_memcpy4</name>
         <value>0x84bd</value>
         <object_component_ref idref="oc-46"/>
      </symbol>
      <symbol id="sm-bdb">
         <name>__aeabi_ui2d</name>
         <value>0x8e6d</value>
         <object_component_ref idref="oc-33f"/>
      </symbol>
      <symbol id="sm-bed">
         <name>__TI_zero_init</name>
         <value>0x8f47</value>
         <object_component_ref idref="oc-58"/>
      </symbol>
      <symbol id="sm-c04">
         <name>__TI_decompress_none</name>
         <value>0x8f39</value>
         <object_component_ref idref="oc-1b"/>
      </symbol>
      <symbol id="sm-c27">
         <name>__TI_decompress_lzss</name>
         <value>0x88e3</value>
         <object_component_ref idref="oc-15"/>
      </symbol>
      <symbol id="sm-c3d">
         <name>rand</name>
         <value>0x8db9</value>
         <object_component_ref idref="oc-28b"/>
      </symbol>
      <symbol id="sm-c4b">
         <name>strcpy</name>
         <value>0x8ef1</value>
         <object_component_ref idref="oc-a5"/>
      </symbol>
      <symbol id="sm-c61">
         <name>__aeabi_errno_addr</name>
         <value>0x8f69</value>
         <object_component_ref idref="oc-21a"/>
      </symbol>
      <symbol id="sm-c62">
         <name>errno</name>
         <value>0x20005a28</value>
         <object_component_ref idref="oc-2b2"/>
      </symbol>
      <symbol id="sm-c75">
         <name>__stack</name>
         <value>0x20005818</value>
         <object_component_ref idref="oc-24"/>
      </symbol>
      <symbol id="sm-c76">
         <name>_c_int00_noargs</name>
         <value>0x8d85</value>
         <object_component_ref idref="oc-64"/>
      </symbol>
      <symbol id="sm-ddb">
         <name>__TI_printfi</name>
         <value>0x1e01</value>
         <object_component_ref idref="oc-354"/>
      </symbol>
      <symbol id="sm-df1">
         <name>frexpl</name>
         <value>0x894d</value>
         <object_component_ref idref="oc-47d"/>
      </symbol>
      <symbol id="sm-df2">
         <name>frexp</name>
         <value>0x894d</value>
         <object_component_ref idref="oc-47d"/>
      </symbol>
      <symbol id="sm-dfc">
         <name>__aeabi_idiv0</name>
         <value>0x5e9b</value>
         <object_component_ref idref="oc-3b1"/>
      </symbol>
      <symbol id="sm-dfd">
         <name>__aeabi_ldiv0</name>
         <value>0x5e9b</value>
         <object_component_ref idref="oc-3b1"/>
      </symbol>
      <symbol id="sm-e25">
         <name>__TI_auto_init_nobinit_nopinit</name>
         <value>0x8b85</value>
         <object_component_ref idref="oc-1c4"/>
      </symbol>
      <symbol id="sm-e2f">
         <name>_system_pre_init</name>
         <value>0x8f7d</value>
         <object_component_ref idref="oc-eb"/>
      </symbol>
      <symbol id="sm-e3b">
         <name>C$$EXIT</name>
         <value>0x8f81</value>
         <object_component_ref idref="oc-1b8"/>
      </symbol>
      <symbol id="sm-e3c">
         <name>abort</name>
         <value>0x8f81</value>
         <object_component_ref idref="oc-1b8"/>
      </symbol>
      <symbol id="sm-e51">
         <name>_nop</name>
         <value>0x284f</value>
         <object_component_ref idref="oc-370"/>
      </symbol>
      <symbol id="sm-e52">
         <name>_lock</name>
         <value>0x20005a18</value>
         <object_component_ref idref="oc-296"/>
      </symbol>
      <symbol id="sm-e53">
         <name>_unlock</name>
         <value>0x20005a1c</value>
         <object_component_ref idref="oc-296"/>
      </symbol>
      <symbol id="sm-e62">
         <name>__TI_ltoa</name>
         <value>0x8a07</value>
         <object_component_ref idref="oc-45c"/>
      </symbol>
      <symbol id="sm-e79">
         <name>atoi</name>
         <value>0x8aad</value>
         <object_component_ref idref="oc-3e8"/>
      </symbol>
      <symbol id="sm-e84">
         <name>_ctypes_</name>
         <value>0x10de8</value>
         <object_component_ref idref="oc-451"/>
      </symbol>
      <symbol id="sm-e94">
         <name>memccpy</name>
         <value>0x8e8d</value>
         <object_component_ref idref="oc-40c"/>
      </symbol>
      <symbol id="sm-ea4">
         <name>strchr</name>
         <value>0x8edb</value>
         <object_component_ref idref="oc-483"/>
      </symbol>
      <symbol id="sm-eb2">
         <name>strlen</name>
         <value>0x8f05</value>
         <object_component_ref idref="oc-3e2"/>
      </symbol>
      <symbol id="sm-ecb">
         <name>wcslen</name>
         <value>0x8f19</value>
         <object_component_ref idref="oc-412"/>
      </symbol>
      <symbol id="sm-ecc">
         <name>__TI_static_base__</name>
         <value>0x0</value>
      </symbol>
      <symbol id="sm-ecf">
         <name>__mpu_init</name>
         <value>0x0</value>
      </symbol>
      <symbol id="sm-ed0">
         <name>_system_post_cinit</name>
         <value>0x0</value>
      </symbol>
   </symbol_table>
   <title>Link successful</title>
</link_info>
