******************************************************************************
                  TI ARM Linker PC v20.2.4                     
******************************************************************************
>> Linked Thu Dec 15 10:49:47 2022

OUTPUT FILE NAME:   <FINAL2.out>
ENTRY POINT SYMBOL: "_c_int00_noargs"  address: 00012e3d


MEMORY CONFIGURATION

         name            origin    length      used     unused   attr    fill
----------------------  --------  ---------  --------  --------  ----  --------
  FLASH                 00000000   00040000  00013080  0002cf80  R  X
  SRAM                  20000000   00008000  00005a2d  000025d3  RW X


SEGMENT ALLOCATION MAP

run origin  load origin   length   init length attrs members
----------  ----------- ---------- ----------- ----- -------
00000000    00000000    00013088   00013088    r-x
  00000000    00000000    0000026c   0000026c    r-- .intvecs
  00000270    00000270    00009f6c   00009f6c    r-- .const
  0000a1dc    0000a1dc    00008e60   00008e60    r-x .text
  00013040    00013040    00000048   00000048    r-- .cinit
20000000    20000000    00005a30   00000000    rw-
  20000000    20000000    0000026c   00000000    rw- .vtable
  2000026c    2000026c    000055a9   00000000    rw- .bss
  20005818    20005818    00000200   00000000    rw- .stack
  20005a18    20005a18    00000018   00000000    rw- .data


SECTION ALLOCATION MAP

 output                                  attributes/
section   page    origin      length       input sections
--------  ----  ----------  ----------   ----------------
.intvecs   0    00000000    0000026c     
                  00000000    0000026c     tm4c123gh6pm_startup_ccs.obj (.intvecs)

.const     0    00000270    00009f6c     
                  00000270    00006400     sprites.obj (.const:RTOS_LOGO)
                  00006670    00000bb8     sprites.obj (.const:Jump)
                  00007228    00000bb8     sprites.obj (.const:MARIO1)
                  00007de0    000007d0     sprites.obj (.const:Cloud2)
                  000085b0    00000708     sprites.obj (.const:GOOMBA1)
                  00008cb8    000005f0     AsciiLib.obj (.const:AsciiLib)
                  000092a8    000004b0     sprites.obj (.const:Cloud1)
                  00009758    00000258     sprites.obj (.const:Ground)
                  000099b0    000001b0     sysctl.obj (.const:g_pppui32XTALtoVCO)
                  00009b60    00000101     rtsv7M4_T_le_v4SPD16_eabi.lib : ctype.c.obj (.const:.string:_ctypes_)
                  00009c61    00000003     --HOLE-- [fill = 0]
                  00009c64    000000d8     gpio.obj (.const:g_ppui32GPIOIntMapSnowflake)
                  00009d3c    000000c0     gpio.obj (.const:g_ppui32GPIOIntMapBlizzard)
                  00009dfc    0000009c     interrupt.obj (.const:g_pui32Regs)
                  00009e98    00000090     gpio.obj (.const:g_pui32GPIOBaseAddrs)
                  00009f28    0000006c     sysctl.obj (.const:g_pui32Xtals)
                  00009f94    00000050     i2c.obj (.const:g_ppui32I2CIntMapSnowflake)
                  00009fe4    00000040     uart.obj (.const:g_ppui32UARTIntMap)
                  0000a024    00000040     uart.obj (.const:g_ppui32UARTIntMapSnowflake)
                  0000a064    00000004     uartstdio.obj (.const)
                  0000a068    00000030     rtsv7M4_T_le_v4SPD16_eabi.lib : e_pow.c.obj (.const:$O1$$)
                  0000a098    00000030     i2c.obj (.const:g_ppui32I2CIntMap)
                  0000a0c8    00000030     sysctl.obj (.const:g_sXTALtoMEMTIM)
                  0000a0f8    00000020     ssi.obj (.const:g_ppui32SSIIntMap)
                  0000a118    00000020     ssi.obj (.const:g_ppui32SSIIntMapSnowflake)
                  0000a138    00000020     interrupt.obj (.const:g_pui32Priority)
                  0000a158    00000014     interrupt.obj (.const:g_pui32Dii16Regs)
                  0000a16c    00000014     interrupt.obj (.const:g_pui32EnRegs)
                  0000a180    00000014     interrupt.obj (.const:g_pui32PendRegs)
                  0000a194    00000014     interrupt.obj (.const:g_pui32UnpendRegs)
                  0000a1a8    00000012     uartstdio.obj (.const:.string)
                  0000a1ba    00000002     --HOLE-- [fill = 0]
                  0000a1bc    0000000c     uartstdio.obj (.const:g_ui32UARTBase)
                  0000a1c8    0000000c     uartstdio.obj (.const:g_ui32UARTPeriph)
                  0000a1d4    00000008     sysctl.obj (.const:g_pui32VCOFrequencies)

.text      0    0000a1dc    00008e60     
                  0000a1dc    00000f80     sysctl.obj (.text)
                  0000b15c    00000c14     gpio.obj (.text)
                  0000bd70    00000a84     threads.obj (.text)
                  0000c7f4    00000a4e     rtsv7M4_T_le_v4SPD16_eabi.lib : _printfi.c.obj (.text:__TI_printfi)
                  0000d242    00000002                                   : _lock.c.obj (.text:_nop)
                  0000d244    000009c0                                   : e_pow.c.obj (.text:pow)
                  0000dc04    00000840     adc.obj (.text)
                  0000e444    0000074c     ILI9341_Lib.obj (.text)
                  0000eb90    000006f8     i2c.obj (.text)
                  0000f288    00000644     G8RTOS_Scheduler.obj (.text)
                  0000f8cc    0000062e     uart.obj (.text)
                  0000fefa    00000002     rtsv7M4_T_le_v4SPD16_eabi.lib : div0.asm.obj (.text)
                  0000fefc    000004a8     uartstdio.obj (.text)
                  000103a4    000003c4     rtsv7M4_T_le_v4SPD16_eabi.lib : e_log.c.obj (.text:log)
                  00010768    000003c0     interrupt.obj (.text)
                  00010b28    00000362     ssi.obj (.text)
                  00010e8a    00000002     --HOLE-- [fill = 0]
                  00010e8c    00000270     rtsv7M4_T_le_v4SPD16_eabi.lib : _printfi.c.obj (.text:_pconv_a)
                  000110fc    000001d0                                   : _printfi.c.obj (.text:_pconv_g)
                  000112cc    000001bc     I2CDriver.obj (.text)
                  00011488    000001b6     rtsv7M4_T_le_v4SPD16_eabi.lib : fd_add_t2.asm.obj (.text)
                  0001163e    00000002     --HOLE-- [fill = 0]
                  00011640    0000018c     sprites.obj (.text)
                  000117cc    00000170     G8RTOS_IPC.obj (.text)
                  0001193c    00000158     rtsv7M4_T_le_v4SPD16_eabi.lib : e_sqrt.c.obj (.text:sqrt)
                  00011a94    00000150     main.obj (.text)
                  00011be4    0000013c     rtsv7M4_T_le_v4SPD16_eabi.lib : _printfi.c.obj (.text:_pconv_e)
                  00011d20    00000136                                   : fd_div_t2.asm.obj (.text)
                  00011e56    00000002     --HOLE-- [fill = 0]
                  00011e58    00000124                                   : _printfi.c.obj (.text:fcvt)
                  00011f7c    00000110                                   : s_scalbn.c.obj (.text:scalbn)
                  0001208c    000000fc                                   : fd_mul_t2.asm.obj (.text)
                  00012188    000000f8                                   : s_floor.c.obj (.text:floor)
                  00012280    000000f0     Joystick.obj (.text)
                  00012370    000000b1     rtsv7M4_T_le_v4SPD16_eabi.lib : _printfi.c.obj (.text:_ltostr)
                  00012421    00000003     --HOLE-- [fill = 0]
                  00012424    000000a8     G8RTOS_Semaphores.obj (.text)
                  000124cc    000000a8     ILI9341_Lib.obj (.text:PutChar)
                  00012574    0000009c     rtsv7M4_T_le_v4SPD16_eabi.lib : memcpy_t2.asm.obj (.text)
                  00012610    00000096                                   : ull_div_t2.asm.obj (.text)
                  000126a6    00000002     --HOLE-- [fill = 0]
                  000126a8    00000088     systick.obj (.text)
                  00012730    00000086     rtsv7M4_T_le_v4SPD16_eabi.lib : fd_cmp_t2.asm.obj (.text:__aeabi_cdcmple)
                  000127b6    00000086                                   : fd_cmp_t2.asm.obj (.text:__aeabi_cdrcmple)
                  0001283c    0000007a                                   : memset_t2.asm.obj (.text)
                  000128b6    00000002     --HOLE-- [fill = 0]
                  000128b8    00000074     BoardInitialization.obj (.text)
                  0001292c    0000006e     rtsv7M4_T_le_v4SPD16_eabi.lib : _printfi.c.obj (.text:_mcpy)
                  0001299a    00000068                                   : copy_decompress_lzss.c.obj (.text:decompress:lzss:__TI_decompress_lzss)
                  00012a02    00000002     --HOLE-- [fill = 0]
                  00012a04    00000064                                   : s_frexp.c.obj (.text:frexp)
                  00012a68    00000056                                   : _printfi.c.obj (.text:_pconv_f)
                  00012abe    00000054                                   : _ltoa.c.obj (.text:__TI_ltoa)
                  00012b12    00000052                                   : _printfi.c.obj (.text:_ecpy)
                  00012b64    0000004c                                   : atoi.c.obj (.text:atoi)
                  00012bb0    00000048                                   : fd_toi_t2.asm.obj (.text)
                  00012bf8    00000044     ILI9341_Lib.obj (.text:LCD_WriteData)
                  00012c3c    00000044     rtsv7M4_T_le_v4SPD16_eabi.lib : autoinit.c.obj (.text:__TI_auto_init_nobinit_nopinit:__TI_auto_init_nobinit_nopinit)
                  00012c80    00000040     AsciiLib.obj (.text)
                  00012cc0    00000040     G8RTOS_SchedulerASM.obj (.text)
                  00012d00    00000040     ILI9341_Lib.obj (.text:LCD_WriteIndex)
                  00012d40    00000040     rtsv7M4_T_le_v4SPD16_eabi.lib : u_divt2.asm.obj (.text)
                  00012d80    00000040                                   : sprintf.c.obj (.text:sprintf)
                  00012dc0    0000003e                                   : _printfi.c.obj (.text:_fcpy)
                  00012dfe    0000003e     cpu.obj (.text)
                  00012e3c    00000034     rtsv7M4_T_le_v4SPD16_eabi.lib : boot_cortex_m.c.obj (.text:_c_int00_noargs:_c_int00_noargs)
                  00012e70    00000034                                   : rand.c.obj (.text:rand)
                  00012ea4    0000002e                                   : i_tofd_t2.asm.obj (.text)
                  00012ed2    00000028     ILI9341_Lib.obj (.text:LCD_SetCursor)
                  00012efa    00000002     --HOLE-- [fill = 0]
                  00012efc    00000028     ILI9341_Lib.obj (.text:LCD_Write_Data_Only)
                  00012f24    00000020     rtsv7M4_T_le_v4SPD16_eabi.lib : u_tofd_t2.asm.obj (.text)
                  00012f44    0000001c                                   : memccpy.c.obj (.text:memccpy)
                  00012f60    0000001a                                   : s_copysign.c.obj (.text:copysign)
                  00012f7a    00000018                                   : sprintf.c.obj (.text:_outs)
                  00012f92    00000016                                   : strchr.c.obj (.text:strchr)
                  00012fa8    00000014                                   : strcpy.c.obj (.text:strcpy)
                  00012fbc    00000014                                   : strlen.c.obj (.text:strlen)
                  00012fd0    00000012                                   : wcslen.c.obj (.text:wcslen)
                  00012fe2    0000000e     G8RTOS_CriticalSection.obj (.text)
                  00012ff0    0000000e     rtsv7M4_T_le_v4SPD16_eabi.lib : copy_decompress_none.c.obj (.text:decompress:none:__TI_decompress_none)
                  00012ffe    0000000c                                   : copy_zero_init.c.obj (.text:decompress:ZI:__TI_zero_init)
                  0001300a    0000000c     tm4c123gh6pm_startup_ccs.obj (.text)
                  00013016    0000000a     rtsv7M4_T_le_v4SPD16_eabi.lib : sprintf.c.obj (.text:_outc)
                  00013020    00000008                                   : errno.c.obj (.text:__aeabi_errno_addr)
                  00013028    00000006     sysctl.obj (.text:SysCtlDelay)
                  0001302e    00000006     demo_sysctl.obj (.text:SysDelay)
                  00013034    00000004     rtsv7M4_T_le_v4SPD16_eabi.lib : pre_init.c.obj (.text:_system_pre_init)
                  00013038    00000004                                   : exit.c.obj (.text:abort:abort)

.cinit     0    00013040    00000048     
                  00013040    00000010     (.cinit..data.load) [load image, compression = lzss]
                  00013050    0000000c     (__TI_handler_table)
                  0001305c    00000004     --HOLE-- [fill = 0]
                  00013060    00000008     (.cinit..bss.load) [load image, compression = zero_init]
                  00013068    00000008     (.cinit..vtable.load) [load image, compression = zero_init]
                  00013070    00000018     (__TI_cinit_table)

.init_array 
*          0    00000000    00000000     UNINITIALIZED

.vtable    0    20000000    0000026c     UNINITIALIZED
                  20000000    0000026c     interrupt.obj (.vtable)

.bss       0    2000026c    000055a9     UNINITIALIZED
                  2000026c    00005000     G8RTOS_Scheduler.obj (.bss:threadStacks)
                  2000526c    00000370     G8RTOS_Scheduler.obj (.bss:threadControlBlocks)
                  200055dc    00000150     G8RTOS_IPC.obj (.bss:FIFOs)
                  2000572c    00000090     G8RTOS_Scheduler.obj (.bss:Pthread)
                  200057bc    00000020     (.common:player1)
                  200057dc    00000018     (.common:obstacle1)
                  200057f4    00000008     G8RTOS_Scheduler.obj (.bss)
                  200057fc    00000008     adc.obj (.bss:g_pui8OversampleFactor)
                  20005804    00000004     (.common:CurrentlyRunningThread)
                  20005808    00000004     (.common:IBit_State)
                  2000580c    00000004     (.common:LCDMutex)
                  20005810    00000004     (.common:SystemTime)
                  20005814    00000001     I2CDriver.obj (.bss)

.data      0    20005a18    00000018     UNINITIALIZED
                  20005a18    00000008     rtsv7M4_T_le_v4SPD16_eabi.lib : _lock.c.obj (.data:$O1$$)
                  20005a20    00000005     uartstdio.obj (.data)
                  20005a25    00000003     threads.obj (.data)
                  20005a28    00000004     rtsv7M4_T_le_v4SPD16_eabi.lib : errno.c.obj (.data)
                  20005a2c    00000004                                   : rand.c.obj (.data)

.stack     0    20005818    00000200     UNINITIALIZED
                  20005818    00000004     rtsv7M4_T_le_v4SPD16_eabi.lib : boot_cortex_m.c.obj (.stack)
                  2000581c    000001fc     --HOLE--

__llvm_prf_cnts 
*          0    20000000    00000000     UNINITIALIZED

MODULE SUMMARY

       Module                         code    ro data   rw data
       ------                         ----    -------   -------
    .\
       sprites.obj                    396     37200     0      
       threads.obj                    2692    0         59     
       tm4c123gh6pm_startup_ccs.obj   12      620       0      
       main.obj                       336     0         12     
    +--+------------------------------+-------+---------+---------+
       Total:                         3436    37820     71     
                                                               
    .\BoardSupport\driverlib\
       sysctl.obj                     3974    596       0      
       gpio.obj                       3092    552       0      
       adc.obj                        2112    0         8      
       i2c.obj                        1784    128       0      
       interrupt.obj                  960     268       620    
       uart.obj                       1582    128       0      
       uartstdio.obj                  1192    46        5      
       ssi.obj                        866     64        0      
       systick.obj                    136     0         0      
       cpu.obj                        62      0         0      
    +--+------------------------------+-------+---------+---------+
       Total:                         15760   1782      633    
                                                               
    .\BoardSupport\src\
       ILI9341_Lib.obj                2248    0         0      
       AsciiLib.obj                   64      1520      0      
       I2CDriver.obj                  444     0         1      
       Joystick.obj                   240     0         0      
       BoardInitialization.obj        116     0         0      
       demo_sysctl.obj                6       0         0      
    +--+------------------------------+-------+---------+---------+
       Total:                         3118    1520      1      
                                                               
    .\G8RTOS_Lab4\
       G8RTOS_Scheduler.obj           1604    0         21516  
       G8RTOS_IPC.obj                 368     0         336    
       G8RTOS_Semaphores.obj          168     0         0      
       G8RTOS_SchedulerASM.obj        64      0         0      
       G8RTOS_CriticalSection.obj     14      0         0      
    +--+------------------------------+-------+---------+---------+
       Total:                         2218    0         21852  
                                                               
    C:\ti\ti-cgt-arm_20.2.4.LTS\lib\rtsv7M4_T_le_v4SPD16_eabi.lib
       _printfi.c.obj                 4851    0         0      
       e_pow.c.obj                    2496    48        0      
       e_log.c.obj                    964     0         0      
       fd_add_t2.asm.obj              438     0         0      
       e_sqrt.c.obj                   344     0         0      
       fd_div_t2.asm.obj              310     0         0      
       s_scalbn.c.obj                 272     0         0      
       fd_cmp_t2.asm.obj              268     0         0      
       ctype.c.obj                    0       257       0      
       fd_mul_t2.asm.obj              252     0         0      
       s_floor.c.obj                  248     0         0      
       memcpy_t2.asm.obj              156     0         0      
       ull_div_t2.asm.obj             150     0         0      
       memset_t2.asm.obj              122     0         0      
       copy_decompress_lzss.c.obj     104     0         0      
       s_frexp.c.obj                  100     0         0      
       sprintf.c.obj                  98      0         0      
       _ltoa.c.obj                    84      0         0      
       atoi.c.obj                     76      0         0      
       fd_toi_t2.asm.obj              72      0         0      
       autoinit.c.obj                 68      0         0      
       u_divt2.asm.obj                64      0         0      
       rand.c.obj                     52      0         4      
       boot_cortex_m.c.obj            52      0         0      
       i_tofd_t2.asm.obj              46      0         0      
       u_tofd_t2.asm.obj              32      0         0      
       memccpy.c.obj                  28      0         0      
       s_copysign.c.obj               26      0         0      
       strchr.c.obj                   22      0         0      
       strcpy.c.obj                   20      0         0      
       strlen.c.obj                   20      0         0      
       wcslen.c.obj                   18      0         0      
       copy_decompress_none.c.obj     14      0         0      
       copy_zero_init.c.obj           12      0         0      
       errno.c.obj                    8       0         4      
       _lock.c.obj                    2       0         8      
       exit.c.obj                     4       0         0      
       pre_init.c.obj                 4       0         0      
       div0.asm.obj                   2       0         0      
    +--+------------------------------+-------+---------+---------+
       Total:                         11899   305       16     
                                                               
       Stack:                         0       0         512    
       Linker Generated:              0       68        0      
    +--+------------------------------+-------+---------+---------+
       Grand Total:                   36431   41495     23085  


LINKER GENERATED COPY TABLES

__TI_cinit_table @ 00013070 records: 3, size/record: 8, table size: 24
	.data: load addr=00013040, load size=00000010 bytes, run addr=20005a18, run size=00000018 bytes, compression=lzss
	.bss: load addr=00013060, load size=00000008 bytes, run addr=2000026c, run size=000055a9 bytes, compression=zero_init
	.vtable: load addr=00013068, load size=00000008 bytes, run addr=20000000, run size=0000026c bytes, compression=zero_init


LINKER GENERATED HANDLER TABLE

__TI_handler_table @ 00013050 records: 3, size/record: 4, table size: 12
	index: 0, handler: __TI_zero_init
	index: 1, handler: __TI_decompress_lzss
	index: 2, handler: __TI_decompress_none


GLOBAL SYMBOLS: SORTED ALPHABETICALLY BY Name 

address   name                                    
-------   ----                                    
0000e3b5  ADCBusy                                 
0000e3fd  ADCClockConfigGet                       
0000e3d3  ADCClockConfigSet                       
0000e1cf  ADCComparatorConfigure                  
0000e2a9  ADCComparatorIntClear                   
0000e255  ADCComparatorIntDisable                 
0000e273  ADCComparatorIntEnable                  
0000e295  ADCComparatorIntStatus                  
0000e1eb  ADCComparatorRegionSet                  
0000e20f  ADCComparatorReset                      
0000e19d  ADCHardwareOversampleConfigure          
0000dd3f  ADCIntClear                             
0000e31d  ADCIntClearEx                           
0000dca5  ADCIntDisable                           
0000e2bb  ADCIntDisableEx                         
0000dcc1  ADCIntEnable                            
0000e2d3  ADCIntEnableEx                          
0000dc5f  ADCIntRegister                          
0000dce7  ADCIntStatus                            
0000e2eb  ADCIntStatusEx                          
0000dc87  ADCIntUnregister                        
0000e36f  ADCPhaseDelayGet                        
0000e35d  ADCPhaseDelaySet                        
0000dfb1  ADCProcessorTrigger                     
0000e34b  ADCReferenceGet                         
0000e32f  ADCReferenceSet                         
0000dd89  ADCSequenceConfigure                    
0000e399  ADCSequenceDMADisable                   
0000e37d  ADCSequenceDMAEnable                    
0000df6f  ADCSequenceDataGet                      
0000dd6f  ADCSequenceDisable                      
0000dd55  ADCSequenceEnable                       
0000df13  ADCSequenceOverflow                     
0000df2b  ADCSequenceOverflowClear                
0000de25  ADCSequenceStepConfigure                
0000df41  ADCSequenceUnderflow                    
0000df59  ADCSequenceUnderflowClear               
0000dfd5  ADCSoftwareOversampleConfigure          
0000e109  ADCSoftwareOversampleDataGet            
0000e027  ADCSoftwareOversampleStepConfigure      
00013039  C$$EXIT                                 
00012e33  CPUbasepriGet                           
00012e25  CPUbasepriSet                           
00012dff  CPUcpsid                                
00012e15  CPUcpsie                                
00012e0b  CPUprimask                              
00012e21  CPUwfi                                  
000092a8  Cloud1                                  
00007de0  Cloud2                                  
00011397  ContinueTransmission                    
20005804  CurrentlyRunningThread                  
00012303  Disable_Joystick_Interrupt              
00012feb  EndCriticalSection                      
00011437  EndReceive                              
000113bd  EndTransmission                         
0000f6b1  G8RTOS_AddAPeriodicEvent                
0000f5d5  G8RTOS_AddPeriodicEvent                 
0000f495  G8RTOS_AddThread                        
0000f735  G8RTOS_GetThreadId                      
0000f3b1  G8RTOS_Init                             
000117cd  G8RTOS_InitFIFO                         
00012425  G8RTOS_InitSemaphore                    
0000f859  G8RTOS_KillAllThreads                   
0000f829  G8RTOS_KillSelf                         
0000f74d  G8RTOS_KillThread                       
0000f40b  G8RTOS_Launch                           
0000f299  G8RTOS_Scheduler                        
0001247b  G8RTOS_SignalSemaphore                  
00012cc5  G8RTOS_Start                            
00012443  G8RTOS_WaitSemaphore                    
000085b0  GOOMBA1                                 
0000bd21  GPIOADCTriggerDisable                   
0000bd03  GPIOADCTriggerEnable                    
0000bce5  GPIODMATriggerDisable                   
0000bcc7  GPIODMATriggerEnable                    
0000b217  GPIODirModeGet                          
0000b1bb  GPIODirModeSet                          
0000b7d1  GPIOIntClear                            
0000b795  GPIOIntDisable                          
0000b771  GPIOIntEnable                           
0000b7e5  GPIOIntRegister                         
0000b81d  GPIOIntRegisterPin                      
0000b7af  GPIOIntStatus                           
0000b307  GPIOIntTypeGet                          
0000b263  GPIOIntTypeSet                          
0000b803  GPIOIntUnregister                       
0000b84b  GPIOIntUnregisterPin                    
0000b5ff  GPIOPadConfigGet                        
0000b391  GPIOPadConfigSet                        
0000bc69  GPIOPinConfigure                        
0000b86f  GPIOPinRead                             
0000b8a7  GPIOPinTypeADC                          
0000b8cb  GPIOPinTypeCAN                          
0000b8ef  GPIOPinTypeComparator                   
0000b913  GPIOPinTypeComparatorOutput             
0000b937  GPIOPinTypeDIVSCLK                      
0000b95b  GPIOPinTypeEPI                          
0000b97f  GPIOPinTypeEthernetLED                  
0000b9a3  GPIOPinTypeEthernetMII                  
0000b9c7  GPIOPinTypeGPIOInput                    
0000b9eb  GPIOPinTypeGPIOOutput                   
0000ba15  GPIOPinTypeGPIOOutputOD                 
0000ba39  GPIOPinTypeHibernateRTCCLK              
0000ba5d  GPIOPinTypeI2C                          
0000ba81  GPIOPinTypeI2CSCL                       
0000baa5  GPIOPinTypeLCD                          
0000bac9  GPIOPinTypeOneWire                      
0000baed  GPIOPinTypePWM                          
0000bb11  GPIOPinTypeQEI                          
0000bb35  GPIOPinTypeSSI                          
0000bb59  GPIOPinTypeTimer                        
0000bb7d  GPIOPinTypeTrace                        
0000bba1  GPIOPinTypeUART                         
0000bbc5  GPIOPinTypeUSBAnalog                    
0000bbe9  GPIOPinTypeUSBDigital                   
0000bc0d  GPIOPinTypeWakeHigh                     
0000bc33  GPIOPinTypeWakeLow                      
0000bc59  GPIOPinWakeStatus                       
0000b887  GPIOPinWrite                            
0000bd3f  GPIOUnlockPin                           
00012c81  GetASCIICode                            
00012317  GetJoystickCoordinates                  
0000f83d  GetNumberOfThreads                      
00009758  Ground                                  
0000f187  I2CFIFODataGet                          
0000f1a1  I2CFIFODataGetNonBlocking               
0000f13d  I2CFIFODataPut                          
0000f15f  I2CFIFODataPutNonBlocking               
0000f12d  I2CFIFOStatus                           
0000ed21  I2CIntRegister                          
0000ed3f  I2CIntUnregister                        
0000f263  I2CLoopbackEnable                       
0000f1dd  I2CMasterBurstCountGet                  
0000f1c7  I2CMasterBurstLengthSet                 
0000ef85  I2CMasterBusBusy                        
0000ef6d  I2CMasterBusy                           
0000ef9d  I2CMasterControl                        
0000eff1  I2CMasterDataGet                        
0000efdb  I2CMasterDataPut                        
0000eced  I2CMasterDisable                        
0000ecb9  I2CMasterEnable                         
0000efaf  I2CMasterErr                            
0000f1eb  I2CMasterGlitchFilterConfigSet          
0000ebef  I2CMasterInitExpClk                     
0000eee7  I2CMasterIntClear                       
0000ef05  I2CMasterIntClearEx                     
0000edb3  I2CMasterIntDisable                     
0000edc3  I2CMasterIntDisableEx                   
0000ed59  I2CMasterIntEnable                      
0000ed69  I2CMasterIntEnableEx                    
0000ee0d  I2CMasterIntStatus                      
0000ee51  I2CMasterIntStatusEx                    
0000ef5f  I2CMasterLineStateGet                   
0000ef3d  I2CMasterSlaveAddrSet                   
0000efff  I2CMasterTimeoutSet                     
0000f0ed  I2CRxFIFOConfigSet                      
0000f115  I2CRxFIFOFlush                          
0000f011  I2CSlaveACKOverride                     
0000f043  I2CSlaveACKValueSet                     
0000ec7b  I2CSlaveAddressSet                      
0000f09d  I2CSlaveDataGet                         
0000f085  I2CSlaveDataPut                         
0000ed03  I2CSlaveDisable                         
0000eccf  I2CSlaveEnable                          
0000f251  I2CSlaveFIFODisable                     
0000f239  I2CSlaveFIFOEnable                      
0000ec61  I2CSlaveInit                            
0000ef17  I2CSlaveIntClear                        
0000ef29  I2CSlaveIntClearEx                      
0000eddb  I2CSlaveIntDisable                      
0000edf3  I2CSlaveIntDisableEx                    
0000ed81  I2CSlaveIntEnable                       
0000ed99  I2CSlaveIntEnableEx                     
0000ee7d  I2CSlaveIntStatus                       
0000eec5  I2CSlaveIntStatusEx                     
0000f075  I2CSlaveStatus                          
0000f0ad  I2CTxFIFOConfigSet                      
0000f0d5  I2CTxFIFOFlush                          
20005808  IBit_State                              
0000c107  IdleThread                              
000128f5  InitializeBoard                         
000112cd  InitializeLEDI2C                        
00011319  InitializeSensorI2C                     
00010929  IntDisable                              
000108b7  IntEnable                               
0001099b  IntIsEnabled                            
0001077b  IntMasterDisable                        
0001076b  IntMasterEnable                         
00010a91  IntPendClear                            
00010a21  IntPendSet                              
00010893  IntPriorityGet                          
0001080b  IntPriorityGroupingGet                  
000107f1  IntPriorityGroupingSet                  
00010aeb  IntPriorityMaskGet                      
00010adf  IntPriorityMaskSet                      
00010843  IntPrioritySet                          
0001078b  IntRegister                             
00010af3  IntTrigger                              
000107dd  IntUnregister                           
00012281  Joystick_Init_Without_Interrupt         
000122cd  Joystick_Push_Button_Init_With_Interrupt
00006670  Jump                                    
2000580c  LCDMutex                                
0000e937  LCD_Clear                               
0000e993  LCD_DrawRectangle                       
0000e639  LCD_Init                                
0000e903  LCD_PushColor                           
0000e88d  LCD_SetAddress                          
00012ed3  LCD_SetCursor                           
0000e60b  LCD_SetPoint                            
0000e55b  LCD_Text                                
00012bf9  LCD_WriteData                           
00012d01  LCD_WriteIndex                          
00012efd  LCD_Write_Data_Only                     
00007228  MARIO1                                  
0000c591  Obstacle_Thread                         
00012cd3  PendSV_Handler                          
0000c455  Player_Thread                           
00012345  PortEIntHandler                         
000124cd  PutChar                                 
00000270  RTOS_LOGO                               
0001300b  ResetISR                                
00010de1  SSIAdvDataPutFrameEnd                   
00010e07  SSIAdvDataPutFrameEndNonBlocking        
00010e49  SSIAdvFrameHoldDisable                  
00010e33  SSIAdvFrameHoldEnable                   
00010daf  SSIAdvModeSet                           
00010d6d  SSIBusy                                 
00010d9f  SSIClockSourceGet                       
00010d8b  SSIClockSourceSet                       
00010b87  SSIConfigSetExpClk                      
00010d55  SSIDMADisable                           
00010d3d  SSIDMAEnable                            
00010cff  SSIDataGet                              
00010d1b  SSIDataGetNonBlocking                   
00010cc5  SSIDataPut                              
00010cdf  SSIDataPutNonBlocking                   
00010c17  SSIDisable                              
00010c01  SSIEnable                               
00010cb3  SSIIntClear                             
00010c7d  SSIIntDisable                           
00010c65  SSIIntEnable                            
00010c2d  SSIIntRegister                          
00010c95  SSIIntStatus                            
00010c4b  SSIIntUnregister                        
00010e75  SSILoopbackDisable                      
00010e5f  SSILoopbackEnable                       
0000c72d  Scoreboard_Thread                       
0001135b  SetSlaveAddress                         
000113cb  SignalMasterReceive                     
00012fe3  StartCriticalSection                    
00011407  StartReceive                            
00011371  StartTransmission                       
0000b119  SysCtlAltClkConfig                      
0000a841  SysCtlClockFreqSet                      
0000ad09  SysCtlClockGet                          
0000b0fd  SysCtlClockOutConfig                    
0000ab39  SysCtlClockSet                          
0000a745  SysCtlDeepSleep                         
0000aecd  SysCtlDeepSleepClockConfigSet           
0000aeaf  SysCtlDeepSleepClockSet                 
0000a725  SysCtlDeepSleepPowerSet                 
00013029  SysCtlDelay                             
0000a2d3  SysCtlFlashSectorSizeGet                
0000a2a7  SysCtlFlashSizeGet                      
0000afa3  SysCtlGPIOAHBDisable                    
0000af87  SysCtlGPIOAHBEnable                     
0000a6b9  SysCtlIntClear                          
0000a6a1  SysCtlIntDisable                        
0000a68d  SysCtlIntEnable                         
0000a665  SysCtlIntRegister                       
0000a6c9  SysCtlIntStatus                         
0000a67d  SysCtlIntUnregister                     
0000a70b  SysCtlLDODeepSleepGet                   
0000a6fb  SysCtlLDODeepSleepSet                   
0000a6f5  SysCtlLDOSleepGet                       
0000a6e5  SysCtlLDOSleepSet                       
0000a77b  SysCtlMOSCConfigSet                     
0000b0e1  SysCtlNMIClear                          
0000b0cd  SysCtlNMIStatus                         
0000a791  SysCtlPIOSCCalibrate                    
0000af71  SysCtlPWMClockGet                       
0000af57  SysCtlPWMClockSet                       
0000a611  SysCtlPeripheralClockGating             
0000a5c9  SysCtlPeripheralDeepSleepDisable        
0000a579  SysCtlPeripheralDeepSleepEnable         
0000a4b5  SysCtlPeripheralDisable                 
0000a479  SysCtlPeripheralEnable                  
0000a3b5  SysCtlPeripheralPowerOff                
0000a379  SysCtlPeripheralPowerOn                 
0000a2f9  SysCtlPeripheralPresent                 
0000a339  SysCtlPeripheralReady                   
0000a3f1  SysCtlPeripheralReset                   
0000a53d  SysCtlPeripheralSleepDisable            
0000a4f9  SysCtlPeripheralSleepEnable             
0000a735  SysCtlReset                             
0000a7f1  SysCtlResetBehaviorGet                  
0000a7e1  SysCtlResetBehaviorSet                  
0000a767  SysCtlResetCauseClear                   
0000a761  SysCtlResetCauseGet                     
0000a29d  SysCtlSRAMSizeGet                       
0000a73d  SysCtlSleep                             
0000a711  SysCtlSleepPowerSet                     
0000afcb  SysCtlUSBPLLDisable                     
0000afbf  SysCtlUSBPLLEnable                      
0000b011  SysCtlVCOGet                            
0000aff9  SysCtlVoltageEventClear                 
0000afdd  SysCtlVoltageEventConfig                
0000afed  SysCtlVoltageEventStatus                
0001302f  SysDelay                                
000126b5  SysTickDisable                          
000126a9  SysTickEnable                           
000126f9  SysTickIntDisable                       
000126ed  SysTickIntEnable                        
000126c1  SysTickIntRegister                      
000126d9  SysTickIntUnregister                    
00012717  SysTickPeriodGet                        
00012705  SysTickPeriodSet                        
0001271f  SysTickValueGet                         
0000f2f5  SysTick_Handler                         
20005810  SystemTime                              
0000ea77  TP_ReadXY                               
0000fe9d  UART9BitAddrSend                        
0000fe77  UART9BitAddrSet                         
0000fe61  UART9BitDisable                         
0000fe4b  UART9BitEnable                          
0000fcef  UARTBreakCtl                            
0000fd19  UARTBusy                                
0000fc97  UARTCharGet                             
0000fc7b  UARTCharGetNonBlocking                  
0000fcd1  UARTCharPut                             
0000fcad  UARTCharPutNonBlocking                  
0000fc3f  UARTCharsAvail                          
0000fe3b  UARTClockSourceGet                      
0000fe27  UARTClockSourceSet                      
0000fa0f  UARTConfigGetExpClk                     
0000f999  UARTConfigSetExpClk                     
0000fded  UARTDMADisable                          
0000fdd5  UARTDMAEnable                           
0000fa7f  UARTDisable                             
0000fb03  UARTDisableSIR                          
0000fa5b  UARTEnable                              
0000fad5  UARTEnableSIR                           
0000fabf  UARTFIFODisable                         
0000faa9  UARTFIFOEnable                          
0000f971  UARTFIFOLevelGet                        
0000f959  UARTFIFOLevelSet                        
0000fbff  UARTFlowControlGet                      
0000fbe3  UARTFlowControlSet                      
0000fdc3  UARTIntClear                            
0000fd8d  UARTIntDisable                          
0000fd75  UARTIntEnable                           
0000fd37  UARTIntRegister                         
0000fda5  UARTIntStatus                           
0000fd55  UARTIntUnregister                       
0000fee5  UARTLoopbackEnable                      
0000fb99  UARTModemControlClear                   
0000fbbd  UARTModemControlGet                     
0000fb61  UARTModemControlSet                     
0000fbcf  UARTModemStatusGet                      
0000f947  UARTParityModeGet                       
0000f92b  UARTParityModeSet                       
0000fe17  UARTRxErrorClear                        
0000fe05  UARTRxErrorGet                          
0000fb4b  UARTSmartCardDisable                    
0000fb19  UARTSmartCardEnable                     
0000fc5d  UARTSpaceAvail                          
0000fefd  UARTStdioConfig                         
0000fc2d  UARTTxIntModeGet                        
0000fc11  UARTTxIntModeSet                        
0001004d  UARTgetc                                
0000ff93  UARTgets                                
0001036f  UARTprintf                              
00010075  UARTvprintf                             
0000ff43  UARTwrite                               
0000e445  WriteTFT_CS                             
0000e459  WriteTFT_DC                             
0000e46d  WriteTP_CS                              
20005a18  __STACK_END                             
00000200  __STACK_SIZE                            
20005a18  __STACK_TOP                             
00013070  __TI_CINIT_Base                         
00013088  __TI_CINIT_Limit                        
00013050  __TI_Handler_Table_Base                 
0001305c  __TI_Handler_Table_Limit                
00012c3d  __TI_auto_init_nobinit_nopinit          
0001299b  __TI_decompress_lzss                    
00012ff1  __TI_decompress_none                    
00012abf  __TI_ltoa                               
ffffffff  __TI_pprof_out_hndl                     
0000c7f5  __TI_printfi                            
ffffffff  __TI_prof_data_size                     
ffffffff  __TI_prof_data_start                    
00000000  __TI_static_base__                      
00012fff  __TI_zero_init                          
00012731  __aeabi_cdcmpeq                         
00012731  __aeabi_cdcmple                         
000127b7  __aeabi_cdrcmple                        
00012bb1  __aeabi_d2iz                            
00011493  __aeabi_dadd                            
00011d21  __aeabi_ddiv                            
0001208d  __aeabi_dmul                            
00011489  __aeabi_dsub                            
00013021  __aeabi_errno_addr                      
00012ea5  __aeabi_i2d                             
0000fefb  __aeabi_idiv0                           
0000fefb  __aeabi_ldiv0                           
0001283d  __aeabi_memclr                          
0001283d  __aeabi_memclr4                         
0001283d  __aeabi_memclr8                         
00012575  __aeabi_memcpy                          
00012575  __aeabi_memcpy4                         
00012575  __aeabi_memcpy8                         
0001283f  __aeabi_memset                          
0001283f  __aeabi_memset4                         
0001283f  __aeabi_memset8                         
00012f25  __aeabi_ui2d                            
00012d41  __aeabi_uidiv                           
00012d41  __aeabi_uidivmod                        
00012611  __aeabi_uldivmod                        
ffffffff  __binit__                               
ffffffff  __c_args__                              
UNDEFED   __mpu_init                              
20005818  __stack                                 
20000000  __start___llvm_prf_cnts                 
20000000  __stop___llvm_prf_cnts                  
00012e3d  _c_int00_noargs                         
00009b60  _ctypes_                                
20005a18  _lock                                   
0000d243  _nop                                    
UNDEFED   _system_post_cinit                      
00013035  _system_pre_init                        
20005a1c  _unlock                                 
00013039  abort                                   
00012b65  atoi                                    
ffffffff  binit                                   
20005a25  button_pressed                          
0000c139  buttons                                 
00012f61  copysign                                
00012f61  copysignl                               
00011641  drawSprite                              
20005a28  errno                                   
00012189  floor                                   
00012189  floorl                                  
00012a05  frexp                                   
00012a05  frexpl                                  
20000000  g_pfnRAMVectors                         
00000000  g_pfnVectors                            
20005a27  hiscore                                 
00011a95  itoa                                    
0000c1c5  jump                                    
00011f7d  ldexp                                   
00011f7d  ldexpl                                  
000103a5  log                                     
000103a5  logl                                    
00011bad  main                                    
00012f45  memccpy                                 
00012575  memcpy                                  
00012845  memset                                  
200057dc  obstacle1                               
200057bc  player1                                 
0000d245  pow                                     
0000d245  powl                                    
00012e71  rand                                    
00011821  readFIFO                                
0000bed9  restart_game                            
0000c319  run                                     
00011f7d  scalbn                                  
00011f7d  scalbnl                                 
20005a26  score                                   
0000f70b  sleep                                   
00012d81  sprintf                                 
0001193d  sqrt                                    
0001193d  sqrtl                                   
0000bd71  start_game                              
00012f93  strchr                                  
00012fa9  strcpy                                  
00012fbd  strlen                                  
00012fd1  wcslen                                  
0001189d  writeFIFO                               


GLOBAL SYMBOLS: SORTED BY Symbol Address 

address   name                                    
-------   ----                                    
00000000  __TI_static_base__                      
00000000  g_pfnVectors                            
00000200  __STACK_SIZE                            
00000270  RTOS_LOGO                               
00006670  Jump                                    
00007228  MARIO1                                  
00007de0  Cloud2                                  
000085b0  GOOMBA1                                 
000092a8  Cloud1                                  
00009758  Ground                                  
00009b60  _ctypes_                                
0000a29d  SysCtlSRAMSizeGet                       
0000a2a7  SysCtlFlashSizeGet                      
0000a2d3  SysCtlFlashSectorSizeGet                
0000a2f9  SysCtlPeripheralPresent                 
0000a339  SysCtlPeripheralReady                   
0000a379  SysCtlPeripheralPowerOn                 
0000a3b5  SysCtlPeripheralPowerOff                
0000a3f1  SysCtlPeripheralReset                   
0000a479  SysCtlPeripheralEnable                  
0000a4b5  SysCtlPeripheralDisable                 
0000a4f9  SysCtlPeripheralSleepEnable             
0000a53d  SysCtlPeripheralSleepDisable            
0000a579  SysCtlPeripheralDeepSleepEnable         
0000a5c9  SysCtlPeripheralDeepSleepDisable        
0000a611  SysCtlPeripheralClockGating             
0000a665  SysCtlIntRegister                       
0000a67d  SysCtlIntUnregister                     
0000a68d  SysCtlIntEnable                         
0000a6a1  SysCtlIntDisable                        
0000a6b9  SysCtlIntClear                          
0000a6c9  SysCtlIntStatus                         
0000a6e5  SysCtlLDOSleepSet                       
0000a6f5  SysCtlLDOSleepGet                       
0000a6fb  SysCtlLDODeepSleepSet                   
0000a70b  SysCtlLDODeepSleepGet                   
0000a711  SysCtlSleepPowerSet                     
0000a725  SysCtlDeepSleepPowerSet                 
0000a735  SysCtlReset                             
0000a73d  SysCtlSleep                             
0000a745  SysCtlDeepSleep                         
0000a761  SysCtlResetCauseGet                     
0000a767  SysCtlResetCauseClear                   
0000a77b  SysCtlMOSCConfigSet                     
0000a791  SysCtlPIOSCCalibrate                    
0000a7e1  SysCtlResetBehaviorSet                  
0000a7f1  SysCtlResetBehaviorGet                  
0000a841  SysCtlClockFreqSet                      
0000ab39  SysCtlClockSet                          
0000ad09  SysCtlClockGet                          
0000aeaf  SysCtlDeepSleepClockSet                 
0000aecd  SysCtlDeepSleepClockConfigSet           
0000af57  SysCtlPWMClockSet                       
0000af71  SysCtlPWMClockGet                       
0000af87  SysCtlGPIOAHBEnable                     
0000afa3  SysCtlGPIOAHBDisable                    
0000afbf  SysCtlUSBPLLEnable                      
0000afcb  SysCtlUSBPLLDisable                     
0000afdd  SysCtlVoltageEventConfig                
0000afed  SysCtlVoltageEventStatus                
0000aff9  SysCtlVoltageEventClear                 
0000b011  SysCtlVCOGet                            
0000b0cd  SysCtlNMIStatus                         
0000b0e1  SysCtlNMIClear                          
0000b0fd  SysCtlClockOutConfig                    
0000b119  SysCtlAltClkConfig                      
0000b1bb  GPIODirModeSet                          
0000b217  GPIODirModeGet                          
0000b263  GPIOIntTypeSet                          
0000b307  GPIOIntTypeGet                          
0000b391  GPIOPadConfigSet                        
0000b5ff  GPIOPadConfigGet                        
0000b771  GPIOIntEnable                           
0000b795  GPIOIntDisable                          
0000b7af  GPIOIntStatus                           
0000b7d1  GPIOIntClear                            
0000b7e5  GPIOIntRegister                         
0000b803  GPIOIntUnregister                       
0000b81d  GPIOIntRegisterPin                      
0000b84b  GPIOIntUnregisterPin                    
0000b86f  GPIOPinRead                             
0000b887  GPIOPinWrite                            
0000b8a7  GPIOPinTypeADC                          
0000b8cb  GPIOPinTypeCAN                          
0000b8ef  GPIOPinTypeComparator                   
0000b913  GPIOPinTypeComparatorOutput             
0000b937  GPIOPinTypeDIVSCLK                      
0000b95b  GPIOPinTypeEPI                          
0000b97f  GPIOPinTypeEthernetLED                  
0000b9a3  GPIOPinTypeEthernetMII                  
0000b9c7  GPIOPinTypeGPIOInput                    
0000b9eb  GPIOPinTypeGPIOOutput                   
0000ba15  GPIOPinTypeGPIOOutputOD                 
0000ba39  GPIOPinTypeHibernateRTCCLK              
0000ba5d  GPIOPinTypeI2C                          
0000ba81  GPIOPinTypeI2CSCL                       
0000baa5  GPIOPinTypeLCD                          
0000bac9  GPIOPinTypeOneWire                      
0000baed  GPIOPinTypePWM                          
0000bb11  GPIOPinTypeQEI                          
0000bb35  GPIOPinTypeSSI                          
0000bb59  GPIOPinTypeTimer                        
0000bb7d  GPIOPinTypeTrace                        
0000bba1  GPIOPinTypeUART                         
0000bbc5  GPIOPinTypeUSBAnalog                    
0000bbe9  GPIOPinTypeUSBDigital                   
0000bc0d  GPIOPinTypeWakeHigh                     
0000bc33  GPIOPinTypeWakeLow                      
0000bc59  GPIOPinWakeStatus                       
0000bc69  GPIOPinConfigure                        
0000bcc7  GPIODMATriggerEnable                    
0000bce5  GPIODMATriggerDisable                   
0000bd03  GPIOADCTriggerEnable                    
0000bd21  GPIOADCTriggerDisable                   
0000bd3f  GPIOUnlockPin                           
0000bd71  start_game                              
0000bed9  restart_game                            
0000c107  IdleThread                              
0000c139  buttons                                 
0000c1c5  jump                                    
0000c319  run                                     
0000c455  Player_Thread                           
0000c591  Obstacle_Thread                         
0000c72d  Scoreboard_Thread                       
0000c7f5  __TI_printfi                            
0000d243  _nop                                    
0000d245  pow                                     
0000d245  powl                                    
0000dc5f  ADCIntRegister                          
0000dc87  ADCIntUnregister                        
0000dca5  ADCIntDisable                           
0000dcc1  ADCIntEnable                            
0000dce7  ADCIntStatus                            
0000dd3f  ADCIntClear                             
0000dd55  ADCSequenceEnable                       
0000dd6f  ADCSequenceDisable                      
0000dd89  ADCSequenceConfigure                    
0000de25  ADCSequenceStepConfigure                
0000df13  ADCSequenceOverflow                     
0000df2b  ADCSequenceOverflowClear                
0000df41  ADCSequenceUnderflow                    
0000df59  ADCSequenceUnderflowClear               
0000df6f  ADCSequenceDataGet                      
0000dfb1  ADCProcessorTrigger                     
0000dfd5  ADCSoftwareOversampleConfigure          
0000e027  ADCSoftwareOversampleStepConfigure      
0000e109  ADCSoftwareOversampleDataGet            
0000e19d  ADCHardwareOversampleConfigure          
0000e1cf  ADCComparatorConfigure                  
0000e1eb  ADCComparatorRegionSet                  
0000e20f  ADCComparatorReset                      
0000e255  ADCComparatorIntDisable                 
0000e273  ADCComparatorIntEnable                  
0000e295  ADCComparatorIntStatus                  
0000e2a9  ADCComparatorIntClear                   
0000e2bb  ADCIntDisableEx                         
0000e2d3  ADCIntEnableEx                          
0000e2eb  ADCIntStatusEx                          
0000e31d  ADCIntClearEx                           
0000e32f  ADCReferenceSet                         
0000e34b  ADCReferenceGet                         
0000e35d  ADCPhaseDelaySet                        
0000e36f  ADCPhaseDelayGet                        
0000e37d  ADCSequenceDMAEnable                    
0000e399  ADCSequenceDMADisable                   
0000e3b5  ADCBusy                                 
0000e3d3  ADCClockConfigSet                       
0000e3fd  ADCClockConfigGet                       
0000e445  WriteTFT_CS                             
0000e459  WriteTFT_DC                             
0000e46d  WriteTP_CS                              
0000e55b  LCD_Text                                
0000e60b  LCD_SetPoint                            
0000e639  LCD_Init                                
0000e88d  LCD_SetAddress                          
0000e903  LCD_PushColor                           
0000e937  LCD_Clear                               
0000e993  LCD_DrawRectangle                       
0000ea77  TP_ReadXY                               
0000ebef  I2CMasterInitExpClk                     
0000ec61  I2CSlaveInit                            
0000ec7b  I2CSlaveAddressSet                      
0000ecb9  I2CMasterEnable                         
0000eccf  I2CSlaveEnable                          
0000eced  I2CMasterDisable                        
0000ed03  I2CSlaveDisable                         
0000ed21  I2CIntRegister                          
0000ed3f  I2CIntUnregister                        
0000ed59  I2CMasterIntEnable                      
0000ed69  I2CMasterIntEnableEx                    
0000ed81  I2CSlaveIntEnable                       
0000ed99  I2CSlaveIntEnableEx                     
0000edb3  I2CMasterIntDisable                     
0000edc3  I2CMasterIntDisableEx                   
0000eddb  I2CSlaveIntDisable                      
0000edf3  I2CSlaveIntDisableEx                    
0000ee0d  I2CMasterIntStatus                      
0000ee51  I2CMasterIntStatusEx                    
0000ee7d  I2CSlaveIntStatus                       
0000eec5  I2CSlaveIntStatusEx                     
0000eee7  I2CMasterIntClear                       
0000ef05  I2CMasterIntClearEx                     
0000ef17  I2CSlaveIntClear                        
0000ef29  I2CSlaveIntClearEx                      
0000ef3d  I2CMasterSlaveAddrSet                   
0000ef5f  I2CMasterLineStateGet                   
0000ef6d  I2CMasterBusy                           
0000ef85  I2CMasterBusBusy                        
0000ef9d  I2CMasterControl                        
0000efaf  I2CMasterErr                            
0000efdb  I2CMasterDataPut                        
0000eff1  I2CMasterDataGet                        
0000efff  I2CMasterTimeoutSet                     
0000f011  I2CSlaveACKOverride                     
0000f043  I2CSlaveACKValueSet                     
0000f075  I2CSlaveStatus                          
0000f085  I2CSlaveDataPut                         
0000f09d  I2CSlaveDataGet                         
0000f0ad  I2CTxFIFOConfigSet                      
0000f0d5  I2CTxFIFOFlush                          
0000f0ed  I2CRxFIFOConfigSet                      
0000f115  I2CRxFIFOFlush                          
0000f12d  I2CFIFOStatus                           
0000f13d  I2CFIFODataPut                          
0000f15f  I2CFIFODataPutNonBlocking               
0000f187  I2CFIFODataGet                          
0000f1a1  I2CFIFODataGetNonBlocking               
0000f1c7  I2CMasterBurstLengthSet                 
0000f1dd  I2CMasterBurstCountGet                  
0000f1eb  I2CMasterGlitchFilterConfigSet          
0000f239  I2CSlaveFIFOEnable                      
0000f251  I2CSlaveFIFODisable                     
0000f263  I2CLoopbackEnable                       
0000f299  G8RTOS_Scheduler                        
0000f2f5  SysTick_Handler                         
0000f3b1  G8RTOS_Init                             
0000f40b  G8RTOS_Launch                           
0000f495  G8RTOS_AddThread                        
0000f5d5  G8RTOS_AddPeriodicEvent                 
0000f6b1  G8RTOS_AddAPeriodicEvent                
0000f70b  sleep                                   
0000f735  G8RTOS_GetThreadId                      
0000f74d  G8RTOS_KillThread                       
0000f829  G8RTOS_KillSelf                         
0000f83d  GetNumberOfThreads                      
0000f859  G8RTOS_KillAllThreads                   
0000f92b  UARTParityModeSet                       
0000f947  UARTParityModeGet                       
0000f959  UARTFIFOLevelSet                        
0000f971  UARTFIFOLevelGet                        
0000f999  UARTConfigSetExpClk                     
0000fa0f  UARTConfigGetExpClk                     
0000fa5b  UARTEnable                              
0000fa7f  UARTDisable                             
0000faa9  UARTFIFOEnable                          
0000fabf  UARTFIFODisable                         
0000fad5  UARTEnableSIR                           
0000fb03  UARTDisableSIR                          
0000fb19  UARTSmartCardEnable                     
0000fb4b  UARTSmartCardDisable                    
0000fb61  UARTModemControlSet                     
0000fb99  UARTModemControlClear                   
0000fbbd  UARTModemControlGet                     
0000fbcf  UARTModemStatusGet                      
0000fbe3  UARTFlowControlSet                      
0000fbff  UARTFlowControlGet                      
0000fc11  UARTTxIntModeSet                        
0000fc2d  UARTTxIntModeGet                        
0000fc3f  UARTCharsAvail                          
0000fc5d  UARTSpaceAvail                          
0000fc7b  UARTCharGetNonBlocking                  
0000fc97  UARTCharGet                             
0000fcad  UARTCharPutNonBlocking                  
0000fcd1  UARTCharPut                             
0000fcef  UARTBreakCtl                            
0000fd19  UARTBusy                                
0000fd37  UARTIntRegister                         
0000fd55  UARTIntUnregister                       
0000fd75  UARTIntEnable                           
0000fd8d  UARTIntDisable                          
0000fda5  UARTIntStatus                           
0000fdc3  UARTIntClear                            
0000fdd5  UARTDMAEnable                           
0000fded  UARTDMADisable                          
0000fe05  UARTRxErrorGet                          
0000fe17  UARTRxErrorClear                        
0000fe27  UARTClockSourceSet                      
0000fe3b  UARTClockSourceGet                      
0000fe4b  UART9BitEnable                          
0000fe61  UART9BitDisable                         
0000fe77  UART9BitAddrSet                         
0000fe9d  UART9BitAddrSend                        
0000fee5  UARTLoopbackEnable                      
0000fefb  __aeabi_idiv0                           
0000fefb  __aeabi_ldiv0                           
0000fefd  UARTStdioConfig                         
0000ff43  UARTwrite                               
0000ff93  UARTgets                                
0001004d  UARTgetc                                
00010075  UARTvprintf                             
0001036f  UARTprintf                              
000103a5  log                                     
000103a5  logl                                    
0001076b  IntMasterEnable                         
0001077b  IntMasterDisable                        
0001078b  IntRegister                             
000107dd  IntUnregister                           
000107f1  IntPriorityGroupingSet                  
0001080b  IntPriorityGroupingGet                  
00010843  IntPrioritySet                          
00010893  IntPriorityGet                          
000108b7  IntEnable                               
00010929  IntDisable                              
0001099b  IntIsEnabled                            
00010a21  IntPendSet                              
00010a91  IntPendClear                            
00010adf  IntPriorityMaskSet                      
00010aeb  IntPriorityMaskGet                      
00010af3  IntTrigger                              
00010b87  SSIConfigSetExpClk                      
00010c01  SSIEnable                               
00010c17  SSIDisable                              
00010c2d  SSIIntRegister                          
00010c4b  SSIIntUnregister                        
00010c65  SSIIntEnable                            
00010c7d  SSIIntDisable                           
00010c95  SSIIntStatus                            
00010cb3  SSIIntClear                             
00010cc5  SSIDataPut                              
00010cdf  SSIDataPutNonBlocking                   
00010cff  SSIDataGet                              
00010d1b  SSIDataGetNonBlocking                   
00010d3d  SSIDMAEnable                            
00010d55  SSIDMADisable                           
00010d6d  SSIBusy                                 
00010d8b  SSIClockSourceSet                       
00010d9f  SSIClockSourceGet                       
00010daf  SSIAdvModeSet                           
00010de1  SSIAdvDataPutFrameEnd                   
00010e07  SSIAdvDataPutFrameEndNonBlocking        
00010e33  SSIAdvFrameHoldEnable                   
00010e49  SSIAdvFrameHoldDisable                  
00010e5f  SSILoopbackEnable                       
00010e75  SSILoopbackDisable                      
000112cd  InitializeLEDI2C                        
00011319  InitializeSensorI2C                     
0001135b  SetSlaveAddress                         
00011371  StartTransmission                       
00011397  ContinueTransmission                    
000113bd  EndTransmission                         
000113cb  SignalMasterReceive                     
00011407  StartReceive                            
00011437  EndReceive                              
00011489  __aeabi_dsub                            
00011493  __aeabi_dadd                            
00011641  drawSprite                              
000117cd  G8RTOS_InitFIFO                         
00011821  readFIFO                                
0001189d  writeFIFO                               
0001193d  sqrt                                    
0001193d  sqrtl                                   
00011a95  itoa                                    
00011bad  main                                    
00011d21  __aeabi_ddiv                            
00011f7d  ldexp                                   
00011f7d  ldexpl                                  
00011f7d  scalbn                                  
00011f7d  scalbnl                                 
0001208d  __aeabi_dmul                            
00012189  floor                                   
00012189  floorl                                  
00012281  Joystick_Init_Without_Interrupt         
000122cd  Joystick_Push_Button_Init_With_Interrupt
00012303  Disable_Joystick_Interrupt              
00012317  GetJoystickCoordinates                  
00012345  PortEIntHandler                         
00012425  G8RTOS_InitSemaphore                    
00012443  G8RTOS_WaitSemaphore                    
0001247b  G8RTOS_SignalSemaphore                  
000124cd  PutChar                                 
00012575  __aeabi_memcpy                          
00012575  __aeabi_memcpy4                         
00012575  __aeabi_memcpy8                         
00012575  memcpy                                  
00012611  __aeabi_uldivmod                        
000126a9  SysTickEnable                           
000126b5  SysTickDisable                          
000126c1  SysTickIntRegister                      
000126d9  SysTickIntUnregister                    
000126ed  SysTickIntEnable                        
000126f9  SysTickIntDisable                       
00012705  SysTickPeriodSet                        
00012717  SysTickPeriodGet                        
0001271f  SysTickValueGet                         
00012731  __aeabi_cdcmpeq                         
00012731  __aeabi_cdcmple                         
000127b7  __aeabi_cdrcmple                        
0001283d  __aeabi_memclr                          
0001283d  __aeabi_memclr4                         
0001283d  __aeabi_memclr8                         
0001283f  __aeabi_memset                          
0001283f  __aeabi_memset4                         
0001283f  __aeabi_memset8                         
00012845  memset                                  
000128f5  InitializeBoard                         
0001299b  __TI_decompress_lzss                    
00012a05  frexp                                   
00012a05  frexpl                                  
00012abf  __TI_ltoa                               
00012b65  atoi                                    
00012bb1  __aeabi_d2iz                            
00012bf9  LCD_WriteData                           
00012c3d  __TI_auto_init_nobinit_nopinit          
00012c81  GetASCIICode                            
00012cc5  G8RTOS_Start                            
00012cd3  PendSV_Handler                          
00012d01  LCD_WriteIndex                          
00012d41  __aeabi_uidiv                           
00012d41  __aeabi_uidivmod                        
00012d81  sprintf                                 
00012dff  CPUcpsid                                
00012e0b  CPUprimask                              
00012e15  CPUcpsie                                
00012e21  CPUwfi                                  
00012e25  CPUbasepriSet                           
00012e33  CPUbasepriGet                           
00012e3d  _c_int00_noargs                         
00012e71  rand                                    
00012ea5  __aeabi_i2d                             
00012ed3  LCD_SetCursor                           
00012efd  LCD_Write_Data_Only                     
00012f25  __aeabi_ui2d                            
00012f45  memccpy                                 
00012f61  copysign                                
00012f61  copysignl                               
00012f93  strchr                                  
00012fa9  strcpy                                  
00012fbd  strlen                                  
00012fd1  wcslen                                  
00012fe3  StartCriticalSection                    
00012feb  EndCriticalSection                      
00012ff1  __TI_decompress_none                    
00012fff  __TI_zero_init                          
0001300b  ResetISR                                
00013021  __aeabi_errno_addr                      
00013029  SysCtlDelay                             
0001302f  SysDelay                                
00013035  _system_pre_init                        
00013039  C$$EXIT                                 
00013039  abort                                   
00013050  __TI_Handler_Table_Base                 
0001305c  __TI_Handler_Table_Limit                
00013070  __TI_CINIT_Base                         
00013088  __TI_CINIT_Limit                        
20000000  __start___llvm_prf_cnts                 
20000000  __stop___llvm_prf_cnts                  
20000000  g_pfnRAMVectors                         
200057bc  player1                                 
200057dc  obstacle1                               
20005804  CurrentlyRunningThread                  
20005808  IBit_State                              
2000580c  LCDMutex                                
20005810  SystemTime                              
20005818  __stack                                 
20005a18  __STACK_END                             
20005a18  __STACK_TOP                             
20005a18  _lock                                   
20005a1c  _unlock                                 
20005a25  button_pressed                          
20005a26  score                                   
20005a27  hiscore                                 
20005a28  errno                                   
ffffffff  __TI_pprof_out_hndl                     
ffffffff  __TI_prof_data_size                     
ffffffff  __TI_prof_data_start                    
ffffffff  __binit__                               
ffffffff  __c_args__                              
ffffffff  binit                                   
UNDEFED   __mpu_init                              
UNDEFED   _system_post_cinit                      

[480 symbols]
