******************************************************************************
                  TI ARM Linker PC v20.2.4                     
******************************************************************************
>> Linked Wed Dec 14 16:18:41 2022

OUTPUT FILE NAME:   <FINAL.out>
ENTRY POINT SYMBOL: "_c_int00_noargs"  address: 00008d85


MEMORY CONFIGURATION

         name            origin    length      used     unused   attr    fill
----------------------  --------  ---------  --------  --------  ----  --------
  FLASH                 00000000   00040000  000114a8  0002eb58  R  X
  SRAM                  20000000   00008000  00005a29  000025d7  RW X


SEGMENT ALLOCATION MAP

run origin  load origin   length   init length attrs members
----------  ----------- ---------- ----------- ----- -------
00000000    00000000    000114b0   000114b0    r-x
  00000000    00000000    0000026c   0000026c    r-- .intvecs
  0000026c    0000026c    00008d18   00008d18    r-x .text
  00008f88    00008f88    000084dc   000084dc    r-- .const
  00011468    00011468    00000048   00000048    r-- .cinit
20000000    20000000    00005a30   00000000    rw-
  20000000    20000000    0000026c   00000000    rw- .vtable
  2000026c    2000026c    000055a5   00000000    rw- .bss
  20005818    20005818    00000200   00000000    rw- .stack
  20005a18    20005a18    00000018   00000000    rw- .data


SECTION ALLOCATION MAP

 output                                  attributes/
section   page    origin      length       input sections
--------  ----  ----------  ----------   ----------------
.intvecs   0    00000000    0000026c     
                  00000000    0000026c     tm4c123gh6pm_startup_ccs.obj (.intvecs)

.text      0    0000026c    00008d18     
                  0000026c    00000f80     sysctl.obj (.text)
                  000011ec    00000c14     gpio.obj (.text)
                  00001e00    00000a4e     rtsv7M4_T_le_v4SPD16_eabi.lib : _printfi.c.obj (.text:__TI_printfi)
                  0000284e    00000002                                   : _lock.c.obj (.text:_nop)
                  00002850    000009c0                                   : e_pow.c.obj (.text:pow)
                  00003210    00000994     threads.obj (.text)
                  00003ba4    00000840     adc.obj (.text)
                  000043e4    0000074c     ILI9341_Lib.obj (.text)
                  00004b30    000006f8     i2c.obj (.text)
                  00005228    00000644     G8RTOS_Scheduler.obj (.text)
                  0000586c    0000062e     uart.obj (.text)
                  00005e9a    00000002     rtsv7M4_T_le_v4SPD16_eabi.lib : div0.asm.obj (.text)
                  00005e9c    000004a8     uartstdio.obj (.text)
                  00006344    000003c4     rtsv7M4_T_le_v4SPD16_eabi.lib : e_log.c.obj (.text:log)
                  00006708    000003c0     interrupt.obj (.text)
                  00006ac8    00000362     ssi.obj (.text)
                  00006e2a    00000002     --HOLE-- [fill = 0]
                  00006e2c    00000270     rtsv7M4_T_le_v4SPD16_eabi.lib : _printfi.c.obj (.text:_pconv_a)
                  0000709c    000001d0                                   : _printfi.c.obj (.text:_pconv_g)
                  0000726c    000001bc     I2CDriver.obj (.text)
                  00007428    000001b6     rtsv7M4_T_le_v4SPD16_eabi.lib : fd_add_t2.asm.obj (.text)
                  000075de    00000002     --HOLE-- [fill = 0]
                  000075e0    00000170     G8RTOS_IPC.obj (.text)
                  00007750    00000158     rtsv7M4_T_le_v4SPD16_eabi.lib : e_sqrt.c.obj (.text:sqrt)
                  000078a8    00000150     main.obj (.text)
                  000079f8    0000013c     rtsv7M4_T_le_v4SPD16_eabi.lib : _printfi.c.obj (.text:_pconv_e)
                  00007b34    00000136                                   : fd_div_t2.asm.obj (.text)
                  00007c6a    00000002     --HOLE-- [fill = 0]
                  00007c6c    00000134     sprites.obj (.text)
                  00007da0    00000124     rtsv7M4_T_le_v4SPD16_eabi.lib : _printfi.c.obj (.text:fcvt)
                  00007ec4    00000110                                   : s_scalbn.c.obj (.text:scalbn)
                  00007fd4    000000fc                                   : fd_mul_t2.asm.obj (.text)
                  000080d0    000000f8                                   : s_floor.c.obj (.text:floor)
                  000081c8    000000f0     Joystick.obj (.text)
                  000082b8    000000b1     rtsv7M4_T_le_v4SPD16_eabi.lib : _printfi.c.obj (.text:_ltostr)
                  00008369    00000003     --HOLE-- [fill = 0]
                  0000836c    000000a8     G8RTOS_Semaphores.obj (.text)
                  00008414    000000a8     ILI9341_Lib.obj (.text:PutChar)
                  000084bc    0000009c     rtsv7M4_T_le_v4SPD16_eabi.lib : memcpy_t2.asm.obj (.text)
                  00008558    00000096                                   : ull_div_t2.asm.obj (.text)
                  000085ee    00000002     --HOLE-- [fill = 0]
                  000085f0    00000088     systick.obj (.text)
                  00008678    00000086     rtsv7M4_T_le_v4SPD16_eabi.lib : fd_cmp_t2.asm.obj (.text:__aeabi_cdcmple)
                  000086fe    00000086                                   : fd_cmp_t2.asm.obj (.text:__aeabi_cdrcmple)
                  00008784    0000007a                                   : memset_t2.asm.obj (.text)
                  000087fe    00000002     --HOLE-- [fill = 0]
                  00008800    00000074     BoardInitialization.obj (.text)
                  00008874    0000006e     rtsv7M4_T_le_v4SPD16_eabi.lib : _printfi.c.obj (.text:_mcpy)
                  000088e2    00000068                                   : copy_decompress_lzss.c.obj (.text:decompress:lzss:__TI_decompress_lzss)
                  0000894a    00000002     --HOLE-- [fill = 0]
                  0000894c    00000064                                   : s_frexp.c.obj (.text:frexp)
                  000089b0    00000056                                   : _printfi.c.obj (.text:_pconv_f)
                  00008a06    00000054                                   : _ltoa.c.obj (.text:__TI_ltoa)
                  00008a5a    00000052                                   : _printfi.c.obj (.text:_ecpy)
                  00008aac    0000004c                                   : atoi.c.obj (.text:atoi)
                  00008af8    00000048                                   : fd_toi_t2.asm.obj (.text)
                  00008b40    00000044     ILI9341_Lib.obj (.text:LCD_WriteData)
                  00008b84    00000044     rtsv7M4_T_le_v4SPD16_eabi.lib : autoinit.c.obj (.text:__TI_auto_init_nobinit_nopinit:__TI_auto_init_nobinit_nopinit)
                  00008bc8    00000040     AsciiLib.obj (.text)
                  00008c08    00000040     G8RTOS_SchedulerASM.obj (.text)
                  00008c48    00000040     ILI9341_Lib.obj (.text:LCD_WriteIndex)
                  00008c88    00000040     rtsv7M4_T_le_v4SPD16_eabi.lib : u_divt2.asm.obj (.text)
                  00008cc8    00000040                                   : sprintf.c.obj (.text:sprintf)
                  00008d08    0000003e                                   : _printfi.c.obj (.text:_fcpy)
                  00008d46    0000003e     cpu.obj (.text)
                  00008d84    00000034     rtsv7M4_T_le_v4SPD16_eabi.lib : boot_cortex_m.c.obj (.text:_c_int00_noargs:_c_int00_noargs)
                  00008db8    00000034                                   : rand.c.obj (.text:rand)
                  00008dec    0000002e                                   : i_tofd_t2.asm.obj (.text)
                  00008e1a    00000028     ILI9341_Lib.obj (.text:LCD_SetCursor)
                  00008e42    00000002     --HOLE-- [fill = 0]
                  00008e44    00000028     ILI9341_Lib.obj (.text:LCD_Write_Data_Only)
                  00008e6c    00000020     rtsv7M4_T_le_v4SPD16_eabi.lib : u_tofd_t2.asm.obj (.text)
                  00008e8c    0000001c                                   : memccpy.c.obj (.text:memccpy)
                  00008ea8    0000001a                                   : s_copysign.c.obj (.text:copysign)
                  00008ec2    00000018                                   : sprintf.c.obj (.text:_outs)
                  00008eda    00000016                                   : strchr.c.obj (.text:strchr)
                  00008ef0    00000014                                   : strcpy.c.obj (.text:strcpy)
                  00008f04    00000014                                   : strlen.c.obj (.text:strlen)
                  00008f18    00000012                                   : wcslen.c.obj (.text:wcslen)
                  00008f2a    0000000e     G8RTOS_CriticalSection.obj (.text)
                  00008f38    0000000e     rtsv7M4_T_le_v4SPD16_eabi.lib : copy_decompress_none.c.obj (.text:decompress:none:__TI_decompress_none)
                  00008f46    0000000c                                   : copy_zero_init.c.obj (.text:decompress:ZI:__TI_zero_init)
                  00008f52    0000000c     tm4c123gh6pm_startup_ccs.obj (.text)
                  00008f5e    0000000a     rtsv7M4_T_le_v4SPD16_eabi.lib : sprintf.c.obj (.text:_outc)
                  00008f68    00000008                                   : errno.c.obj (.text:__aeabi_errno_addr)
                  00008f70    00000006     sysctl.obj (.text:SysCtlDelay)
                  00008f76    00000006     demo_sysctl.obj (.text:SysDelay)
                  00008f7c    00000004     rtsv7M4_T_le_v4SPD16_eabi.lib : pre_init.c.obj (.text:_system_pre_init)
                  00008f80    00000004                                   : exit.c.obj (.text:abort:abort)

.const     0    00008f88    000084dc     
                  00008f88    00006400     sprites.obj (.const:RTOS_LOGO)
                  0000f388    00000bb8     sprites.obj (.const:MARIO1)
                  0000ff40    00000708     sprites.obj (.const:GOOMBA1)
                  00010648    000005f0     AsciiLib.obj (.const:AsciiLib)
                  00010c38    000001b0     sysctl.obj (.const:g_pppui32XTALtoVCO)
                  00010de8    00000101     rtsv7M4_T_le_v4SPD16_eabi.lib : ctype.c.obj (.const:.string:_ctypes_)
                  00010ee9    00000003     --HOLE-- [fill = 0]
                  00010eec    000000d8     gpio.obj (.const:g_ppui32GPIOIntMapSnowflake)
                  00010fc4    000000c0     gpio.obj (.const:g_ppui32GPIOIntMapBlizzard)
                  00011084    0000009c     interrupt.obj (.const:g_pui32Regs)
                  00011120    00000090     gpio.obj (.const:g_pui32GPIOBaseAddrs)
                  000111b0    0000006c     sysctl.obj (.const:g_pui32Xtals)
                  0001121c    00000050     i2c.obj (.const:g_ppui32I2CIntMapSnowflake)
                  0001126c    00000040     uart.obj (.const:g_ppui32UARTIntMap)
                  000112ac    00000040     uart.obj (.const:g_ppui32UARTIntMapSnowflake)
                  000112ec    00000004     uartstdio.obj (.const)
                  000112f0    00000030     rtsv7M4_T_le_v4SPD16_eabi.lib : e_pow.c.obj (.const:$O1$$)
                  00011320    00000030     i2c.obj (.const:g_ppui32I2CIntMap)
                  00011350    00000030     sysctl.obj (.const:g_sXTALtoMEMTIM)
                  00011380    00000020     ssi.obj (.const:g_ppui32SSIIntMap)
                  000113a0    00000020     ssi.obj (.const:g_ppui32SSIIntMapSnowflake)
                  000113c0    00000020     interrupt.obj (.const:g_pui32Priority)
                  000113e0    00000014     interrupt.obj (.const:g_pui32Dii16Regs)
                  000113f4    00000014     interrupt.obj (.const:g_pui32EnRegs)
                  00011408    00000014     interrupt.obj (.const:g_pui32PendRegs)
                  0001141c    00000014     interrupt.obj (.const:g_pui32UnpendRegs)
                  00011430    00000012     uartstdio.obj (.const:.string)
                  00011442    00000002     --HOLE-- [fill = 0]
                  00011444    0000000c     uartstdio.obj (.const:g_ui32UARTBase)
                  00011450    0000000c     uartstdio.obj (.const:g_ui32UARTPeriph)
                  0001145c    00000008     sysctl.obj (.const:g_pui32VCOFrequencies)

.cinit     0    00011468    00000048     
                  00011468    00000010     (.cinit..data.load) [load image, compression = lzss]
                  00011478    0000000c     (__TI_handler_table)
                  00011484    00000004     --HOLE-- [fill = 0]
                  00011488    00000008     (.cinit..bss.load) [load image, compression = zero_init]
                  00011490    00000008     (.cinit..vtable.load) [load image, compression = zero_init]
                  00011498    00000018     (__TI_cinit_table)

.init_array 
*          0    00000000    00000000     UNINITIALIZED

.vtable    0    20000000    0000026c     UNINITIALIZED
                  20000000    0000026c     interrupt.obj (.vtable)

.bss       0    2000026c    000055a5     UNINITIALIZED
                  2000026c    00005000     G8RTOS_Scheduler.obj (.bss:threadStacks)
                  2000526c    00000370     G8RTOS_Scheduler.obj (.bss:threadControlBlocks)
                  200055dc    00000150     G8RTOS_IPC.obj (.bss:FIFOs)
                  2000572c    00000090     G8RTOS_Scheduler.obj (.bss:Pthread)
                  200057bc    0000001c     (.common:player1)
                  200057d8    00000018     (.common:obstacle1)
                  200057f0    00000008     G8RTOS_Scheduler.obj (.bss)
                  200057f8    00000008     adc.obj (.bss:g_pui8OversampleFactor)
                  20005800    00000004     (.common:CurrentlyRunningThread)
                  20005804    00000004     (.common:IBit_State)
                  20005808    00000004     (.common:LCDMutex)
                  2000580c    00000004     (.common:SystemTime)
                  20005810    00000001     I2CDriver.obj (.bss)

.data      0    20005a18    00000018     UNINITIALIZED
                  20005a18    00000008     rtsv7M4_T_le_v4SPD16_eabi.lib : _lock.c.obj (.data:$O1$$)
                  20005a20    00000005     uartstdio.obj (.data)
                  20005a25    00000003     threads.obj (.data)
                  20005a28    00000004     rtsv7M4_T_le_v4SPD16_eabi.lib : errno.c.obj (.data)
                  20005a2c    00000004                                   : rand.c.obj (.data)

.stack     0    20005818    00000200     UNINITIALIZED
                  20005818    00000004     rtsv7M4_T_le_v4SPD16_eabi.lib : boot_cortex_m.c.obj (.stack)
                  2000581c    000001fc     --HOLE--

__llvm_prf_cnts 
*          0    20000000    00000000     UNINITIALIZED

MODULE SUMMARY

       Module                         code    ro data   rw data
       ------                         ----    -------   -------
    .\
       sprites.obj                    308     30400     0      
       threads.obj                    2452    0         55     
       tm4c123gh6pm_startup_ccs.obj   12      620       0      
       main.obj                       336     0         12     
    +--+------------------------------+-------+---------+---------+
       Total:                         3108    31020     67     
                                                               
    .\BoardSupport\driverlib\
       sysctl.obj                     3974    596       0      
       gpio.obj                       3092    552       0      
       adc.obj                        2112    0         8      
       i2c.obj                        1784    128       0      
       interrupt.obj                  960     268       620    
       uart.obj                       1582    128       0      
       uartstdio.obj                  1192    46        5      
       ssi.obj                        866     64        0      
       systick.obj                    136     0         0      
       cpu.obj                        62      0         0      
    +--+------------------------------+-------+---------+---------+
       Total:                         15760   1782      633    
                                                               
    .\BoardSupport\src\
       ILI9341_Lib.obj                2248    0         0      
       AsciiLib.obj                   64      1520      0      
       I2CDriver.obj                  444     0         1      
       Joystick.obj                   240     0         0      
       BoardInitialization.obj        116     0         0      
       demo_sysctl.obj                6       0         0      
    +--+------------------------------+-------+---------+---------+
       Total:                         3118    1520      1      
                                                               
    .\G8RTOS_Lab4\
       G8RTOS_Scheduler.obj           1604    0         21516  
       G8RTOS_IPC.obj                 368     0         336    
       G8RTOS_Semaphores.obj          168     0         0      
       G8RTOS_SchedulerASM.obj        64      0         0      
       G8RTOS_CriticalSection.obj     14      0         0      
    +--+------------------------------+-------+---------+---------+
       Total:                         2218    0         21852  
                                                               
    C:\ti\ti-cgt-arm_20.2.4.LTS\lib\rtsv7M4_T_le_v4SPD16_eabi.lib
       _printfi.c.obj                 4851    0         0      
       e_pow.c.obj                    2496    48        0      
       e_log.c.obj                    964     0         0      
       fd_add_t2.asm.obj              438     0         0      
       e_sqrt.c.obj                   344     0         0      
       fd_div_t2.asm.obj              310     0         0      
       s_scalbn.c.obj                 272     0         0      
       fd_cmp_t2.asm.obj              268     0         0      
       ctype.c.obj                    0       257       0      
       fd_mul_t2.asm.obj              252     0         0      
       s_floor.c.obj                  248     0         0      
       memcpy_t2.asm.obj              156     0         0      
       ull_div_t2.asm.obj             150     0         0      
       memset_t2.asm.obj              122     0         0      
       copy_decompress_lzss.c.obj     104     0         0      
       s_frexp.c.obj                  100     0         0      
       sprintf.c.obj                  98      0         0      
       _ltoa.c.obj                    84      0         0      
       atoi.c.obj                     76      0         0      
       fd_toi_t2.asm.obj              72      0         0      
       autoinit.c.obj                 68      0         0      
       u_divt2.asm.obj                64      0         0      
       rand.c.obj                     52      0         4      
       boot_cortex_m.c.obj            52      0         0      
       i_tofd_t2.asm.obj              46      0         0      
       u_tofd_t2.asm.obj              32      0         0      
       memccpy.c.obj                  28      0         0      
       s_copysign.c.obj               26      0         0      
       strchr.c.obj                   22      0         0      
       strcpy.c.obj                   20      0         0      
       strlen.c.obj                   20      0         0      
       wcslen.c.obj                   18      0         0      
       copy_decompress_none.c.obj     14      0         0      
       copy_zero_init.c.obj           12      0         0      
       errno.c.obj                    8       0         4      
       _lock.c.obj                    2       0         8      
       exit.c.obj                     4       0         0      
       pre_init.c.obj                 4       0         0      
       div0.asm.obj                   2       0         0      
    +--+------------------------------+-------+---------+---------+
       Total:                         11899   305       16     
                                                               
       Stack:                         0       0         512    
       Linker Generated:              0       68        0      
    +--+------------------------------+-------+---------+---------+
       Grand Total:                   36103   34695     23081  


LINKER GENERATED COPY TABLES

__TI_cinit_table @ 00011498 records: 3, size/record: 8, table size: 24
	.data: load addr=00011468, load size=00000010 bytes, run addr=20005a18, run size=00000018 bytes, compression=lzss
	.bss: load addr=00011488, load size=00000008 bytes, run addr=2000026c, run size=000055a5 bytes, compression=zero_init
	.vtable: load addr=00011490, load size=00000008 bytes, run addr=20000000, run size=0000026c bytes, compression=zero_init


LINKER GENERATED HANDLER TABLE

__TI_handler_table @ 00011478 records: 3, size/record: 4, table size: 12
	index: 0, handler: __TI_zero_init
	index: 1, handler: __TI_decompress_lzss
	index: 2, handler: __TI_decompress_none


GLOBAL SYMBOLS: SORTED ALPHABETICALLY BY Name 

address   name                                    
-------   ----                                    
00004355  ADCBusy                                 
0000439d  ADCClockConfigGet                       
00004373  ADCClockConfigSet                       
0000416f  ADCComparatorConfigure                  
00004249  ADCComparatorIntClear                   
000041f5  ADCComparatorIntDisable                 
00004213  ADCComparatorIntEnable                  
00004235  ADCComparatorIntStatus                  
0000418b  ADCComparatorRegionSet                  
000041af  ADCComparatorReset                      
0000413d  ADCHardwareOversampleConfigure          
00003cdf  ADCIntClear                             
000042bd  ADCIntClearEx                           
00003c45  ADCIntDisable                           
0000425b  ADCIntDisableEx                         
00003c61  ADCIntEnable                            
00004273  ADCIntEnableEx                          
00003bff  ADCIntRegister                          
00003c87  ADCIntStatus                            
0000428b  ADCIntStatusEx                          
00003c27  ADCIntUnregister                        
0000430f  ADCPhaseDelayGet                        
000042fd  ADCPhaseDelaySet                        
00003f51  ADCProcessorTrigger                     
000042eb  ADCReferenceGet                         
000042cf  ADCReferenceSet                         
00003d29  ADCSequenceConfigure                    
00004339  ADCSequenceDMADisable                   
0000431d  ADCSequenceDMAEnable                    
00003f0f  ADCSequenceDataGet                      
00003d0f  ADCSequenceDisable                      
00003cf5  ADCSequenceEnable                       
00003eb3  ADCSequenceOverflow                     
00003ecb  ADCSequenceOverflowClear                
00003dc5  ADCSequenceStepConfigure                
00003ee1  ADCSequenceUnderflow                    
00003ef9  ADCSequenceUnderflowClear               
00003f75  ADCSoftwareOversampleConfigure          
000040a9  ADCSoftwareOversampleDataGet            
00003fc7  ADCSoftwareOversampleStepConfigure      
00008f81  C$$EXIT                                 
00008d7b  CPUbasepriGet                           
00008d6d  CPUbasepriSet                           
00008d47  CPUcpsid                                
00008d5d  CPUcpsie                                
00008d53  CPUprimask                              
00008d69  CPUwfi                                  
00007337  ContinueTransmission                    
20005800  CurrentlyRunningThread                  
0000824b  Disable_Joystick_Interrupt              
00008f33  EndCriticalSection                      
000073d7  EndReceive                              
0000735d  EndTransmission                         
00005651  G8RTOS_AddAPeriodicEvent                
00005575  G8RTOS_AddPeriodicEvent                 
00005435  G8RTOS_AddThread                        
000056d5  G8RTOS_GetThreadId                      
00005351  G8RTOS_Init                             
000075e1  G8RTOS_InitFIFO                         
0000836d  G8RTOS_InitSemaphore                    
000057f9  G8RTOS_KillAllThreads                   
000057c9  G8RTOS_KillSelf                         
000056ed  G8RTOS_KillThread                       
000053ab  G8RTOS_Launch                           
00005239  G8RTOS_Scheduler                        
000083c3  G8RTOS_SignalSemaphore                  
00008c0d  G8RTOS_Start                            
0000838b  G8RTOS_WaitSemaphore                    
0000ff40  GOOMBA1                                 
00001db1  GPIOADCTriggerDisable                   
00001d93  GPIOADCTriggerEnable                    
00001d75  GPIODMATriggerDisable                   
00001d57  GPIODMATriggerEnable                    
000012a7  GPIODirModeGet                          
0000124b  GPIODirModeSet                          
00001861  GPIOIntClear                            
00001825  GPIOIntDisable                          
00001801  GPIOIntEnable                           
00001875  GPIOIntRegister                         
000018ad  GPIOIntRegisterPin                      
0000183f  GPIOIntStatus                           
00001397  GPIOIntTypeGet                          
000012f3  GPIOIntTypeSet                          
00001893  GPIOIntUnregister                       
000018db  GPIOIntUnregisterPin                    
0000168f  GPIOPadConfigGet                        
00001421  GPIOPadConfigSet                        
00001cf9  GPIOPinConfigure                        
000018ff  GPIOPinRead                             
00001937  GPIOPinTypeADC                          
0000195b  GPIOPinTypeCAN                          
0000197f  GPIOPinTypeComparator                   
000019a3  GPIOPinTypeComparatorOutput             
000019c7  GPIOPinTypeDIVSCLK                      
000019eb  GPIOPinTypeEPI                          
00001a0f  GPIOPinTypeEthernetLED                  
00001a33  GPIOPinTypeEthernetMII                  
00001a57  GPIOPinTypeGPIOInput                    
00001a7b  GPIOPinTypeGPIOOutput                   
00001aa5  GPIOPinTypeGPIOOutputOD                 
00001ac9  GPIOPinTypeHibernateRTCCLK              
00001aed  GPIOPinTypeI2C                          
00001b11  GPIOPinTypeI2CSCL                       
00001b35  GPIOPinTypeLCD                          
00001b59  GPIOPinTypeOneWire                      
00001b7d  GPIOPinTypePWM                          
00001ba1  GPIOPinTypeQEI                          
00001bc5  GPIOPinTypeSSI                          
00001be9  GPIOPinTypeTimer                        
00001c0d  GPIOPinTypeTrace                        
00001c31  GPIOPinTypeUART                         
00001c55  GPIOPinTypeUSBAnalog                    
00001c79  GPIOPinTypeUSBDigital                   
00001c9d  GPIOPinTypeWakeHigh                     
00001cc3  GPIOPinTypeWakeLow                      
00001ce9  GPIOPinWakeStatus                       
00001917  GPIOPinWrite                            
00001dcf  GPIOUnlockPin                           
00008bc9  GetASCIICode                            
0000825f  GetJoystickCoordinates                  
000057dd  GetNumberOfThreads                      
00005127  I2CFIFODataGet                          
00005141  I2CFIFODataGetNonBlocking               
000050dd  I2CFIFODataPut                          
000050ff  I2CFIFODataPutNonBlocking               
000050cd  I2CFIFOStatus                           
00004cc1  I2CIntRegister                          
00004cdf  I2CIntUnregister                        
00005203  I2CLoopbackEnable                       
0000517d  I2CMasterBurstCountGet                  
00005167  I2CMasterBurstLengthSet                 
00004f25  I2CMasterBusBusy                        
00004f0d  I2CMasterBusy                           
00004f3d  I2CMasterControl                        
00004f91  I2CMasterDataGet                        
00004f7b  I2CMasterDataPut                        
00004c8d  I2CMasterDisable                        
00004c59  I2CMasterEnable                         
00004f4f  I2CMasterErr                            
0000518b  I2CMasterGlitchFilterConfigSet          
00004b8f  I2CMasterInitExpClk                     
00004e87  I2CMasterIntClear                       
00004ea5  I2CMasterIntClearEx                     
00004d53  I2CMasterIntDisable                     
00004d63  I2CMasterIntDisableEx                   
00004cf9  I2CMasterIntEnable                      
00004d09  I2CMasterIntEnableEx                    
00004dad  I2CMasterIntStatus                      
00004df1  I2CMasterIntStatusEx                    
00004eff  I2CMasterLineStateGet                   
00004edd  I2CMasterSlaveAddrSet                   
00004f9f  I2CMasterTimeoutSet                     
0000508d  I2CRxFIFOConfigSet                      
000050b5  I2CRxFIFOFlush                          
00004fb1  I2CSlaveACKOverride                     
00004fe3  I2CSlaveACKValueSet                     
00004c1b  I2CSlaveAddressSet                      
0000503d  I2CSlaveDataGet                         
00005025  I2CSlaveDataPut                         
00004ca3  I2CSlaveDisable                         
00004c6f  I2CSlaveEnable                          
000051f1  I2CSlaveFIFODisable                     
000051d9  I2CSlaveFIFOEnable                      
00004c01  I2CSlaveInit                            
00004eb7  I2CSlaveIntClear                        
00004ec9  I2CSlaveIntClearEx                      
00004d7b  I2CSlaveIntDisable                      
00004d93  I2CSlaveIntDisableEx                    
00004d21  I2CSlaveIntEnable                       
00004d39  I2CSlaveIntEnableEx                     
00004e1d  I2CSlaveIntStatus                       
00004e65  I2CSlaveIntStatusEx                     
00005015  I2CSlaveStatus                          
0000504d  I2CTxFIFOConfigSet                      
00005075  I2CTxFIFOFlush                          
20005804  IBit_State                              
0000354d  IdleThread                              
0000883d  InitializeBoard                         
0000726d  InitializeLEDI2C                        
000072b9  InitializeSensorI2C                     
000068c9  IntDisable                              
00006857  IntEnable                               
0000693b  IntIsEnabled                            
0000671b  IntMasterDisable                        
0000670b  IntMasterEnable                         
00006a31  IntPendClear                            
000069c1  IntPendSet                              
00006833  IntPriorityGet                          
000067ab  IntPriorityGroupingGet                  
00006791  IntPriorityGroupingSet                  
00006a8b  IntPriorityMaskGet                      
00006a7f  IntPriorityMaskSet                      
000067e3  IntPrioritySet                          
0000672b  IntRegister                             
00006a93  IntTrigger                              
0000677d  IntUnregister                           
000081c9  Joystick_Init_Without_Interrupt         
00008215  Joystick_Push_Button_Init_With_Interrupt
20005808  LCDMutex                                
000048d7  LCD_Clear                               
00004933  LCD_DrawRectangle                       
000045d9  LCD_Init                                
000048a3  LCD_PushColor                           
0000482d  LCD_SetAddress                          
00008e1b  LCD_SetCursor                           
000045ab  LCD_SetPoint                            
000044fb  LCD_Text                                
00008b41  LCD_WriteData                           
00008c49  LCD_WriteIndex                          
00008e45  LCD_Write_Data_Only                     
0000f388  MARIO1                                  
00003949  Obstacle_Thread                         
00008c1b  PendSV_Handler                          
00003819  Player_Thread                           
0000828d  PortEIntHandler                         
00008415  PutChar                                 
00008f88  RTOS_LOGO                               
00008f53  ResetISR                                
00006d81  SSIAdvDataPutFrameEnd                   
00006da7  SSIAdvDataPutFrameEndNonBlocking        
00006de9  SSIAdvFrameHoldDisable                  
00006dd3  SSIAdvFrameHoldEnable                   
00006d4f  SSIAdvModeSet                           
00006d0d  SSIBusy                                 
00006d3f  SSIClockSourceGet                       
00006d2b  SSIClockSourceSet                       
00006b27  SSIConfigSetExpClk                      
00006cf5  SSIDMADisable                           
00006cdd  SSIDMAEnable                            
00006c9f  SSIDataGet                              
00006cbb  SSIDataGetNonBlocking                   
00006c65  SSIDataPut                              
00006c7f  SSIDataPutNonBlocking                   
00006bb7  SSIDisable                              
00006ba1  SSIEnable                               
00006c53  SSIIntClear                             
00006c1d  SSIIntDisable                           
00006c05  SSIIntEnable                            
00006bcd  SSIIntRegister                          
00006c35  SSIIntStatus                            
00006beb  SSIIntUnregister                        
00006e15  SSILoopbackDisable                      
00006dff  SSILoopbackEnable                       
00003ad1  Scoreboard_Thread                       
000072fb  SetSlaveAddress                         
0000736b  SignalMasterReceive                     
00008f2b  StartCriticalSection                    
000073a7  StartReceive                            
00007311  StartTransmission                       
000011a9  SysCtlAltClkConfig                      
000008d1  SysCtlClockFreqSet                      
00000d99  SysCtlClockGet                          
0000118d  SysCtlClockOutConfig                    
00000bc9  SysCtlClockSet                          
000007d5  SysCtlDeepSleep                         
00000f5d  SysCtlDeepSleepClockConfigSet           
00000f3f  SysCtlDeepSleepClockSet                 
000007b5  SysCtlDeepSleepPowerSet                 
00008f71  SysCtlDelay                             
00000363  SysCtlFlashSectorSizeGet                
00000337  SysCtlFlashSizeGet                      
00001033  SysCtlGPIOAHBDisable                    
00001017  SysCtlGPIOAHBEnable                     
00000749  SysCtlIntClear                          
00000731  SysCtlIntDisable                        
0000071d  SysCtlIntEnable                         
000006f5  SysCtlIntRegister                       
00000759  SysCtlIntStatus                         
0000070d  SysCtlIntUnregister                     
0000079b  SysCtlLDODeepSleepGet                   
0000078b  SysCtlLDODeepSleepSet                   
00000785  SysCtlLDOSleepGet                       
00000775  SysCtlLDOSleepSet                       
0000080b  SysCtlMOSCConfigSet                     
00001171  SysCtlNMIClear                          
0000115d  SysCtlNMIStatus                         
00000821  SysCtlPIOSCCalibrate                    
00001001  SysCtlPWMClockGet                       
00000fe7  SysCtlPWMClockSet                       
000006a1  SysCtlPeripheralClockGating             
00000659  SysCtlPeripheralDeepSleepDisable        
00000609  SysCtlPeripheralDeepSleepEnable         
00000545  SysCtlPeripheralDisable                 
00000509  SysCtlPeripheralEnable                  
00000445  SysCtlPeripheralPowerOff                
00000409  SysCtlPeripheralPowerOn                 
00000389  SysCtlPeripheralPresent                 
000003c9  SysCtlPeripheralReady                   
00000481  SysCtlPeripheralReset                   
000005cd  SysCtlPeripheralSleepDisable            
00000589  SysCtlPeripheralSleepEnable             
000007c5  SysCtlReset                             
00000881  SysCtlResetBehaviorGet                  
00000871  SysCtlResetBehaviorSet                  
000007f7  SysCtlResetCauseClear                   
000007f1  SysCtlResetCauseGet                     
0000032d  SysCtlSRAMSizeGet                       
000007cd  SysCtlSleep                             
000007a1  SysCtlSleepPowerSet                     
0000105b  SysCtlUSBPLLDisable                     
0000104f  SysCtlUSBPLLEnable                      
000010a1  SysCtlVCOGet                            
00001089  SysCtlVoltageEventClear                 
0000106d  SysCtlVoltageEventConfig                
0000107d  SysCtlVoltageEventStatus                
00008f77  SysDelay                                
000085fd  SysTickDisable                          
000085f1  SysTickEnable                           
00008641  SysTickIntDisable                       
00008635  SysTickIntEnable                        
00008609  SysTickIntRegister                      
00008621  SysTickIntUnregister                    
0000865f  SysTickPeriodGet                        
0000864d  SysTickPeriodSet                        
00008667  SysTickValueGet                         
00005295  SysTick_Handler                         
2000580c  SystemTime                              
00004a17  TP_ReadXY                               
00005e3d  UART9BitAddrSend                        
00005e17  UART9BitAddrSet                         
00005e01  UART9BitDisable                         
00005deb  UART9BitEnable                          
00005c8f  UARTBreakCtl                            
00005cb9  UARTBusy                                
00005c37  UARTCharGet                             
00005c1b  UARTCharGetNonBlocking                  
00005c71  UARTCharPut                             
00005c4d  UARTCharPutNonBlocking                  
00005bdf  UARTCharsAvail                          
00005ddb  UARTClockSourceGet                      
00005dc7  UARTClockSourceSet                      
000059af  UARTConfigGetExpClk                     
00005939  UARTConfigSetExpClk                     
00005d8d  UARTDMADisable                          
00005d75  UARTDMAEnable                           
00005a1f  UARTDisable                             
00005aa3  UARTDisableSIR                          
000059fb  UARTEnable                              
00005a75  UARTEnableSIR                           
00005a5f  UARTFIFODisable                         
00005a49  UARTFIFOEnable                          
00005911  UARTFIFOLevelGet                        
000058f9  UARTFIFOLevelSet                        
00005b9f  UARTFlowControlGet                      
00005b83  UARTFlowControlSet                      
00005d63  UARTIntClear                            
00005d2d  UARTIntDisable                          
00005d15  UARTIntEnable                           
00005cd7  UARTIntRegister                         
00005d45  UARTIntStatus                           
00005cf5  UARTIntUnregister                       
00005e85  UARTLoopbackEnable                      
00005b39  UARTModemControlClear                   
00005b5d  UARTModemControlGet                     
00005b01  UARTModemControlSet                     
00005b6f  UARTModemStatusGet                      
000058e7  UARTParityModeGet                       
000058cb  UARTParityModeSet                       
00005db7  UARTRxErrorClear                        
00005da5  UARTRxErrorGet                          
00005aeb  UARTSmartCardDisable                    
00005ab9  UARTSmartCardEnable                     
00005bfd  UARTSpaceAvail                          
00005e9d  UARTStdioConfig                         
00005bcd  UARTTxIntModeGet                        
00005bb1  UARTTxIntModeSet                        
00005fed  UARTgetc                                
00005f33  UARTgets                                
0000630f  UARTprintf                              
00006015  UARTvprintf                             
00005ee3  UARTwrite                               
000043e5  WriteTFT_CS                             
000043f9  WriteTFT_DC                             
0000440d  WriteTP_CS                              
20005a18  __STACK_END                             
00000200  __STACK_SIZE                            
20005a18  __STACK_TOP                             
00011498  __TI_CINIT_Base                         
000114b0  __TI_CINIT_Limit                        
00011478  __TI_Handler_Table_Base                 
00011484  __TI_Handler_Table_Limit                
00008b85  __TI_auto_init_nobinit_nopinit          
000088e3  __TI_decompress_lzss                    
00008f39  __TI_decompress_none                    
00008a07  __TI_ltoa                               
ffffffff  __TI_pprof_out_hndl                     
00001e01  __TI_printfi                            
ffffffff  __TI_prof_data_size                     
ffffffff  __TI_prof_data_start                    
00000000  __TI_static_base__                      
00008f47  __TI_zero_init                          
00008679  __aeabi_cdcmpeq                         
00008679  __aeabi_cdcmple                         
000086ff  __aeabi_cdrcmple                        
00008af9  __aeabi_d2iz                            
00007433  __aeabi_dadd                            
00007b35  __aeabi_ddiv                            
00007fd5  __aeabi_dmul                            
00007429  __aeabi_dsub                            
00008f69  __aeabi_errno_addr                      
00008ded  __aeabi_i2d                             
00005e9b  __aeabi_idiv0                           
00005e9b  __aeabi_ldiv0                           
00008785  __aeabi_memclr                          
00008785  __aeabi_memclr4                         
00008785  __aeabi_memclr8                         
000084bd  __aeabi_memcpy                          
000084bd  __aeabi_memcpy4                         
000084bd  __aeabi_memcpy8                         
00008787  __aeabi_memset                          
00008787  __aeabi_memset4                         
00008787  __aeabi_memset8                         
00008e6d  __aeabi_ui2d                            
00008c89  __aeabi_uidiv                           
00008c89  __aeabi_uidivmod                        
00008559  __aeabi_uldivmod                        
ffffffff  __binit__                               
ffffffff  __c_args__                              
UNDEFED   __mpu_init                              
20005818  __stack                                 
20000000  __start___llvm_prf_cnts                 
20000000  __stop___llvm_prf_cnts                  
00008d85  _c_int00_noargs                         
00010de8  _ctypes_                                
20005a18  _lock                                   
0000284f  _nop                                    
UNDEFED   _system_post_cinit                      
00008f7d  _system_pre_init                        
20005a1c  _unlock                                 
00008f81  abort                                   
00008aad  atoi                                    
ffffffff  binit                                   
20005a25  button_pressed                          
00003555  buttons                                 
00008ea9  copysign                                
00008ea9  copysignl                               
00007c6d  drawSprite                              
20005a28  errno                                   
000080d1  floor                                   
000080d1  floorl                                  
0000894d  frexp                                   
0000894d  frexpl                                  
20000000  g_pfnRAMVectors                         
00000000  g_pfnVectors                            
20005a27  hiscore                                 
000078a9  itoa                                    
00003611  jump                                    
00007ec5  ldexp                                   
00007ec5  ldexpl                                  
00006345  log                                     
00006345  logl                                    
000079c1  main                                    
00008e8d  memccpy                                 
000084bd  memcpy                                  
0000878d  memset                                  
200057d8  obstacle1                               
200057bc  player1                                 
00002851  pow                                     
00002851  powl                                    
00008db9  rand                                    
00007635  readFIFO                                
0000335d  restart_game                            
00003751  run                                     
00007ec5  scalbn                                  
00007ec5  scalbnl                                 
20005a26  score                                   
000056ab  sleep                                   
00008cc9  sprintf                                 
00007751  sqrt                                    
00007751  sqrtl                                   
00003211  start_game                              
00008edb  strchr                                  
00008ef1  strcpy                                  
00008f05  strlen                                  
00008f19  wcslen                                  
000076b1  writeFIFO                               


GLOBAL SYMBOLS: SORTED BY Symbol Address 

address   name                                    
-------   ----                                    
00000000  __TI_static_base__                      
00000000  g_pfnVectors                            
00000200  __STACK_SIZE                            
0000032d  SysCtlSRAMSizeGet                       
00000337  SysCtlFlashSizeGet                      
00000363  SysCtlFlashSectorSizeGet                
00000389  SysCtlPeripheralPresent                 
000003c9  SysCtlPeripheralReady                   
00000409  SysCtlPeripheralPowerOn                 
00000445  SysCtlPeripheralPowerOff                
00000481  SysCtlPeripheralReset                   
00000509  SysCtlPeripheralEnable                  
00000545  SysCtlPeripheralDisable                 
00000589  SysCtlPeripheralSleepEnable             
000005cd  SysCtlPeripheralSleepDisable            
00000609  SysCtlPeripheralDeepSleepEnable         
00000659  SysCtlPeripheralDeepSleepDisable        
000006a1  SysCtlPeripheralClockGating             
000006f5  SysCtlIntRegister                       
0000070d  SysCtlIntUnregister                     
0000071d  SysCtlIntEnable                         
00000731  SysCtlIntDisable                        
00000749  SysCtlIntClear                          
00000759  SysCtlIntStatus                         
00000775  SysCtlLDOSleepSet                       
00000785  SysCtlLDOSleepGet                       
0000078b  SysCtlLDODeepSleepSet                   
0000079b  SysCtlLDODeepSleepGet                   
000007a1  SysCtlSleepPowerSet                     
000007b5  SysCtlDeepSleepPowerSet                 
000007c5  SysCtlReset                             
000007cd  SysCtlSleep                             
000007d5  SysCtlDeepSleep                         
000007f1  SysCtlResetCauseGet                     
000007f7  SysCtlResetCauseClear                   
0000080b  SysCtlMOSCConfigSet                     
00000821  SysCtlPIOSCCalibrate                    
00000871  SysCtlResetBehaviorSet                  
00000881  SysCtlResetBehaviorGet                  
000008d1  SysCtlClockFreqSet                      
00000bc9  SysCtlClockSet                          
00000d99  SysCtlClockGet                          
00000f3f  SysCtlDeepSleepClockSet                 
00000f5d  SysCtlDeepSleepClockConfigSet           
00000fe7  SysCtlPWMClockSet                       
00001001  SysCtlPWMClockGet                       
00001017  SysCtlGPIOAHBEnable                     
00001033  SysCtlGPIOAHBDisable                    
0000104f  SysCtlUSBPLLEnable                      
0000105b  SysCtlUSBPLLDisable                     
0000106d  SysCtlVoltageEventConfig                
0000107d  SysCtlVoltageEventStatus                
00001089  SysCtlVoltageEventClear                 
000010a1  SysCtlVCOGet                            
0000115d  SysCtlNMIStatus                         
00001171  SysCtlNMIClear                          
0000118d  SysCtlClockOutConfig                    
000011a9  SysCtlAltClkConfig                      
0000124b  GPIODirModeSet                          
000012a7  GPIODirModeGet                          
000012f3  GPIOIntTypeSet                          
00001397  GPIOIntTypeGet                          
00001421  GPIOPadConfigSet                        
0000168f  GPIOPadConfigGet                        
00001801  GPIOIntEnable                           
00001825  GPIOIntDisable                          
0000183f  GPIOIntStatus                           
00001861  GPIOIntClear                            
00001875  GPIOIntRegister                         
00001893  GPIOIntUnregister                       
000018ad  GPIOIntRegisterPin                      
000018db  GPIOIntUnregisterPin                    
000018ff  GPIOPinRead                             
00001917  GPIOPinWrite                            
00001937  GPIOPinTypeADC                          
0000195b  GPIOPinTypeCAN                          
0000197f  GPIOPinTypeComparator                   
000019a3  GPIOPinTypeComparatorOutput             
000019c7  GPIOPinTypeDIVSCLK                      
000019eb  GPIOPinTypeEPI                          
00001a0f  GPIOPinTypeEthernetLED                  
00001a33  GPIOPinTypeEthernetMII                  
00001a57  GPIOPinTypeGPIOInput                    
00001a7b  GPIOPinTypeGPIOOutput                   
00001aa5  GPIOPinTypeGPIOOutputOD                 
00001ac9  GPIOPinTypeHibernateRTCCLK              
00001aed  GPIOPinTypeI2C                          
00001b11  GPIOPinTypeI2CSCL                       
00001b35  GPIOPinTypeLCD                          
00001b59  GPIOPinTypeOneWire                      
00001b7d  GPIOPinTypePWM                          
00001ba1  GPIOPinTypeQEI                          
00001bc5  GPIOPinTypeSSI                          
00001be9  GPIOPinTypeTimer                        
00001c0d  GPIOPinTypeTrace                        
00001c31  GPIOPinTypeUART                         
00001c55  GPIOPinTypeUSBAnalog                    
00001c79  GPIOPinTypeUSBDigital                   
00001c9d  GPIOPinTypeWakeHigh                     
00001cc3  GPIOPinTypeWakeLow                      
00001ce9  GPIOPinWakeStatus                       
00001cf9  GPIOPinConfigure                        
00001d57  GPIODMATriggerEnable                    
00001d75  GPIODMATriggerDisable                   
00001d93  GPIOADCTriggerEnable                    
00001db1  GPIOADCTriggerDisable                   
00001dcf  GPIOUnlockPin                           
00001e01  __TI_printfi                            
0000284f  _nop                                    
00002851  pow                                     
00002851  powl                                    
00003211  start_game                              
0000335d  restart_game                            
0000354d  IdleThread                              
00003555  buttons                                 
00003611  jump                                    
00003751  run                                     
00003819  Player_Thread                           
00003949  Obstacle_Thread                         
00003ad1  Scoreboard_Thread                       
00003bff  ADCIntRegister                          
00003c27  ADCIntUnregister                        
00003c45  ADCIntDisable                           
00003c61  ADCIntEnable                            
00003c87  ADCIntStatus                            
00003cdf  ADCIntClear                             
00003cf5  ADCSequenceEnable                       
00003d0f  ADCSequenceDisable                      
00003d29  ADCSequenceConfigure                    
00003dc5  ADCSequenceStepConfigure                
00003eb3  ADCSequenceOverflow                     
00003ecb  ADCSequenceOverflowClear                
00003ee1  ADCSequenceUnderflow                    
00003ef9  ADCSequenceUnderflowClear               
00003f0f  ADCSequenceDataGet                      
00003f51  ADCProcessorTrigger                     
00003f75  ADCSoftwareOversampleConfigure          
00003fc7  ADCSoftwareOversampleStepConfigure      
000040a9  ADCSoftwareOversampleDataGet            
0000413d  ADCHardwareOversampleConfigure          
0000416f  ADCComparatorConfigure                  
0000418b  ADCComparatorRegionSet                  
000041af  ADCComparatorReset                      
000041f5  ADCComparatorIntDisable                 
00004213  ADCComparatorIntEnable                  
00004235  ADCComparatorIntStatus                  
00004249  ADCComparatorIntClear                   
0000425b  ADCIntDisableEx                         
00004273  ADCIntEnableEx                          
0000428b  ADCIntStatusEx                          
000042bd  ADCIntClearEx                           
000042cf  ADCReferenceSet                         
000042eb  ADCReferenceGet                         
000042fd  ADCPhaseDelaySet                        
0000430f  ADCPhaseDelayGet                        
0000431d  ADCSequenceDMAEnable                    
00004339  ADCSequenceDMADisable                   
00004355  ADCBusy                                 
00004373  ADCClockConfigSet                       
0000439d  ADCClockConfigGet                       
000043e5  WriteTFT_CS                             
000043f9  WriteTFT_DC                             
0000440d  WriteTP_CS                              
000044fb  LCD_Text                                
000045ab  LCD_SetPoint                            
000045d9  LCD_Init                                
0000482d  LCD_SetAddress                          
000048a3  LCD_PushColor                           
000048d7  LCD_Clear                               
00004933  LCD_DrawRectangle                       
00004a17  TP_ReadXY                               
00004b8f  I2CMasterInitExpClk                     
00004c01  I2CSlaveInit                            
00004c1b  I2CSlaveAddressSet                      
00004c59  I2CMasterEnable                         
00004c6f  I2CSlaveEnable                          
00004c8d  I2CMasterDisable                        
00004ca3  I2CSlaveDisable                         
00004cc1  I2CIntRegister                          
00004cdf  I2CIntUnregister                        
00004cf9  I2CMasterIntEnable                      
00004d09  I2CMasterIntEnableEx                    
00004d21  I2CSlaveIntEnable                       
00004d39  I2CSlaveIntEnableEx                     
00004d53  I2CMasterIntDisable                     
00004d63  I2CMasterIntDisableEx                   
00004d7b  I2CSlaveIntDisable                      
00004d93  I2CSlaveIntDisableEx                    
00004dad  I2CMasterIntStatus                      
00004df1  I2CMasterIntStatusEx                    
00004e1d  I2CSlaveIntStatus                       
00004e65  I2CSlaveIntStatusEx                     
00004e87  I2CMasterIntClear                       
00004ea5  I2CMasterIntClearEx                     
00004eb7  I2CSlaveIntClear                        
00004ec9  I2CSlaveIntClearEx                      
00004edd  I2CMasterSlaveAddrSet                   
00004eff  I2CMasterLineStateGet                   
00004f0d  I2CMasterBusy                           
00004f25  I2CMasterBusBusy                        
00004f3d  I2CMasterControl                        
00004f4f  I2CMasterErr                            
00004f7b  I2CMasterDataPut                        
00004f91  I2CMasterDataGet                        
00004f9f  I2CMasterTimeoutSet                     
00004fb1  I2CSlaveACKOverride                     
00004fe3  I2CSlaveACKValueSet                     
00005015  I2CSlaveStatus                          
00005025  I2CSlaveDataPut                         
0000503d  I2CSlaveDataGet                         
0000504d  I2CTxFIFOConfigSet                      
00005075  I2CTxFIFOFlush                          
0000508d  I2CRxFIFOConfigSet                      
000050b5  I2CRxFIFOFlush                          
000050cd  I2CFIFOStatus                           
000050dd  I2CFIFODataPut                          
000050ff  I2CFIFODataPutNonBlocking               
00005127  I2CFIFODataGet                          
00005141  I2CFIFODataGetNonBlocking               
00005167  I2CMasterBurstLengthSet                 
0000517d  I2CMasterBurstCountGet                  
0000518b  I2CMasterGlitchFilterConfigSet          
000051d9  I2CSlaveFIFOEnable                      
000051f1  I2CSlaveFIFODisable                     
00005203  I2CLoopbackEnable                       
00005239  G8RTOS_Scheduler                        
00005295  SysTick_Handler                         
00005351  G8RTOS_Init                             
000053ab  G8RTOS_Launch                           
00005435  G8RTOS_AddThread                        
00005575  G8RTOS_AddPeriodicEvent                 
00005651  G8RTOS_AddAPeriodicEvent                
000056ab  sleep                                   
000056d5  G8RTOS_GetThreadId                      
000056ed  G8RTOS_KillThread                       
000057c9  G8RTOS_KillSelf                         
000057dd  GetNumberOfThreads                      
000057f9  G8RTOS_KillAllThreads                   
000058cb  UARTParityModeSet                       
000058e7  UARTParityModeGet                       
000058f9  UARTFIFOLevelSet                        
00005911  UARTFIFOLevelGet                        
00005939  UARTConfigSetExpClk                     
000059af  UARTConfigGetExpClk                     
000059fb  UARTEnable                              
00005a1f  UARTDisable                             
00005a49  UARTFIFOEnable                          
00005a5f  UARTFIFODisable                         
00005a75  UARTEnableSIR                           
00005aa3  UARTDisableSIR                          
00005ab9  UARTSmartCardEnable                     
00005aeb  UARTSmartCardDisable                    
00005b01  UARTModemControlSet                     
00005b39  UARTModemControlClear                   
00005b5d  UARTModemControlGet                     
00005b6f  UARTModemStatusGet                      
00005b83  UARTFlowControlSet                      
00005b9f  UARTFlowControlGet                      
00005bb1  UARTTxIntModeSet                        
00005bcd  UARTTxIntModeGet                        
00005bdf  UARTCharsAvail                          
00005bfd  UARTSpaceAvail                          
00005c1b  UARTCharGetNonBlocking                  
00005c37  UARTCharGet                             
00005c4d  UARTCharPutNonBlocking                  
00005c71  UARTCharPut                             
00005c8f  UARTBreakCtl                            
00005cb9  UARTBusy                                
00005cd7  UARTIntRegister                         
00005cf5  UARTIntUnregister                       
00005d15  UARTIntEnable                           
00005d2d  UARTIntDisable                          
00005d45  UARTIntStatus                           
00005d63  UARTIntClear                            
00005d75  UARTDMAEnable                           
00005d8d  UARTDMADisable                          
00005da5  UARTRxErrorGet                          
00005db7  UARTRxErrorClear                        
00005dc7  UARTClockSourceSet                      
00005ddb  UARTClockSourceGet                      
00005deb  UART9BitEnable                          
00005e01  UART9BitDisable                         
00005e17  UART9BitAddrSet                         
00005e3d  UART9BitAddrSend                        
00005e85  UARTLoopbackEnable                      
00005e9b  __aeabi_idiv0                           
00005e9b  __aeabi_ldiv0                           
00005e9d  UARTStdioConfig                         
00005ee3  UARTwrite                               
00005f33  UARTgets                                
00005fed  UARTgetc                                
00006015  UARTvprintf                             
0000630f  UARTprintf                              
00006345  log                                     
00006345  logl                                    
0000670b  IntMasterEnable                         
0000671b  IntMasterDisable                        
0000672b  IntRegister                             
0000677d  IntUnregister                           
00006791  IntPriorityGroupingSet                  
000067ab  IntPriorityGroupingGet                  
000067e3  IntPrioritySet                          
00006833  IntPriorityGet                          
00006857  IntEnable                               
000068c9  IntDisable                              
0000693b  IntIsEnabled                            
000069c1  IntPendSet                              
00006a31  IntPendClear                            
00006a7f  IntPriorityMaskSet                      
00006a8b  IntPriorityMaskGet                      
00006a93  IntTrigger                              
00006b27  SSIConfigSetExpClk                      
00006ba1  SSIEnable                               
00006bb7  SSIDisable                              
00006bcd  SSIIntRegister                          
00006beb  SSIIntUnregister                        
00006c05  SSIIntEnable                            
00006c1d  SSIIntDisable                           
00006c35  SSIIntStatus                            
00006c53  SSIIntClear                             
00006c65  SSIDataPut                              
00006c7f  SSIDataPutNonBlocking                   
00006c9f  SSIDataGet                              
00006cbb  SSIDataGetNonBlocking                   
00006cdd  SSIDMAEnable                            
00006cf5  SSIDMADisable                           
00006d0d  SSIBusy                                 
00006d2b  SSIClockSourceSet                       
00006d3f  SSIClockSourceGet                       
00006d4f  SSIAdvModeSet                           
00006d81  SSIAdvDataPutFrameEnd                   
00006da7  SSIAdvDataPutFrameEndNonBlocking        
00006dd3  SSIAdvFrameHoldEnable                   
00006de9  SSIAdvFrameHoldDisable                  
00006dff  SSILoopbackEnable                       
00006e15  SSILoopbackDisable                      
0000726d  InitializeLEDI2C                        
000072b9  InitializeSensorI2C                     
000072fb  SetSlaveAddress                         
00007311  StartTransmission                       
00007337  ContinueTransmission                    
0000735d  EndTransmission                         
0000736b  SignalMasterReceive                     
000073a7  StartReceive                            
000073d7  EndReceive                              
00007429  __aeabi_dsub                            
00007433  __aeabi_dadd                            
000075e1  G8RTOS_InitFIFO                         
00007635  readFIFO                                
000076b1  writeFIFO                               
00007751  sqrt                                    
00007751  sqrtl                                   
000078a9  itoa                                    
000079c1  main                                    
00007b35  __aeabi_ddiv                            
00007c6d  drawSprite                              
00007ec5  ldexp                                   
00007ec5  ldexpl                                  
00007ec5  scalbn                                  
00007ec5  scalbnl                                 
00007fd5  __aeabi_dmul                            
000080d1  floor                                   
000080d1  floorl                                  
000081c9  Joystick_Init_Without_Interrupt         
00008215  Joystick_Push_Button_Init_With_Interrupt
0000824b  Disable_Joystick_Interrupt              
0000825f  GetJoystickCoordinates                  
0000828d  PortEIntHandler                         
0000836d  G8RTOS_InitSemaphore                    
0000838b  G8RTOS_WaitSemaphore                    
000083c3  G8RTOS_SignalSemaphore                  
00008415  PutChar                                 
000084bd  __aeabi_memcpy                          
000084bd  __aeabi_memcpy4                         
000084bd  __aeabi_memcpy8                         
000084bd  memcpy                                  
00008559  __aeabi_uldivmod                        
000085f1  SysTickEnable                           
000085fd  SysTickDisable                          
00008609  SysTickIntRegister                      
00008621  SysTickIntUnregister                    
00008635  SysTickIntEnable                        
00008641  SysTickIntDisable                       
0000864d  SysTickPeriodSet                        
0000865f  SysTickPeriodGet                        
00008667  SysTickValueGet                         
00008679  __aeabi_cdcmpeq                         
00008679  __aeabi_cdcmple                         
000086ff  __aeabi_cdrcmple                        
00008785  __aeabi_memclr                          
00008785  __aeabi_memclr4                         
00008785  __aeabi_memclr8                         
00008787  __aeabi_memset                          
00008787  __aeabi_memset4                         
00008787  __aeabi_memset8                         
0000878d  memset                                  
0000883d  InitializeBoard                         
000088e3  __TI_decompress_lzss                    
0000894d  frexp                                   
0000894d  frexpl                                  
00008a07  __TI_ltoa                               
00008aad  atoi                                    
00008af9  __aeabi_d2iz                            
00008b41  LCD_WriteData                           
00008b85  __TI_auto_init_nobinit_nopinit          
00008bc9  GetASCIICode                            
00008c0d  G8RTOS_Start                            
00008c1b  PendSV_Handler                          
00008c49  LCD_WriteIndex                          
00008c89  __aeabi_uidiv                           
00008c89  __aeabi_uidivmod                        
00008cc9  sprintf                                 
00008d47  CPUcpsid                                
00008d53  CPUprimask                              
00008d5d  CPUcpsie                                
00008d69  CPUwfi                                  
00008d6d  CPUbasepriSet                           
00008d7b  CPUbasepriGet                           
00008d85  _c_int00_noargs                         
00008db9  rand                                    
00008ded  __aeabi_i2d                             
00008e1b  LCD_SetCursor                           
00008e45  LCD_Write_Data_Only                     
00008e6d  __aeabi_ui2d                            
00008e8d  memccpy                                 
00008ea9  copysign                                
00008ea9  copysignl                               
00008edb  strchr                                  
00008ef1  strcpy                                  
00008f05  strlen                                  
00008f19  wcslen                                  
00008f2b  StartCriticalSection                    
00008f33  EndCriticalSection                      
00008f39  __TI_decompress_none                    
00008f47  __TI_zero_init                          
00008f53  ResetISR                                
00008f69  __aeabi_errno_addr                      
00008f71  SysCtlDelay                             
00008f77  SysDelay                                
00008f7d  _system_pre_init                        
00008f81  C$$EXIT                                 
00008f81  abort                                   
00008f88  RTOS_LOGO                               
0000f388  MARIO1                                  
0000ff40  GOOMBA1                                 
00010de8  _ctypes_                                
00011478  __TI_Handler_Table_Base                 
00011484  __TI_Handler_Table_Limit                
00011498  __TI_CINIT_Base                         
000114b0  __TI_CINIT_Limit                        
20000000  __start___llvm_prf_cnts                 
20000000  __stop___llvm_prf_cnts                  
20000000  g_pfnRAMVectors                         
200057bc  player1                                 
200057d8  obstacle1                               
20005800  CurrentlyRunningThread                  
20005804  IBit_State                              
20005808  LCDMutex                                
2000580c  SystemTime                              
20005818  __stack                                 
20005a18  __STACK_END                             
20005a18  __STACK_TOP                             
20005a18  _lock                                   
20005a1c  _unlock                                 
20005a25  button_pressed                          
20005a26  score                                   
20005a27  hiscore                                 
20005a28  errno                                   
ffffffff  __TI_pprof_out_hndl                     
ffffffff  __TI_prof_data_size                     
ffffffff  __TI_prof_data_start                    
ffffffff  __binit__                               
ffffffff  __c_args__                              
ffffffff  binit                                   
UNDEFED   __mpu_init                              
UNDEFED   _system_post_cinit                      

[476 symbols]
