******************************************************************************
                  TI ARM Linker PC v20.2.4                     
******************************************************************************
>> Linked Tue Dec  6 13:22:57 2022

OUTPUT FILE NAME:   <Lab4.out>
ENTRY POINT SYMBOL: "_c_int00_noargs"  address: 000178d9


MEMORY CONFIGURATION

         name            origin    length      used     unused   attr    fill
----------------------  --------  ---------  --------  --------  ----  --------
  FLASH                 00000000   00040000  0001882f  000277d1  R  X
  SRAM                  20000000   00008000  00006a62  0000159e  RW X


SEGMENT ALLOCATION MAP

run origin  load origin   length   init length attrs members
----------  ----------- ---------- ----------- ----- -------
00000000    00000000    00018838   00018838    r-x
  00000000    00000000    0000026c   0000026c    r-- .intvecs
  0000026c    0000026c    00017830   00017830    r-x .text
  00017aa0    00017aa0    00000d3b   00000d3b    r-- .const
  000187e0    000187e0    00000058   00000058    r-- .cinit
20000000    20000000    00006a68   00000000    rw-
  20000000    20000000    0000026c   00000000    rw- .vtable
  2000026c    2000026c    000060a2   00000000    rw- .bss
  20006310    20006310    00000554   00000000    rw- .data
  20006868    20006868    00000200   00000000    rw- .stack


SECTION ALLOCATION MAP

 output                                  attributes/
section   page    origin      length       input sections
--------  ----  ----------  ----------   ----------------
.intvecs   0    00000000    0000026c     
                  00000000    0000026c     tm4c123gh6pm_startup_ccs.obj (.intvecs)

.text      0    0000026c    00017830     
                  0000026c    0000d5e0     bmi160.obj (.text)
                  0000d84c    00001810     bme280.obj (.text)
                  0000f05c    00000f80     sysctl.obj (.text)
                  0000ffdc    00000ce0     bmi160_support.obj (.text)
                  00010cbc    00000c14     gpio.obj (.text)
                  000118d0    000009c0     rtsv7M4_T_le_v4SPD16_eabi.lib : e_pow.c.obj (.text:pow)
                  00012290    00000840     adc.obj (.text)
                  00012ad0    00000794     ILI9341_Lib.obj (.text)
                  00013264    000006f8     i2c.obj (.text)
                  0001395c    00000644     G8RTOS_Scheduler.obj (.text)
                  00013fa0    0000062e     uart.obj (.text)
                  000145ce    00000002     rtsv7M4_T_le_v4SPD16_eabi.lib : _lock.c.obj (.text:_nop)
                  000145d0    000005d8     threads.obj (.text)
                  00014ba8    000004a8     uartstdio.obj (.text)
                  00015050    00000408     bme280_support.obj (.text)
                  00015458    000003c4     rtsv7M4_T_le_v4SPD16_eabi.lib : e_log.c.obj (.text:log)
                  0001581c    000003c0     interrupt.obj (.text)
                  00015bdc    00000362     ssi.obj (.text)
                  00015f3e    00000002     rtsv7M4_T_le_v4SPD16_eabi.lib : div0.asm.obj (.text)
                  00015f40    000002c4     tmp007.obj (.text)
                  00016204    00000220     main.obj (.text)
                  00016424    000001bc     I2CDriver.obj (.text)
                  000165e0    000001b6     rtsv7M4_T_le_v4SPD16_eabi.lib : fd_add_t2.asm.obj (.text)
                  00016796    00000002     --HOLE-- [fill = 0]
                  00016798    00000170     G8RTOS_IPC.obj (.text)
                  00016908    00000158     rtsv7M4_T_le_v4SPD16_eabi.lib : e_sqrt.c.obj (.text:sqrt)
                  00016a60    00000136                                   : fd_div_t2.asm.obj (.text)
                  00016b96    00000002     --HOLE-- [fill = 0]
                  00016b98    00000134     opt3001.obj (.text)
                  00016ccc    00000110     rtsv7M4_T_le_v4SPD16_eabi.lib : s_scalbn.c.obj (.text:scalbn)
                  00016ddc    000000fc                                   : fd_mul_t2.asm.obj (.text)
                  00016ed8    000000f8                                   : s_floor.c.obj (.text:floor)
                  00016fd0    000000f0     Joystick.obj (.text)
                  000170c0    000000a8     G8RTOS_Semaphores.obj (.text)
                  00017168    000000a8     ILI9341_Lib.obj (.text:PutChar)
                  00017210    000000a0     BoardInitialization.obj (.text)
                  000172b0    0000009c     rtsv7M4_T_le_v4SPD16_eabi.lib : memcpy_t2.asm.obj (.text)
                  0001734c    00000096                                   : ull_div_t2.asm.obj (.text)
                  000173e2    00000002     --HOLE-- [fill = 0]
                  000173e4    00000088     systick.obj (.text)
                  0001746c    00000086     rtsv7M4_T_le_v4SPD16_eabi.lib : fd_cmp_t2.asm.obj (.text:__aeabi_cdcmple)
                  000174f2    00000086                                   : fd_cmp_t2.asm.obj (.text:__aeabi_cdrcmple)
                  00017578    0000007a                                   : memset_t2.asm.obj (.text)
                  000175f2    0000006e                                   : ll_div_t2.asm.obj (.text)
                  00017660    00000068                                   : copy_decompress_lzss.c.obj (.text:decompress:lzss:__TI_decompress_lzss)
                  000176c8    00000048                                   : fd_toi_t2.asm.obj (.text)
                  00017710    00000044     ILI9341_Lib.obj (.text:LCD_WriteData)
                  00017754    00000044     rtsv7M4_T_le_v4SPD16_eabi.lib : autoinit.c.obj (.text:__TI_auto_init_nobinit_nopinit:__TI_auto_init_nobinit_nopinit)
                  00017798    00000040     AsciiLib.obj (.text)
                  000177d8    00000040     G8RTOS_SchedulerASM.obj (.text)
                  00017818    00000040     ILI9341_Lib.obj (.text:LCD_WriteIndex)
                  00017858    00000040     rtsv7M4_T_le_v4SPD16_eabi.lib : u_divt2.asm.obj (.text)
                  00017898    0000003e     cpu.obj (.text)
                  000178d6    00000002     --HOLE-- [fill = 0]
                  000178d8    00000034     rtsv7M4_T_le_v4SPD16_eabi.lib : boot_cortex_m.c.obj (.text:_c_int00_noargs:_c_int00_noargs)
                  0001790c    00000034                                   : rand.c.obj (.text:rand)
                  00017940    0000002e                                   : i_tofd_t2.asm.obj (.text)
                  0001796e    00000028     ILI9341_Lib.obj (.text:LCD_SetCursor)
                  00017996    00000002     --HOLE-- [fill = 0]
                  00017998    00000028     ILI9341_Lib.obj (.text:LCD_Write_Data_Only)
                  000179c0    00000026     demo_sysctl.obj (.text)
                  000179e6    00000020     rtsv7M4_T_le_v4SPD16_eabi.lib : u_tofd_t2.asm.obj (.text)
                  00017a06    0000001a                                   : s_copysign.c.obj (.text:copysign)
                  00017a20    00000018                                   : ll_mul_t2.asm.obj (.text)
                  00017a38    00000014                                   : strcpy.c.obj (.text:strcpy)
                  00017a4c    0000000e     G8RTOS_CriticalSection.obj (.text)
                  00017a5a    0000000e     rtsv7M4_T_le_v4SPD16_eabi.lib : copy_decompress_none.c.obj (.text:decompress:none:__TI_decompress_none)
                  00017a68    0000000c                                   : copy_zero_init.c.obj (.text:decompress:ZI:__TI_zero_init)
                  00017a74    0000000c     tm4c123gh6pm_startup_ccs.obj (.text)
                  00017a80    00000008     rtsv7M4_T_le_v4SPD16_eabi.lib : errno.c.obj (.text:__aeabi_errno_addr)
                  00017a88    00000006     sysctl.obj (.text:SysCtlDelay)
                  00017a8e    00000006     demo_sysctl.obj (.text:SysDelay)
                  00017a94    00000004     rtsv7M4_T_le_v4SPD16_eabi.lib : pre_init.c.obj (.text:_system_pre_init)
                  00017a98    00000004                                   : exit.c.obj (.text:abort:abort)

.const     0    00017aa0    00000d3b     
                  00017aa0    000005f0     AsciiLib.obj (.const:AsciiLib)
                  00018090    000001b0     sysctl.obj (.const:g_pppui32XTALtoVCO)
                  00018240    000000d8     gpio.obj (.const:g_ppui32GPIOIntMapSnowflake)
                  00018318    000000c0     gpio.obj (.const:g_ppui32GPIOIntMapBlizzard)
                  000183d8    0000009c     interrupt.obj (.const:g_pui32Regs)
                  00018474    00000090     gpio.obj (.const:g_pui32GPIOBaseAddrs)
                  00018504    0000006c     sysctl.obj (.const:g_pui32Xtals)
                  00018570    00000050     i2c.obj (.const:g_ppui32I2CIntMapSnowflake)
                  000185c0    00000040     uart.obj (.const:g_ppui32UARTIntMap)
                  00018600    00000040     uart.obj (.const:g_ppui32UARTIntMapSnowflake)
                  00018640    00000030     rtsv7M4_T_le_v4SPD16_eabi.lib : e_pow.c.obj (.const:$O1$$)
                  00018670    00000030     i2c.obj (.const:g_ppui32I2CIntMap)
                  000186a0    00000030     sysctl.obj (.const:g_sXTALtoMEMTIM)
                  000186d0    00000020     ssi.obj (.const:g_ppui32SSIIntMap)
                  000186f0    00000020     ssi.obj (.const:g_ppui32SSIIntMapSnowflake)
                  00018710    00000020     interrupt.obj (.const:g_pui32Priority)
                  00018730    00000014     interrupt.obj (.const:g_pui32Dii16Regs)
                  00018744    00000014     interrupt.obj (.const:g_pui32EnRegs)
                  00018758    00000014     interrupt.obj (.const:g_pui32PendRegs)
                  0001876c    00000014     interrupt.obj (.const:g_pui32UnpendRegs)
                  00018780    00000012     uartstdio.obj (.const:.string)
                  00018792    00000002     --HOLE-- [fill = 0]
                  00018794    0000000c     uartstdio.obj (.const:g_ui32UARTBase)
                  000187a0    0000000c     uartstdio.obj (.const:g_ui32UARTPeriph)
                  000187ac    0000000c     bmi160.obj (.const:yas532_version_ac_coef)
                  000187b8    00000008     sysctl.obj (.const:g_pui32VCOFrequencies)
                  000187c0    00000008     bmi160.obj (.const:v_calib_data$2)
                  000187c8    00000005     bme280_support.obj (.const:.string:$P$T0$1)
                  000187cd    00000005     bmi160.obj (.const:.string:v_correct_u8$1)
                  000187d2    00000002     --HOLE-- [fill = 0]
                  000187d4    00000004     uartstdio.obj (.const)
                  000187d8    00000003     bmi160.obj (.const:.string:INVALID_OFFSET)

.cinit     0    000187e0    00000058     
                  000187e0    00000024     (.cinit..data.load) [load image, compression = lzss]
                  00018804    0000000c     (__TI_handler_table)
                  00018810    00000008     (.cinit..bss.load) [load image, compression = zero_init]
                  00018818    00000008     (.cinit..vtable.load) [load image, compression = zero_init]
                  00018820    00000018     (__TI_cinit_table)

.init_array 
*          0    00000000    00000000     UNINITIALIZED

.vtable    0    20000000    0000026c     UNINITIALIZED
                  20000000    0000026c     interrupt.obj (.vtable)

.bss       0    2000026c    000060a2     UNINITIALIZED
                  2000026c    00005000     G8RTOS_Scheduler.obj (.bss:threadStacks)
                  2000526c    00000370     G8RTOS_Scheduler.obj (.bss:threadControlBlocks)
                  200055dc    0000036c     (.common:accel_fifo)
                  20005948    0000036c     (.common:gyro_fifo)
                  20005cb4    0000036c     (.common:mag_fifo)
                  20006020    00000150     G8RTOS_IPC.obj (.bss:FIFOs)
                  20006170    00000090     G8RTOS_Scheduler.obj (.bss:Pthread)
                  20006200    00000070     bmi160.obj (.bss:yas532_data)
                  20006270    0000003c     (.common:bme280)
                  200062ac    00000014     (.common:s_bmi160)
                  200062c0    00000010     bmi160.obj (.bss:mag_trim)
                  200062d0    00000008     G8RTOS_Scheduler.obj (.bss)
                  200062d8    00000008     adc.obj (.bss:g_pui8OversampleFactor)
                  200062e0    00000006     (.common:accelxyz)
                  200062e6    00000006     (.common:gyroxyz)
                  200062ec    00000004     bme280.obj (.bss)
                  200062f0    00000004     bmi160.obj (.bss)
                  200062f4    00000004     (.common:CurrentlyRunningThread)
                  200062f8    00000004     (.common:IBit_State)
                  200062fc    00000004     (.common:LCDMutex)
                  20006300    00000004     (.common:SystemTime)
                  20006304    00000004     (.common:sensorMutex)
                  20006308    00000003     bmi160.obj (.bss:akm_asa_data)
                  2000630b    00000001     I2CDriver.obj (.bss)
                  2000630c    00000002     tmp007.obj (.bss)

.data      0    20006310    00000554     UNINITIALIZED
                  20006310    00000400     bmi160.obj (.data:v_fifo_data_u8)
                  20006710    0000012c     threads.obj (.data:ballThreads)
                  2000683c    00000008     rtsv7M4_T_le_v4SPD16_eabi.lib : _lock.c.obj (.data:$O1$$)
                  20006844    00000008     bmi160.obj (.data)
                  2000684c    00000008     threads.obj (.data)
                  20006854    00000005     uartstdio.obj (.data)
                  20006859    00000003     --HOLE--
                  2000685c    00000004     rtsv7M4_T_le_v4SPD16_eabi.lib : errno.c.obj (.data)
                  20006860    00000004                                   : rand.c.obj (.data)

.stack     0    20006868    00000200     UNINITIALIZED
                  20006868    00000004     rtsv7M4_T_le_v4SPD16_eabi.lib : boot_cortex_m.c.obj (.stack)
                  2000686c    000001fc     --HOLE--

__llvm_prf_cnts 
*          0    20000000    00000000     UNINITIALIZED

MODULE SUMMARY

       Module                         code    ro data   rw data
       ------                         ----    -------   -------
    .\
       threads.obj                    1496    0         308    
       tm4c123gh6pm_startup_ccs.obj   12      620       0      
       main.obj                       544     0         16     
    +--+------------------------------+-------+---------+---------+
       Total:                         2052    620       324    
                                                               
    .\BoardSupport\driverlib\
       sysctl.obj                     3974    596       0      
       gpio.obj                       3092    552       0      
       adc.obj                        2112    0         8      
       i2c.obj                        1784    128       0      
       interrupt.obj                  960     268       620    
       uart.obj                       1582    128       0      
       uartstdio.obj                  1192    46        5      
       ssi.obj                        866     64        0      
       systick.obj                    136     0         0      
       cpu.obj                        62      0         0      
    +--+------------------------------+-------+---------+---------+
       Total:                         15760   1782      633    
                                                               
    .\BoardSupport\src\
       bmi160.obj                     54752   28        3795   
       bme280.obj                     6160    0         4      
       bmi160_support.obj             3296    0         32     
       ILI9341_Lib.obj                2320    0         0      
       AsciiLib.obj                   64      1520      0      
       bme280_support.obj             1032    5         60     
       tmp007.obj                     708     0         2      
       I2CDriver.obj                  444     0         1      
       opt3001.obj                    308     0         0      
       Joystick.obj                   240     0         0      
       BoardInitialization.obj        160     0         0      
       demo_sysctl.obj                44      0         0      
    +--+------------------------------+-------+---------+---------+
       Total:                         69528   1553      3894   
                                                               
    .\G8RTOS_Lab4\
       G8RTOS_Scheduler.obj           1604    0         21516  
       G8RTOS_IPC.obj                 368     0         336    
       G8RTOS_Semaphores.obj          168     0         0      
       G8RTOS_SchedulerASM.obj        64      0         0      
       G8RTOS_CriticalSection.obj     14      0         0      
    +--+------------------------------+-------+---------+---------+
       Total:                         2218    0         21852  
                                                               
    C:\ti\ti-cgt-arm_20.2.4.LTS\lib\rtsv7M4_T_le_v4SPD16_eabi.lib
       e_pow.c.obj                    2496    48        0      
       e_log.c.obj                    964     0         0      
       fd_add_t2.asm.obj              438     0         0      
       e_sqrt.c.obj                   344     0         0      
       fd_div_t2.asm.obj              310     0         0      
       s_scalbn.c.obj                 272     0         0      
       fd_cmp_t2.asm.obj              268     0         0      
       fd_mul_t2.asm.obj              252     0         0      
       s_floor.c.obj                  248     0         0      
       memcpy_t2.asm.obj              156     0         0      
       ull_div_t2.asm.obj             150     0         0      
       memset_t2.asm.obj              122     0         0      
       ll_div_t2.asm.obj              110     0         0      
       copy_decompress_lzss.c.obj     104     0         0      
       fd_toi_t2.asm.obj              72      0         0      
       autoinit.c.obj                 68      0         0      
       u_divt2.asm.obj                64      0         0      
       rand.c.obj                     52      0         4      
       boot_cortex_m.c.obj            52      0         0      
       i_tofd_t2.asm.obj              46      0         0      
       u_tofd_t2.asm.obj              32      0         0      
       s_copysign.c.obj               26      0         0      
       ll_mul_t2.asm.obj              24      0         0      
       strcpy.c.obj                   20      0         0      
       copy_decompress_none.c.obj     14      0         0      
       copy_zero_init.c.obj           12      0         0      
       errno.c.obj                    8       0         4      
       _lock.c.obj                    2       0         8      
       exit.c.obj                     4       0         0      
       pre_init.c.obj                 4       0         0      
       div0.asm.obj                   2       0         0      
    +--+------------------------------+-------+---------+---------+
       Total:                         6736    48        16     
                                                               
       Stack:                         0       0         512    
       Linker Generated:              0       88        0      
    +--+------------------------------+-------+---------+---------+
       Grand Total:                   96294   4091      27231  


LINKER GENERATED COPY TABLES

__TI_cinit_table @ 00018820 records: 3, size/record: 8, table size: 24
	.data: load addr=000187e0, load size=00000024 bytes, run addr=20006310, run size=00000554 bytes, compression=lzss
	.bss: load addr=00018810, load size=00000008 bytes, run addr=2000026c, run size=000060a2 bytes, compression=zero_init
	.vtable: load addr=00018818, load size=00000008 bytes, run addr=20000000, run size=0000026c bytes, compression=zero_init


LINKER GENERATED HANDLER TABLE

__TI_handler_table @ 00018804 records: 3, size/record: 4, table size: 12
	index: 0, handler: __TI_zero_init
	index: 1, handler: __TI_decompress_lzss
	index: 2, handler: __TI_decompress_none


GLOBAL SYMBOLS: SORTED ALPHABETICALLY BY Name 

address   name                                                  
-------   ----                                                  
00012a41  ADCBusy                                               
00012a89  ADCClockConfigGet                                     
00012a5f  ADCClockConfigSet                                     
0001285b  ADCComparatorConfigure                                
00012935  ADCComparatorIntClear                                 
000128e1  ADCComparatorIntDisable                               
000128ff  ADCComparatorIntEnable                                
00012921  ADCComparatorIntStatus                                
00012877  ADCComparatorRegionSet                                
0001289b  ADCComparatorReset                                    
00012829  ADCHardwareOversampleConfigure                        
000123cb  ADCIntClear                                           
000129a9  ADCIntClearEx                                         
00012331  ADCIntDisable                                         
00012947  ADCIntDisableEx                                       
0001234d  ADCIntEnable                                          
0001295f  ADCIntEnableEx                                        
000122eb  ADCIntRegister                                        
00012373  ADCIntStatus                                          
00012977  ADCIntStatusEx                                        
00012313  ADCIntUnregister                                      
000129fb  ADCPhaseDelayGet                                      
000129e9  ADCPhaseDelaySet                                      
0001263d  ADCProcessorTrigger                                   
000129d7  ADCReferenceGet                                       
000129bb  ADCReferenceSet                                       
00012415  ADCSequenceConfigure                                  
00012a25  ADCSequenceDMADisable                                 
00012a09  ADCSequenceDMAEnable                                  
000125fb  ADCSequenceDataGet                                    
000123fb  ADCSequenceDisable                                    
000123e1  ADCSequenceEnable                                     
0001259f  ADCSequenceOverflow                                   
000125b7  ADCSequenceOverflowClear                              
000124b1  ADCSequenceStepConfigure                              
000125cd  ADCSequenceUnderflow                                  
000125e5  ADCSequenceUnderflowClear                             
00012661  ADCSoftwareOversampleConfigure                        
00012795  ADCSoftwareOversampleDataGet                          
000126b3  ADCSoftwareOversampleStepConfigure                    
00015203  BME280_I2C_bus_read                                   
000151c5  BME280_I2C_bus_write                                  
00015345  BME280_SPI_bus_read                                   
000153ab  BME280_SPI_bus_write                                  
0001541b  BME280_delay_msek                                     
000146cd  BallThread                                            
00017a99  C$$EXIT                                               
000178cd  CPUbasepriGet                                         
000178bf  CPUbasepriSet                                         
00017899  CPUcpsid                                              
000178af  CPUcpsie                                              
000178a5  CPUprimask                                            
000178bb  CPUwfi                                                
000164ef  ContinueTransmission                                  
200062f4  CurrentlyRunningThread                                
000179c1  DelayMs                                               
00017053  Disable_Joystick_Interrupt                            
00017a55  EndCriticalSection                                    
0001658f  EndReceive                                            
00016515  EndTransmission                                       
00013d85  G8RTOS_AddAPeriodicEvent                              
00013ca9  G8RTOS_AddPeriodicEvent                               
00013b69  G8RTOS_AddThread                                      
00013e09  G8RTOS_GetThreadId                                    
00013a85  G8RTOS_Init                                           
00016799  G8RTOS_InitFIFO                                       
000170c1  G8RTOS_InitSemaphore                                  
00013f2d  G8RTOS_KillAllThreads                                 
00013efd  G8RTOS_KillSelf                                       
00013e21  G8RTOS_KillThread                                     
00013adf  G8RTOS_Launch                                         
0001396d  G8RTOS_Scheduler                                      
00017117  G8RTOS_SignalSemaphore                                
000177dd  G8RTOS_Start                                          
000170df  G8RTOS_WaitSemaphore                                  
00011881  GPIOADCTriggerDisable                                 
00011863  GPIOADCTriggerEnable                                  
00011845  GPIODMATriggerDisable                                 
00011827  GPIODMATriggerEnable                                  
00010d77  GPIODirModeGet                                        
00010d1b  GPIODirModeSet                                        
00011331  GPIOIntClear                                          
000112f5  GPIOIntDisable                                        
000112d1  GPIOIntEnable                                         
00011345  GPIOIntRegister                                       
0001137d  GPIOIntRegisterPin                                    
0001130f  GPIOIntStatus                                         
00010e67  GPIOIntTypeGet                                        
00010dc3  GPIOIntTypeSet                                        
00011363  GPIOIntUnregister                                     
000113ab  GPIOIntUnregisterPin                                  
0001115f  GPIOPadConfigGet                                      
00010ef1  GPIOPadConfigSet                                      
000117c9  GPIOPinConfigure                                      
000113cf  GPIOPinRead                                           
00011407  GPIOPinTypeADC                                        
0001142b  GPIOPinTypeCAN                                        
0001144f  GPIOPinTypeComparator                                 
00011473  GPIOPinTypeComparatorOutput                           
00011497  GPIOPinTypeDIVSCLK                                    
000114bb  GPIOPinTypeEPI                                        
000114df  GPIOPinTypeEthernetLED                                
00011503  GPIOPinTypeEthernetMII                                
00011527  GPIOPinTypeGPIOInput                                  
0001154b  GPIOPinTypeGPIOOutput                                 
00011575  GPIOPinTypeGPIOOutputOD                               
00011599  GPIOPinTypeHibernateRTCCLK                            
000115bd  GPIOPinTypeI2C                                        
000115e1  GPIOPinTypeI2CSCL                                     
00011605  GPIOPinTypeLCD                                        
00011629  GPIOPinTypeOneWire                                    
0001164d  GPIOPinTypePWM                                        
00011671  GPIOPinTypeQEI                                        
00011695  GPIOPinTypeSSI                                        
000116b9  GPIOPinTypeTimer                                      
000116dd  GPIOPinTypeTrace                                      
00011701  GPIOPinTypeUART                                       
00011725  GPIOPinTypeUSBAnalog                                  
00011749  GPIOPinTypeUSBDigital                                 
0001176d  GPIOPinTypeWakeHigh                                   
00011793  GPIOPinTypeWakeLow                                    
000117b9  GPIOPinWakeStatus                                     
000113e7  GPIOPinWrite                                          
0001189f  GPIOUnlockPin                                         
00017799  GetASCIICode                                          
00017067  GetJoystickCoordinates                                
00013f11  GetNumberOfThreads                                    
0001385b  I2CFIFODataGet                                        
00013875  I2CFIFODataGetNonBlocking                             
00013811  I2CFIFODataPut                                        
00013833  I2CFIFODataPutNonBlocking                             
00013801  I2CFIFOStatus                                         
000133f5  I2CIntRegister                                        
00013413  I2CIntUnregister                                      
00013937  I2CLoopbackEnable                                     
000138b1  I2CMasterBurstCountGet                                
0001389b  I2CMasterBurstLengthSet                               
00013659  I2CMasterBusBusy                                      
00013641  I2CMasterBusy                                         
00013671  I2CMasterControl                                      
000136c5  I2CMasterDataGet                                      
000136af  I2CMasterDataPut                                      
000133c1  I2CMasterDisable                                      
0001338d  I2CMasterEnable                                       
00013683  I2CMasterErr                                          
000138bf  I2CMasterGlitchFilterConfigSet                        
000132c3  I2CMasterInitExpClk                                   
000135bb  I2CMasterIntClear                                     
000135d9  I2CMasterIntClearEx                                   
00013487  I2CMasterIntDisable                                   
00013497  I2CMasterIntDisableEx                                 
0001342d  I2CMasterIntEnable                                    
0001343d  I2CMasterIntEnableEx                                  
000134e1  I2CMasterIntStatus                                    
00013525  I2CMasterIntStatusEx                                  
00013633  I2CMasterLineStateGet                                 
00013611  I2CMasterSlaveAddrSet                                 
000136d3  I2CMasterTimeoutSet                                   
000137c1  I2CRxFIFOConfigSet                                    
000137e9  I2CRxFIFOFlush                                        
000136e5  I2CSlaveACKOverride                                   
00013717  I2CSlaveACKValueSet                                   
0001334f  I2CSlaveAddressSet                                    
00013771  I2CSlaveDataGet                                       
00013759  I2CSlaveDataPut                                       
000133d7  I2CSlaveDisable                                       
000133a3  I2CSlaveEnable                                        
00013925  I2CSlaveFIFODisable                                   
0001390d  I2CSlaveFIFOEnable                                    
00013335  I2CSlaveInit                                          
000135eb  I2CSlaveIntClear                                      
000135fd  I2CSlaveIntClearEx                                    
000134af  I2CSlaveIntDisable                                    
000134c7  I2CSlaveIntDisableEx                                  
00013455  I2CSlaveIntEnable                                     
0001346d  I2CSlaveIntEnableEx                                   
00013551  I2CSlaveIntStatus                                     
00013599  I2CSlaveIntStatusEx                                   
00013749  I2CSlaveStatus                                        
00013781  I2CTxFIFOConfigSet                                    
000137a9  I2CTxFIFOFlush                                        
00015193  I2C_routine                                           
200062f8  IBit_State                                            
000145d1  IdleThread                                            
0001724d  InitializeBoard                                       
00016425  InitializeLEDI2C                                      
00016471  InitializeSensorI2C                                   
000159dd  IntDisable                                            
0001596b  IntEnable                                             
00015a4f  IntIsEnabled                                          
0001582f  IntMasterDisable                                      
0001581f  IntMasterEnable                                       
00015b45  IntPendClear                                          
00015ad5  IntPendSet                                            
00015947  IntPriorityGet                                        
000158bf  IntPriorityGroupingGet                                
000158a5  IntPriorityGroupingSet                                
00015b9f  IntPriorityMaskGet                                    
00015b93  IntPriorityMaskSet                                    
000158f7  IntPrioritySet                                        
0001583f  IntRegister                                           
00015ba7  IntTrigger                                            
00015891  IntUnregister                                         
00016fd1  Joystick_Init_Without_Interrupt                       
0001701d  Joystick_Push_Button_Init_With_Interrupt              
200062fc  LCDMutex                                              
00013003  LCD_Clear                                             
0001306d  LCD_DrawRectangle                                     
00012cd9  LCD_Init                                              
00012fcf  LCD_PushColor                                         
00012f59  LCD_SetAddress                                        
0001796f  LCD_SetCursor                                         
00012c97  LCD_SetPoint                                          
00012be7  LCD_Text                                              
00017711  LCD_WriteData                                         
00017819  LCD_WriteIndex                                        
00017999  LCD_Write_Data_Only                                   
000145d3  LCD_tap                                               
000177eb  PendSV_Handler                                        
00017095  PortEIntHandler                                       
00017169  PutChar                                               
00014691  ReadAccel                                             
00017a75  ResetISR                                              
000151af  SPI_routine                                           
00015e95  SSIAdvDataPutFrameEnd                                 
00015ebb  SSIAdvDataPutFrameEndNonBlocking                      
00015efd  SSIAdvFrameHoldDisable                                
00015ee7  SSIAdvFrameHoldEnable                                 
00015e63  SSIAdvModeSet                                         
00015e21  SSIBusy                                               
00015e53  SSIClockSourceGet                                     
00015e3f  SSIClockSourceSet                                     
00015c3b  SSIConfigSetExpClk                                    
00015e09  SSIDMADisable                                         
00015df1  SSIDMAEnable                                          
00015db3  SSIDataGet                                            
00015dcf  SSIDataGetNonBlocking                                 
00015d79  SSIDataPut                                            
00015d93  SSIDataPutNonBlocking                                 
00015ccb  SSIDisable                                            
00015cb5  SSIEnable                                             
00015d67  SSIIntClear                                           
00015d31  SSIIntDisable                                         
00015d19  SSIIntEnable                                          
00015ce1  SSIIntRegister                                        
00015d49  SSIIntStatus                                          
00015cff  SSIIntUnregister                                      
00015f29  SSILoopbackDisable                                    
00015f13  SSILoopbackEnable                                     
000164b3  SetSlaveAddress                                       
00016523  SignalMasterReceive                                   
00017a4d  StartCriticalSection                                  
0001655f  StartReceive                                          
000164c9  StartTransmission                                     
0000ff99  SysCtlAltClkConfig                                    
0000f6c1  SysCtlClockFreqSet                                    
0000fb89  SysCtlClockGet                                        
0000ff7d  SysCtlClockOutConfig                                  
0000f9b9  SysCtlClockSet                                        
0000f5c5  SysCtlDeepSleep                                       
0000fd4d  SysCtlDeepSleepClockConfigSet                         
0000fd2f  SysCtlDeepSleepClockSet                               
0000f5a5  SysCtlDeepSleepPowerSet                               
00017a89  SysCtlDelay                                           
0000f153  SysCtlFlashSectorSizeGet                              
0000f127  SysCtlFlashSizeGet                                    
0000fe23  SysCtlGPIOAHBDisable                                  
0000fe07  SysCtlGPIOAHBEnable                                   
0000f539  SysCtlIntClear                                        
0000f521  SysCtlIntDisable                                      
0000f50d  SysCtlIntEnable                                       
0000f4e5  SysCtlIntRegister                                     
0000f549  SysCtlIntStatus                                       
0000f4fd  SysCtlIntUnregister                                   
0000f58b  SysCtlLDODeepSleepGet                                 
0000f57b  SysCtlLDODeepSleepSet                                 
0000f575  SysCtlLDOSleepGet                                     
0000f565  SysCtlLDOSleepSet                                     
0000f5fb  SysCtlMOSCConfigSet                                   
0000ff61  SysCtlNMIClear                                        
0000ff4d  SysCtlNMIStatus                                       
0000f611  SysCtlPIOSCCalibrate                                  
0000fdf1  SysCtlPWMClockGet                                     
0000fdd7  SysCtlPWMClockSet                                     
0000f491  SysCtlPeripheralClockGating                           
0000f449  SysCtlPeripheralDeepSleepDisable                      
0000f3f9  SysCtlPeripheralDeepSleepEnable                       
0000f335  SysCtlPeripheralDisable                               
0000f2f9  SysCtlPeripheralEnable                                
0000f235  SysCtlPeripheralPowerOff                              
0000f1f9  SysCtlPeripheralPowerOn                               
0000f179  SysCtlPeripheralPresent                               
0000f1b9  SysCtlPeripheralReady                                 
0000f271  SysCtlPeripheralReset                                 
0000f3bd  SysCtlPeripheralSleepDisable                          
0000f379  SysCtlPeripheralSleepEnable                           
0000f5b5  SysCtlReset                                           
0000f671  SysCtlResetBehaviorGet                                
0000f661  SysCtlResetBehaviorSet                                
0000f5e7  SysCtlResetCauseClear                                 
0000f5e1  SysCtlResetCauseGet                                   
0000f11d  SysCtlSRAMSizeGet                                     
0000f5bd  SysCtlSleep                                           
0000f591  SysCtlSleepPowerSet                                   
0000fe4b  SysCtlUSBPLLDisable                                   
0000fe3f  SysCtlUSBPLLEnable                                    
0000fe91  SysCtlVCOGet                                          
0000fe79  SysCtlVoltageEventClear                               
0000fe5d  SysCtlVoltageEventConfig                              
0000fe6d  SysCtlVoltageEventStatus                              
00017a8f  SysDelay                                              
000173f1  SysTickDisable                                        
000173e5  SysTickEnable                                         
00017435  SysTickIntDisable                                     
00017429  SysTickIntEnable                                      
000173fd  SysTickIntRegister                                    
00017415  SysTickIntUnregister                                  
00017453  SysTickPeriodGet                                      
00017441  SysTickPeriodSet                                      
0001745b  SysTickValueGet                                       
000139c9  SysTick_Handler                                       
20006300  SystemTime                                            
0001314b  TP_ReadXY                                             
00014571  UART9BitAddrSend                                      
0001454b  UART9BitAddrSet                                       
00014535  UART9BitDisable                                       
0001451f  UART9BitEnable                                        
000143c3  UARTBreakCtl                                          
000143ed  UARTBusy                                              
0001436b  UARTCharGet                                           
0001434f  UARTCharGetNonBlocking                                
000143a5  UARTCharPut                                           
00014381  UARTCharPutNonBlocking                                
00014313  UARTCharsAvail                                        
0001450f  UARTClockSourceGet                                    
000144fb  UARTClockSourceSet                                    
000140e3  UARTConfigGetExpClk                                   
0001406d  UARTConfigSetExpClk                                   
000144c1  UARTDMADisable                                        
000144a9  UARTDMAEnable                                         
00014153  UARTDisable                                           
000141d7  UARTDisableSIR                                        
0001412f  UARTEnable                                            
000141a9  UARTEnableSIR                                         
00014193  UARTFIFODisable                                       
0001417d  UARTFIFOEnable                                        
00014045  UARTFIFOLevelGet                                      
0001402d  UARTFIFOLevelSet                                      
000142d3  UARTFlowControlGet                                    
000142b7  UARTFlowControlSet                                    
00014497  UARTIntClear                                          
00014461  UARTIntDisable                                        
00014449  UARTIntEnable                                         
0001440b  UARTIntRegister                                       
00014479  UARTIntStatus                                         
00014429  UARTIntUnregister                                     
000145b9  UARTLoopbackEnable                                    
0001426d  UARTModemControlClear                                 
00014291  UARTModemControlGet                                   
00014235  UARTModemControlSet                                   
000142a3  UARTModemStatusGet                                    
0001401b  UARTParityModeGet                                     
00013fff  UARTParityModeSet                                     
000144eb  UARTRxErrorClear                                      
000144d9  UARTRxErrorGet                                        
0001421f  UARTSmartCardDisable                                  
000141ed  UARTSmartCardEnable                                   
00014331  UARTSpaceAvail                                        
00014ba9  UARTStdioConfig                                       
00014301  UARTTxIntModeGet                                      
000142e5  UARTTxIntModeSet                                      
00014cf9  UARTgetc                                              
00014c3f  UARTgets                                              
0001501b  UARTprintf                                            
00014d21  UARTvprintf                                           
00014bef  UARTwrite                                             
20006844  V_bmm150_maual_auto_condition_u8                      
20006848  V_fifo_time_U32                                       
000145ed  WaitForTap                                            
20006a68  __STACK_END                                           
00000200  __STACK_SIZE                                          
20006a68  __STACK_TOP                                           
00018820  __TI_CINIT_Base                                       
00018838  __TI_CINIT_Limit                                      
00018804  __TI_Handler_Table_Base                               
00018810  __TI_Handler_Table_Limit                              
00017755  __TI_auto_init_nobinit_nopinit                        
00017661  __TI_decompress_lzss                                  
00017a5b  __TI_decompress_none                                  
ffffffff  __TI_pprof_out_hndl                                   
ffffffff  __TI_prof_data_size                                   
ffffffff  __TI_prof_data_start                                  
00000000  __TI_static_base__                                    
00017a69  __TI_zero_init                                        
0001746d  __aeabi_cdcmpeq                                       
0001746d  __aeabi_cdcmple                                       
000174f3  __aeabi_cdrcmple                                      
000176c9  __aeabi_d2iz                                          
000165eb  __aeabi_dadd                                          
00016a61  __aeabi_ddiv                                          
00016ddd  __aeabi_dmul                                          
000165e1  __aeabi_dsub                                          
00017a81  __aeabi_errno_addr                                    
00017941  __aeabi_i2d                                           
00015f3f  __aeabi_idiv0                                         
00015f3f  __aeabi_ldiv0                                         
000175f3  __aeabi_ldivmod                                       
00017a21  __aeabi_lmul                                          
00017579  __aeabi_memclr                                        
00017579  __aeabi_memclr4                                       
00017579  __aeabi_memclr8                                       
000172b1  __aeabi_memcpy                                        
000172b1  __aeabi_memcpy4                                       
000172b1  __aeabi_memcpy8                                       
0001757b  __aeabi_memset                                        
0001757b  __aeabi_memset4                                       
0001757b  __aeabi_memset8                                       
000179e7  __aeabi_ui2d                                          
00017859  __aeabi_uidiv                                         
00017859  __aeabi_uidivmod                                      
0001734d  __aeabi_uldivmod                                      
ffffffff  __binit__                                             
ffffffff  __c_args__                                            
UNDEFED   __mpu_init                                            
20006868  __stack                                               
20000000  __start___llvm_prf_cnts                               
20000000  __stop___llvm_prf_cnts                                
000178d9  _c_int00_noargs                                       
2000683c  _lock                                                 
000145cf  _nop                                                  
UNDEFED   _system_post_cinit                                    
00017a95  _system_pre_init                                      
20006840  _unlock                                               
00017a99  abort                                                 
200055dc  accel_fifo                                            
200062e0  accelxyz                                              
20006710  ballThreads                                           
ffffffff  binit                                                 
20006270  bme280                                                
0000db8b  bme280_compensate_humidity_int32                      
0000dc41  bme280_compensate_humidity_int32_sixteen_bit_output   
0000da05  bme280_compensate_pressure_int32                      
0000edc9  bme280_compensate_pressure_int64                      
0000efcb  bme280_compensate_pressure_int64_twentyfour_bit_output
0000d903  bme280_compensate_temperature_int32                   
0000d97b  bme280_compensate_temperature_int32_sixteen_bit_output
0000efe5  bme280_compute_wait_time                              
00015051  bme280_data_readout_template                          
0000dd5b  bme280_get_calib_param                                
0000e81b  bme280_get_filter                                     
0000eb7f  bme280_get_forced_uncomp_pressure_temperature_humidity
0000e277  bme280_get_oversamp_humidity                          
0000e0bf  bme280_get_oversamp_pressure                          
0000defd  bme280_get_oversamp_temperature                       
0000e465  bme280_get_power_mode                                 
0000e66d  bme280_get_spi3                                       
0000e9cf  bme280_get_standby_durn                               
0000d84d  bme280_init                                           
0001513d  bme280_initialize_sensor                              
0000dcfb  bme280_read_pressure_temperature_humidity             
0000ed83  bme280_read_register                                  
0000db35  bme280_read_uncomp_humidity                           
0000d9a5  bme280_read_uncomp_pressure                           
0000dc69  bme280_read_uncomp_pressure_temperature_humidity      
0000d8a3  bme280_read_uncomp_temperature                        
0000e86b  bme280_set_filter                                     
0000e2d1  bme280_set_oversamp_humidity                          
0000e11b  bme280_set_oversamp_pressure                          
0000df59  bme280_set_oversamp_temperature                       
0000e4b3  bme280_set_power_mode                                 
0000e62d  bme280_set_soft_rst                                   
0000e6bb  bme280_set_spi3                                       
0000ea1f  bme280_set_standby_durn                               
0000ed3d  bme280_write_register                                 
00007699  bmi160_accel_foc_trigger_xyz                          
0000ad99  bmi160_bmm150_mag_compensate_X                        
0000ae43  bmi160_bmm150_mag_compensate_Y                        
0000aeed  bmi160_bmm150_mag_compensate_Z                        
0000ad3d  bmi160_bmm150_mag_compensate_xyz                      
0000af8d  bmi160_bmm150_mag_interface_init                      
0000b42f  bmi160_bmm150_mag_set_power_mode                      
0000b239  bmi160_bmm150_mag_wakeup                              
0000c195  bmi160_bst_akm_compensate_X                           
0000c1c7  bmi160_bst_akm_compensate_Y                           
0000c1f9  bmi160_bst_akm_compensate_Z                           
0000c22b  bmi160_bst_akm_compensate_xyz                         
0000bd8d  bmi160_bst_akm_mag_interface_init                     
0000c279  bmi160_bst_akm_set_powermode                          
0000cc29  bmi160_bst_yamaha_yas532_calib_values                 
0000c603  bmi160_bst_yamaha_yas532_mag_interface_init           
0000d669  bmi160_bst_yas532_acquisition_command_register        
0000ca99  bmi160_bst_yas532_magnetic_measure_set_offset         
0000d1f1  bmi160_bst_yas532_measurement_xyz_data                
0000d07d  bmi160_bst_yas532_normal_measurement_data             
0000c939  bmi160_bst_yas532_set_initial_values                  
0000d72d  bmi160_bst_yas532_set_offset                          
0000cfe1  bmi160_bst_yas532_xy1y2_to_linear                     
00009749  bmi160_clear_step_counter                             
00010019  bmi160_config_running_mode                            
00010c85  bmi160_delay_ms                                       
0000198d  bmi160_fifo_data                                      
0000192d  bmi160_fifo_length                                    
00001aa5  bmi160_get_accel_bw                                   
00000fa9  bmi160_get_accel_data_rdy                             
0000237f  bmi160_get_accel_fifo_filter_data                     
00008833  bmi160_get_accel_offset_compensation_xaxis            
00008919  bmi160_get_accel_offset_compensation_yaxis            
00008a03  bmi160_get_accel_offset_compensation_zaxis            
00009063  bmi160_get_accel_offset_enable                        
000019c7  bmi160_get_accel_output_data_rate                     
00000609  bmi160_get_accel_power_mode_stat                      
00001c61  bmi160_get_accel_range                                
00008425  bmi160_get_accel_selftest_amp                         
0000826f  bmi160_get_accel_selftest_axis                        
00008347  bmi160_get_accel_selftest_sign                        
00001b87  bmi160_get_accel_under_sampling_parameter             
00000f0d  bmi160_get_data_rdy_mag                               
0000043d  bmi160_get_drop_cmd_err                               
000003a1  bmi160_get_err_code                                   
000004d9  bmi160_get_error_status                               
00000355  bmi160_get_fatal_err                                  
00002a2d  bmi160_get_fifo_accel_enable                          
000022b7  bmi160_get_fifo_down_accel                            
0000210f  bmi160_get_fifo_down_gyro                             
00002b0d  bmi160_get_fifo_gyro_enable                           
00002879  bmi160_get_fifo_header_enable                         
00002953  bmi160_get_fifo_mag_enable                            
000024e7  bmi160_get_fifo_stop_on_full                          
00002787  bmi160_get_fifo_tag_intr1_enable                      
00002699  bmi160_get_fifo_tag_intr2_enable                      
000025bf  bmi160_get_fifo_time_enable                           
00002459  bmi160_get_fifo_wm                                    
00007263  bmi160_get_foc_accel_x                                
00007189  bmi160_get_foc_accel_y                                
000070c3  bmi160_get_foc_accel_z                                
000078e3  bmi160_get_foc_gyro_enable                            
00000e6d  bmi160_get_foc_rdy                                    
00001e6d  bmi160_get_gyro_bw                                    
00000f5b  bmi160_get_gyro_data_rdy                              
000021dd  bmi160_get_gyro_fifo_filter_data                      
00008ae9  bmi160_get_gyro_offset_compensation_xaxis             
00008cb9  bmi160_get_gyro_offset_compensation_yaxis             
00008e91  bmi160_get_gyro_offset_compensation_zaxis             
00009133  bmi160_get_gyro_offset_enable                         
00001d51  bmi160_get_gyro_output_data_rate                      
000005bb  bmi160_get_gyro_power_mode_stat                       
00001f47  bmi160_get_gyro_range                                 
00000dd1  bmi160_get_gyro_selftest                              
000084ff  bmi160_get_gyro_selftest_start                        
000080bb  bmi160_get_gyro_sleep_state                           
00007f03  bmi160_get_gyro_sleep_trigger                         
00008195  bmi160_get_gyro_wakeup_intr                           
00007fdb  bmi160_get_gyro_wakeup_trigger                        
00002be7  bmi160_get_i2c_device_addr                            
000003ef  bmi160_get_i2c_fail_err                               
00007d4f  bmi160_get_i2c_wdt_enable                             
00007c6f  bmi160_get_i2c_wdt_select                             
00007e29  bmi160_get_if_mode                                    
0000437b  bmi160_get_input_enable                               
00004875  bmi160_get_intr_any_motion                            
00005f47  bmi160_get_intr_any_motion_durn                       
000060db  bmi160_get_intr_any_motion_thres                      
000056a1  bmi160_get_intr_data_rdy                              
00004bb9  bmi160_get_intr_double_tap                            
00003c6d  bmi160_get_intr_edge_ctrl                             
000030ab  bmi160_get_intr_enable_0                              
0000351b  bmi160_get_intr_enable_1                              
00003983  bmi160_get_intr_enable_2                              
00005385  bmi160_get_intr_fifo_full                             
00005511  bmi160_get_intr_fifo_wm                               
00005069  bmi160_get_intr_flat                                  
00006f0b  bmi160_get_intr_flat_hold                             
00006feb  bmi160_get_intr_flat_hyst                             
00006e33  bmi160_get_intr_flat_theta                            
000046e9  bmi160_get_intr_high_g                                
00005e3b  bmi160_get_intr_high_g_durn                           
00005d73  bmi160_get_intr_high_g_hyst                           
00005ec1  bmi160_get_intr_high_g_thres                          
00003df5  bmi160_get_intr_level                                 
00004507  bmi160_get_intr_low_g                                 
00005abf  bmi160_get_intr_low_g_durn                            
00005bcb  bmi160_get_intr_low_g_hyst                            
00005c99  bmi160_get_intr_low_g_mode                            
00005b45  bmi160_get_intr_low_g_thres                           
00005907  bmi160_get_intr_low_high_source                       
000059e5  bmi160_get_intr_motion_source                         
00004a2d  bmi160_get_intr_nomotion                              
00004ed7  bmi160_get_intr_orient                                
00006d59  bmi160_get_intr_orient_axes_enable                    
00006a01  bmi160_get_intr_orient_blocking                       
00006adb  bmi160_get_intr_orient_hyst                           
00006923  bmi160_get_intr_orient_mode                           
00006ba3  bmi160_get_intr_orient_theta                          
00006c7b  bmi160_get_intr_orient_ud_enable                      
00003f87  bmi160_get_intr_output_type                           
000051f5  bmi160_get_intr_pmu_trig                              
00006479  bmi160_get_intr_significant_motion_proof              
000062c5  bmi160_get_intr_significant_motion_select             
0000639f  bmi160_get_intr_significant_motion_skip               
00004d4b  bmi160_get_intr_single_tap                            
00006013  bmi160_get_intr_slow_no_motion_durn                   
000061e7  bmi160_get_intr_slow_no_motion_select                 
00006161  bmi160_get_intr_slow_no_motion_thres                  
00006553  bmi160_get_intr_tap_durn                              
00006783  bmi160_get_intr_tap_quiet                             
000066a9  bmi160_get_intr_tap_shock                             
0000582d  bmi160_get_intr_tap_source                            
0000685d  bmi160_get_intr_tap_thres                             
000042a3  bmi160_get_latch_intr                                 
00002caf  bmi160_get_mag_burst                                  
0000048b  bmi160_get_mag_dada_rdy_err                           
00002e41  bmi160_get_mag_manual_enable                          
00000e1f  bmi160_get_mag_manual_operation_stat                  
00002d75  bmi160_get_mag_offset                                 
0000201f  bmi160_get_mag_output_data_rate                       
00000569  bmi160_get_mag_power_mode_stat                        
00002f19  bmi160_get_mag_read_addr                              
00002f9f  bmi160_get_mag_write_addr                             
00003025  bmi160_get_mag_write_data                             
0000876b  bmi160_get_nvm_counter                                
00007abd  bmi160_get_nvm_prog_enable                            
00000ebb  bmi160_get_nvm_rdy                                    
00004113  bmi160_get_output_enable                              
00009889  bmi160_get_paging_enable                              
0000d833  bmi160_get_ptr                                        
00009963  bmi160_get_pullup_configuration                       
00000d75  bmi160_get_sensor_time                                
0000869f  bmi160_get_spare0_trim                                
00007b97  bmi160_get_spi3                                       
000085d9  bmi160_get_spi_enable                                 
00001091  bmi160_get_stat0_any_motion_intr                      
0000112d  bmi160_get_stat0_double_tap_intr                      
0000121d  bmi160_get_stat0_flat_intr                            
000011c9  bmi160_get_stat0_orient_intr                          
000010df  bmi160_get_stat0_pmu_trigger_intr                     
00001043  bmi160_get_stat0_significant_intr                     
0000117b  bmi160_get_stat0_single_tap_intr                      
00000ff7  bmi160_get_stat0_step_intr                            
00001307  bmi160_get_stat1_data_rdy_intr                        
00001355  bmi160_get_stat1_fifo_full_intr                       
000013a3  bmi160_get_stat1_fifo_wm_intr                         
0000126b  bmi160_get_stat1_high_g_intr                          
000012b9  bmi160_get_stat1_low_g_intr                           
000013f1  bmi160_get_stat1_nomotion_intr                        
0000143f  bmi160_get_stat2_any_motion_first_x                   
0000148b  bmi160_get_stat2_any_motion_first_y                   
000014d9  bmi160_get_stat2_any_motion_first_z                   
0000152d  bmi160_get_stat2_any_motion_sign                      
0000157b  bmi160_get_stat2_tap_first_x                          
000015c9  bmi160_get_stat2_tap_first_y                          
00001617  bmi160_get_stat2_tap_first_z                          
00001665  bmi160_get_stat2_tap_sign                             
0000188b  bmi160_get_stat3_flat                                 
000016b3  bmi160_get_stat3_high_g_first_x                       
000016ff  bmi160_get_stat3_high_g_first_y                       
0000174d  bmi160_get_stat3_high_g_first_z                       
0000179b  bmi160_get_stat3_high_g_sign                          
000017e9  bmi160_get_stat3_orient_xy                            
0000183d  bmi160_get_stat3_orient_z                             
0000924f  bmi160_get_step_config                                
00009421  bmi160_get_step_counter_enable                        
00003b9d  bmi160_get_step_detector_enable                       
000097af  bmi160_get_target_page                                
000018d9  bmi160_get_temp                                       
00010bef  bmi160_i2c_burst_read                                 
00010ae1  bmi160_i2c_bus_read                                   
00010c0b  bmi160_i2c_bus_write                                  
0000026d  bmi160_init                                           
0000ffdd  bmi160_initialize_sensor                              
00010a21  bmi160_interrupt_configuration                        
00009579  bmi160_map_significant_motion_intr                    
00009661  bmi160_map_step_detector_intr                         
00000c05  bmi160_read_accel_x                                   
00000d01  bmi160_read_accel_xyz                                 
00000c59  bmi160_read_accel_y                                   
00000cad  bmi160_read_accel_z                                   
0000b8e9  bmi160_read_bmm150_mag_trim                           
0000c0ad  bmi160_read_bst_akm_sensitivity_data                  
00009a41  bmi160_read_fifo_header_data                          
0000a411  bmi160_read_fifo_headerless_mode                      
00000a91  bmi160_read_gyro_x                                    
00000b8d  bmi160_read_gyro_xyz                                  
00000ae5  bmi160_read_gyro_y                                    
00000b39  bmi160_read_gyro_z                                    
00000861  bmi160_read_mag_r                                     
00000657  bmi160_read_mag_x                                     
000008cb  bmi160_read_mag_xyz                                   
000009d5  bmi160_read_mag_xyzr                                  
00000705  bmi160_read_mag_y                                     
000007b3  bmi160_read_mag_z                                     
00000311  bmi160_read_reg                                       
000091fb  bmi160_read_step_count                                
00001af3  bmi160_set_accel_bw                                   
000023cd  bmi160_set_accel_fifo_filter_data                     
00007341  bmi160_set_accel_foc_trigger                          
0000887f  bmi160_set_accel_offset_compensation_xaxis            
00008965  bmi160_set_accel_offset_compensation_yaxis            
00008a4f  bmi160_set_accel_offset_compensation_zaxis            
000090b1  bmi160_set_accel_offset_enable                        
00001a13  bmi160_set_accel_output_data_rate                     
00001cad  bmi160_set_accel_range                                
00008473  bmi160_set_accel_selftest_amp                         
000082bb  bmi160_set_accel_selftest_axis                        
00008399  bmi160_set_accel_selftest_sign                        
00001bd5  bmi160_set_accel_under_sampling_parameter             
0000b309  bmi160_set_bmm150_mag_and_secondary_if_power_mode     
0000b58d  bmi160_set_bmm150_mag_presetmode                      
0000c49d  bmi160_set_bst_akm_and_secondary_if_powermode         
00009775  bmi160_set_command_register                           
00002a7b  bmi160_set_fifo_accel_enable                          
00002305  bmi160_set_fifo_down_accel                            
0000215b  bmi160_set_fifo_down_gyro                             
00002b5b  bmi160_set_fifo_gyro_enable                           
000028c7  bmi160_set_fifo_header_enable                         
000029a1  bmi160_set_fifo_mag_enable                            
00002533  bmi160_set_fifo_stop_on_full                          
000027d9  bmi160_set_fifo_tag_intr1_enable                      
000026e7  bmi160_set_fifo_tag_intr2_enable                      
0000260d  bmi160_set_fifo_time_enable                           
000024ad  bmi160_set_fifo_wm                                    
000072b1  bmi160_set_foc_accel_x                                
000071d7  bmi160_set_foc_accel_y                                
0000710f  bmi160_set_foc_accel_z                                
00007931  bmi160_set_foc_gyro_enable                            
00001ebb  bmi160_set_gyro_bw                                    
0000222b  bmi160_set_gyro_fifo_filter_data                      
00008b9d  bmi160_set_gyro_offset_compensation_xaxis             
00008d75  bmi160_set_gyro_offset_compensation_yaxis             
00008f47  bmi160_set_gyro_offset_compensation_zaxis             
00009181  bmi160_set_gyro_offset_enable                         
00001d9d  bmi160_set_gyro_output_data_rate                      
00001f93  bmi160_set_gyro_range                                 
0000854d  bmi160_set_gyro_selftest_start                        
00008109  bmi160_set_gyro_sleep_state                           
00007f4f  bmi160_set_gyro_sleep_trigger                         
000081e3  bmi160_set_gyro_wakeup_intr                           
00008029  bmi160_set_gyro_wakeup_trigger                        
00002c35  bmi160_set_i2c_device_addr                            
00007d9d  bmi160_set_i2c_wdt_enable                             
00007cbd  bmi160_set_i2c_wdt_select                             
00007e77  bmi160_set_if_mode                                    
00004415  bmi160_set_input_enable                               
0000490f  bmi160_set_intr_any_motion                            
00005f93  bmi160_set_intr_any_motion_durn                       
00006127  bmi160_set_intr_any_motion_thres                      
0000573b  bmi160_set_intr_data_rdy                              
00004c53  bmi160_set_intr_double_tap                            
00003d03  bmi160_set_intr_edge_ctrl                             
00003241  bmi160_set_intr_enable_0                              
000036a9  bmi160_set_intr_enable_1                              
00003a4b  bmi160_set_intr_enable_2                              
0000541f  bmi160_set_intr_fifo_full                             
000055ab  bmi160_set_intr_fifo_wm                               
00005103  bmi160_set_intr_flat                                  
00006f59  bmi160_set_intr_flat_hold                             
00007037  bmi160_set_intr_flat_hyst                             
00006e7f  bmi160_set_intr_flat_theta                            
00004783  bmi160_set_intr_high_g                                
00005e87  bmi160_set_intr_high_g_durn                           
00005dc1  bmi160_set_intr_high_g_hyst                           
00005f0d  bmi160_set_intr_high_g_thres                          
00003e8f  bmi160_set_intr_level                                 
0000459b  bmi160_set_intr_low_g                                 
00005b0b  bmi160_set_intr_low_g_durn                            
00005c17  bmi160_set_intr_low_g_hyst                            
00005ce7  bmi160_set_intr_low_g_mode                            
00005b91  bmi160_set_intr_low_g_thres                           
00005959  bmi160_set_intr_low_high_source                       
00005a33  bmi160_set_intr_motion_source                         
00004ac7  bmi160_set_intr_nomotion                              
00004f71  bmi160_set_intr_orient                                
00006da7  bmi160_set_intr_orient_axes_enable                    
00006a4f  bmi160_set_intr_orient_blocking                       
00006b29  bmi160_set_intr_orient_hyst                           
00006975  bmi160_set_intr_orient_mode                           
00006bef  bmi160_set_intr_orient_theta                          
00006ccd  bmi160_set_intr_orient_ud_enable                      
00004021  bmi160_set_intr_output_type                           
0000528b  bmi160_set_intr_pmu_trig                              
000064c7  bmi160_set_intr_significant_motion_proof              
00006313  bmi160_set_intr_significant_motion_select             
000063ed  bmi160_set_intr_significant_motion_skip               
00004de5  bmi160_set_intr_single_tap                            
00006061  bmi160_set_intr_slow_no_motion_durn                   
00006233  bmi160_set_intr_slow_no_motion_select                 
000061ad  bmi160_set_intr_slow_no_motion_thres                  
0000659f  bmi160_set_intr_tap_durn                              
000067d1  bmi160_set_intr_tap_quiet                             
000066f7  bmi160_set_intr_tap_shock                             
0000587b  bmi160_set_intr_tap_source                            
000068a9  bmi160_set_intr_tap_thres                             
000042ef  bmi160_set_latch_intr                                 
00002cfb  bmi160_set_mag_burst                                  
00002e8f  bmi160_set_mag_manual_enable                          
00002dc3  bmi160_set_mag_offset                                 
0000206b  bmi160_set_mag_output_data_rate                       
00002f65  bmi160_set_mag_read_addr                              
00002feb  bmi160_set_mag_write_addr                             
00003071  bmi160_set_mag_write_data                             
000087b9  bmi160_set_nvm_counter                                
00007b0b  bmi160_set_nvm_prog_enable                            
000041ad  bmi160_set_output_enable                              
000098d7  bmi160_set_paging_enable                              
000099b1  bmi160_set_pullup_configuration                       
000086f1  bmi160_set_spare0_trim                                
00007be3  bmi160_set_spi3                                       
00008625  bmi160_set_spi_enable                                 
0000930d  bmi160_set_step_config                                
0000946f  bmi160_set_step_counter_enable                        
00003bf3  bmi160_set_step_detector_enable                       
000094fb  bmi160_set_step_mode                                  
000097fd  bmi160_set_target_page                                
00010c49  bmi160_spi_bus_read                                   
00010c67  bmi160_spi_bus_write                                  
000002cd  bmi160_write_reg                                      
00017a07  copysign                                              
00017a07  copysignl                                             
20006853  deleteMode                                            
2000685c  errno                                                 
00016ed9  floor                                                 
00016ed9  floorl                                                
20000000  g_pfnRAMVectors                                       
00000000  g_pfnVectors                                          
20005948  gyro_fifo                                             
200062e6  gyroxyz                                               
00010a9b  i2c_routine                                           
00016205  itoa                                                  
00016ccd  ldexp                                                 
00016ccd  ldexpl                                                
00015459  log                                                   
00015459  logl                                                  
20005cb4  mag_fifo                                              
0001631d  main                                                  
000172b1  memcpy                                                
00017581  memset                                                
20006850  numberOfBalls                                         
000118d1  pow                                                   
000118d1  powl                                                  
0001790d  rand                                                  
000167ed  readFIFO                                              
200062ac  s_bmi160                                              
00016ccd  scalbn                                                
00016ccd  scalbnl                                               
20006304  sensorMutex                                           
00016ba5  sensorOpt3001Enable                                   
00016b99  sensorOpt3001Init                                     
00016bf3  sensorOpt3001Read                                     
00016c37  sensorOpt3001Test                                     
00015f43  sensorTmp007Enable                                    
00015f41  sensorTmp007Init                                      
00015ff3  sensorTmp007Read                                      
00016125  sensorTmp007Test                                      
00013ddf  sleep                                                 
00010abd  spi_routine                                           
00016909  sqrt                                                  
00016909  sqrtl                                                 
00017a39  strcpy                                                
20006852  tapFlag                                               
20006310  v_fifo_data_u8                                        
00016869  writeFIFO                                             
2000684c  xAccel                                                
2000684e  yAccel                                                


GLOBAL SYMBOLS: SORTED BY Symbol Address 

address   name                                                  
-------   ----                                                  
00000000  __TI_static_base__                                    
00000000  g_pfnVectors                                          
00000200  __STACK_SIZE                                          
0000026d  bmi160_init                                           
000002cd  bmi160_write_reg                                      
00000311  bmi160_read_reg                                       
00000355  bmi160_get_fatal_err                                  
000003a1  bmi160_get_err_code                                   
000003ef  bmi160_get_i2c_fail_err                               
0000043d  bmi160_get_drop_cmd_err                               
0000048b  bmi160_get_mag_dada_rdy_err                           
000004d9  bmi160_get_error_status                               
00000569  bmi160_get_mag_power_mode_stat                        
000005bb  bmi160_get_gyro_power_mode_stat                       
00000609  bmi160_get_accel_power_mode_stat                      
00000657  bmi160_read_mag_x                                     
00000705  bmi160_read_mag_y                                     
000007b3  bmi160_read_mag_z                                     
00000861  bmi160_read_mag_r                                     
000008cb  bmi160_read_mag_xyz                                   
000009d5  bmi160_read_mag_xyzr                                  
00000a91  bmi160_read_gyro_x                                    
00000ae5  bmi160_read_gyro_y                                    
00000b39  bmi160_read_gyro_z                                    
00000b8d  bmi160_read_gyro_xyz                                  
00000c05  bmi160_read_accel_x                                   
00000c59  bmi160_read_accel_y                                   
00000cad  bmi160_read_accel_z                                   
00000d01  bmi160_read_accel_xyz                                 
00000d75  bmi160_get_sensor_time                                
00000dd1  bmi160_get_gyro_selftest                              
[...]
00013641  I2CMasterBusy                                         
00013659  I2CMasterBusBusy                                      
00013671  I2CMasterControl                                      
00013683  I2CMasterErr                                          
000136af  I2CMasterDataPut                                      
000136c5  I2CMasterDataGet                                      
000136d3  I2CMasterTimeoutSet                                   
000136e5  I2CSlaveACKOverride                                   
00013717  I2CSlaveACKValueSet                                   
00013749  I2CSlaveStatus                                        
00013759  I2CSlaveDataPut                                       
00013771  I2CSlaveDataGet                                       
00013781  I2CTxFIFOConfigSet                                    
000137a9  I2CTxFIFOFlush                                        
000137c1  I2CRxFIFOConfigSet                                    
000137e9  I2CRxFIFOFlush                                        
00013801  I2CFIFOStatus                                         
00013811  I2CFIFODataPut                                        
00013833  I2CFIFODataPutNonBlocking                             
0001385b  I2CFIFODataGet                                        
00013875  I2CFIFODataGetNonBlocking                             
0001389b  I2CMasterBurstLengthSet                               
000138b1  I2CMasterBurstCountGet                                
000138bf  I2CMasterGlitchFilterConfigSet                        
0001390d  I2CSlaveFIFOEnable                                    
00013925  I2CSlaveFIFODisable                                   
00013937  I2CLoopbackEnable                                     
0001396d  G8RTOS_Scheduler                                      
000139c9  SysTick_Handler                                       
00013a85  G8RTOS_Init                                           
00013adf  G8RTOS_Launch                                         
00013b69  G8RTOS_AddThread                                      
00013ca9  G8RTOS_AddPeriodicEvent                               
00013d85  G8RTOS_AddAPeriodicEvent                              
00013ddf  sleep                                                 
00013e09  G8RTOS_GetThreadId                                    
00013e21  G8RTOS_KillThread                                     
00013efd  G8RTOS_KillSelf                                       
00013f11  GetNumberOfThreads                                    
00013f2d  G8RTOS_KillAllThreads                                 
00013fff  UARTParityModeSet                                     
0001401b  UARTParityModeGet                                     
0001402d  UARTFIFOLevelSet                                      
00014045  UARTFIFOLevelGet                                      
0001406d  UARTConfigSetExpClk                                   
000140e3  UARTConfigGetExpClk                                   
0001412f  UARTEnable                                            
00014153  UARTDisable                                           
0001417d  UARTFIFOEnable                                        
00014193  UARTFIFODisable                                       
000141a9  UARTEnableSIR                                         
000141d7  UARTDisableSIR                                        
000141ed  UARTSmartCardEnable                                   
0001421f  UARTSmartCardDisable                                  
00014235  UARTModemControlSet                                   
0001426d  UARTModemControlClear                                 
00014291  UARTModemControlGet                                   
000142a3  UARTModemStatusGet                                    
000142b7  UARTFlowControlSet                                    
000142d3  UARTFlowControlGet                                    
000142e5  UARTTxIntModeSet                                      
00014301  UARTTxIntModeGet                                      
00014313  UARTCharsAvail                                        
00014331  UARTSpaceAvail                                        
0001434f  UARTCharGetNonBlocking                                
0001436b  UARTCharGet                                           
00014381  UARTCharPutNonBlocking                                
000143a5  UARTCharPut                                           
000143c3  UARTBreakCtl                                          
000143ed  UARTBusy                                              
0001440b  UARTIntRegister                                       
00014429  UARTIntUnregister                                     
00014449  UARTIntEnable                                         
00014461  UARTIntDisable                                        
00014479  UARTIntStatus                                         
00014497  UARTIntClear                                          
000144a9  UARTDMAEnable                                         
000144c1  UARTDMADisable                                        
000144d9  UARTRxErrorGet                                        
000144eb  UARTRxErrorClear                                      
000144fb  UARTClockSourceSet                                    
0001450f  UARTClockSourceGet                                    
0001451f  UART9BitEnable                                        
00014535  UART9BitDisable                                       
0001454b  UART9BitAddrSet                                       
00014571  UART9BitAddrSend                                      
000145b9  UARTLoopbackEnable                                    
000145cf  _nop                                                  
000145d1  IdleThread                                            
000145d3  LCD_tap                                               
000145ed  WaitForTap                                            
00014691  ReadAccel                                             
000146cd  BallThread                                            
00014ba9  UARTStdioConfig                                       
00014bef  UARTwrite                                             
00014c3f  UARTgets                                              
00014cf9  UARTgetc                                              
00014d21  UARTvprintf                                           
0001501b  UARTprintf                                            
00015051  bme280_data_readout_template                          
0001513d  bme280_initialize_sensor                              
00015193  I2C_routine                                           
000151af  SPI_routine                                           
000151c5  BME280_I2C_bus_write                                  
00015203  BME280_I2C_bus_read                                   
00015345  BME280_SPI_bus_read                                   
000153ab  BME280_SPI_bus_write                                  
0001541b  BME280_delay_msek                                     
00015459  log                                                   
00015459  logl                                                  
0001581f  IntMasterEnable                                       
0001582f  IntMasterDisable                                      
0001583f  IntRegister                                           
00015891  IntUnregister                                         
000158a5  IntPriorityGroupingSet                                
000158bf  IntPriorityGroupingGet                                
000158f7  IntPrioritySet                                        
00015947  IntPriorityGet                                        
0001596b  IntEnable                                             
000159dd  IntDisable                                            
00015a4f  IntIsEnabled                                          
00015ad5  IntPendSet                                            
00015b45  IntPendClear                                          
00015b93  IntPriorityMaskSet                                    
00015b9f  IntPriorityMaskGet                                    
00015ba7  IntTrigger                                            
00015c3b  SSIConfigSetExpClk                                    
00015cb5  SSIEnable                                             
00015ccb  SSIDisable                                            
00015ce1  SSIIntRegister                                        
00015cff  SSIIntUnregister                                      
00015d19  SSIIntEnable                                          
00015d31  SSIIntDisable                                         
00015d49  SSIIntStatus                                          
00015d67  SSIIntClear                                           
00015d79  SSIDataPut                                            
00015d93  SSIDataPutNonBlocking                                 
00015db3  SSIDataGet                                            
00015dcf  SSIDataGetNonBlocking                                 
00015df1  SSIDMAEnable                                          
00015e09  SSIDMADisable                                         
00015e21  SSIBusy                                               
00015e3f  SSIClockSourceSet                                     
00015e53  SSIClockSourceGet                                     
00015e63  SSIAdvModeSet                                         
00015e95  SSIAdvDataPutFrameEnd                                 
00015ebb  SSIAdvDataPutFrameEndNonBlocking                      
00015ee7  SSIAdvFrameHoldEnable                                 
00015efd  SSIAdvFrameHoldDisable                                
00015f13  SSILoopbackEnable                                     
00015f29  SSILoopbackDisable                                    
00015f3f  __aeabi_idiv0                                         
00015f3f  __aeabi_ldiv0                                         
00015f41  sensorTmp007Init                                      
00015f43  sensorTmp007Enable                                    
00015ff3  sensorTmp007Read                                      
00016125  sensorTmp007Test                                      
00016205  itoa                                                  
0001631d  main                                                  
00016425  InitializeLEDI2C                                      
00016471  InitializeSensorI2C                                   
000164b3  SetSlaveAddress                                       
000164c9  StartTransmission                                     
000164ef  ContinueTransmission                                  
00016515  EndTransmission                                       
00016523  SignalMasterReceive                                   
0001655f  StartReceive                                          
0001658f  EndReceive                                            
000165e1  __aeabi_dsub                                          
000165eb  __aeabi_dadd                                          
00016799  G8RTOS_InitFIFO                                       
000167ed  readFIFO                                              
00016869  writeFIFO                                             
00016909  sqrt                                                  
00016909  sqrtl                                                 
00016a61  __aeabi_ddiv                                          
00016b99  sensorOpt3001Init                                     
00016ba5  sensorOpt3001Enable                                   
00016bf3  sensorOpt3001Read                                     
00016c37  sensorOpt3001Test                                     
00016ccd  ldexp                                                 
00016ccd  ldexpl                                                
00016ccd  scalbn                                                
00016ccd  scalbnl                                               
00016ddd  __aeabi_dmul                                          
00016ed9  floor                                                 
00016ed9  floorl                                                
00016fd1  Joystick_Init_Without_Interrupt                       
0001701d  Joystick_Push_Button_Init_With_Interrupt              
00017053  Disable_Joystick_Interrupt                            
00017067  GetJoystickCoordinates                                
00017095  PortEIntHandler                                       
000170c1  G8RTOS_InitSemaphore                                  
000170df  G8RTOS_WaitSemaphore                                  
00017117  G8RTOS_SignalSemaphore                                
00017169  PutChar                                               
0001724d  InitializeBoard                                       
000172b1  __aeabi_memcpy                                        
000172b1  __aeabi_memcpy4                                       
000172b1  __aeabi_memcpy8                                       
000172b1  memcpy                                                
0001734d  __aeabi_uldivmod                                      
000173e5  SysTickEnable                                         
000173f1  SysTickDisable                                        
000173fd  SysTickIntRegister                                    
00017415  SysTickIntUnregister                                  
00017429  SysTickIntEnable                                      
00017435  SysTickIntDisable                                     
00017441  SysTickPeriodSet                                      
00017453  SysTickPeriodGet                                      
0001745b  SysTickValueGet                                       
0001746d  __aeabi_cdcmpeq                                       
0001746d  __aeabi_cdcmple                                       
000174f3  __aeabi_cdrcmple                                      
00017579  __aeabi_memclr                                        
00017579  __aeabi_memclr4                                       
00017579  __aeabi_memclr8                                       
0001757b  __aeabi_memset                                        
0001757b  __aeabi_memset4                                       
0001757b  __aeabi_memset8                                       
00017581  memset                                                
000175f3  __aeabi_ldivmod                                       
00017661  __TI_decompress_lzss                                  
000176c9  __aeabi_d2iz                                          
00017711  LCD_WriteData                                         
00017755  __TI_auto_init_nobinit_nopinit                        
00017799  GetASCIICode                                          
000177dd  G8RTOS_Start                                          
000177eb  PendSV_Handler                                        
00017819  LCD_WriteIndex                                        
00017859  __aeabi_uidiv                                         
00017859  __aeabi_uidivmod                                      
00017899  CPUcpsid                                              
000178a5  CPUprimask                                            
000178af  CPUcpsie                                              
000178bb  CPUwfi                                                
000178bf  CPUbasepriSet                                         
000178cd  CPUbasepriGet                                         
000178d9  _c_int00_noargs                                       
0001790d  rand                                                  
00017941  __aeabi_i2d                                           
0001796f  LCD_SetCursor                                         
00017999  LCD_Write_Data_Only                                   
000179c1  DelayMs                                               
000179e7  __aeabi_ui2d                                          
00017a07  copysign                                              
00017a07  copysignl                                             
00017a21  __aeabi_lmul                                          
00017a39  strcpy                                                
00017a4d  StartCriticalSection                                  
00017a55  EndCriticalSection                                    
00017a5b  __TI_decompress_none                                  
00017a69  __TI_zero_init                                        
00017a75  ResetISR                                              
00017a81  __aeabi_errno_addr                                    
00017a89  SysCtlDelay                                           
00017a8f  SysDelay                                              
00017a95  _system_pre_init                                      
00017a99  C$$EXIT                                               
00017a99  abort                                                 
00018804  __TI_Handler_Table_Base                               
00018810  __TI_Handler_Table_Limit                              
00018820  __TI_CINIT_Base                                       
00018838  __TI_CINIT_Limit                                      
20000000  __start___llvm_prf_cnts                               
20000000  __stop___llvm_prf_cnts                                
20000000  g_pfnRAMVectors                                       
200055dc  accel_fifo                                            
20005948  gyro_fifo                                             
20005cb4  mag_fifo                                              
20006270  bme280                                                
200062ac  s_bmi160                                              
200062e0  accelxyz                                              
200062e6  gyroxyz                                               
200062f4  CurrentlyRunningThread                                
200062f8  IBit_State                                            
200062fc  LCDMutex                                              
20006300  SystemTime                                            
20006304  sensorMutex                                           
20006310  v_fifo_data_u8                                        
20006710  ballThreads                                           
2000683c  _lock                                                 
20006840  _unlock                                               
20006844  V_bmm150_maual_auto_condition_u8                      
20006848  V_fifo_time_U32                                       
2000684c  xAccel                                                
2000684e  yAccel                                                
20006850  numberOfBalls                                         
20006852  tapFlag                                               
20006853  deleteMode                                            
2000685c  errno                                                 
20006868  __stack                                               
20006a68  __STACK_END                                           
20006a68  __STACK_TOP                                           
ffffffff  __TI_pprof_out_hndl                                   
ffffffff  __TI_prof_data_size                                   
ffffffff  __TI_prof_data_start                                  
ffffffff  __binit__                                             
ffffffff  __c_args__                                            
ffffffff  binit                                                 
UNDEFED   __mpu_init                                            
UNDEFED   _system_post_cinit                                    

[862 symbols]
